Archive member included to satisfy reference by file (symbol)

e:/gcc-arm-none-eabi-10.3-2021.10-win32/gcc-arm-none-eabi-10.3-2021.10/bin/../lib/gcc/arm-none-eabi/10.3.1/thumb/v7-m/nofp\libgcc.a(_arm_muldf3.o)
                              CMakeFiles/Demo2_2TaskInfo.elf.dir/Core/Src/lcd.c.obj (__aeabi_dmul)
e:/gcc-arm-none-eabi-10.3-2021.10-win32/gcc-arm-none-eabi-10.3-2021.10/bin/../lib/gcc/arm-none-eabi/10.3.1/thumb/v7-m/nofp\libgcc.a(_arm_addsubdf3.o)
                              CMakeFiles/Demo2_2TaskInfo.elf.dir/Core/Src/lcd.c.obj (__aeabi_i2d)
e:/gcc-arm-none-eabi-10.3-2021.10-win32/gcc-arm-none-eabi-10.3-2021.10/bin/../lib/gcc/arm-none-eabi/10.3.1/thumb/v7-m/nofp\libgcc.a(_arm_fixunsdfsi.o)
                              CMakeFiles/Demo2_2TaskInfo.elf.dir/Core/Src/lcd.c.obj (__aeabi_d2uiz)
e:/gcc-arm-none-eabi-10.3-2021.10-win32/gcc-arm-none-eabi-10.3-2021.10/bin/../lib/gcc/arm-none-eabi/10.3.1/../../../../arm-none-eabi/lib/thumb/v7-m/nofp\libg.a(lib_a-errno.o)
                              CMakeFiles/Demo2_2TaskInfo.elf.dir/Core/Src/syscalls.c.obj (__errno)
e:/gcc-arm-none-eabi-10.3-2021.10-win32/gcc-arm-none-eabi-10.3-2021.10/bin/../lib/gcc/arm-none-eabi/10.3.1/../../../../arm-none-eabi/lib/thumb/v7-m/nofp\libg.a(lib_a-exit.o)
                              e:/gcc-arm-none-eabi-10.3-2021.10-win32/gcc-arm-none-eabi-10.3-2021.10/bin/../lib/gcc/arm-none-eabi/10.3.1/../../../../arm-none-eabi/lib/thumb/v7-m/nofp/crt0.o (exit)
e:/gcc-arm-none-eabi-10.3-2021.10-win32/gcc-arm-none-eabi-10.3-2021.10/bin/../lib/gcc/arm-none-eabi/10.3.1/../../../../arm-none-eabi/lib/thumb/v7-m/nofp\libg.a(lib_a-impure.o)
                              e:/gcc-arm-none-eabi-10.3-2021.10-win32/gcc-arm-none-eabi-10.3-2021.10/bin/../lib/gcc/arm-none-eabi/10.3.1/../../../../arm-none-eabi/lib/thumb/v7-m/nofp\libg.a(lib_a-exit.o) (_global_impure_ptr)
e:/gcc-arm-none-eabi-10.3-2021.10-win32/gcc-arm-none-eabi-10.3-2021.10/bin/../lib/gcc/arm-none-eabi/10.3.1/../../../../arm-none-eabi/lib/thumb/v7-m/nofp\libg.a(lib_a-init.o)
                              e:/gcc-arm-none-eabi-10.3-2021.10-win32/gcc-arm-none-eabi-10.3-2021.10/bin/../lib/gcc/arm-none-eabi/10.3.1/../../../../arm-none-eabi/lib/thumb/v7-m/nofp/crt0.o (__libc_init_array)
e:/gcc-arm-none-eabi-10.3-2021.10-win32/gcc-arm-none-eabi-10.3-2021.10/bin/../lib/gcc/arm-none-eabi/10.3.1/../../../../arm-none-eabi/lib/thumb/v7-m/nofp\libg.a(lib_a-memcpy.o)
                              CMakeFiles/Demo2_2TaskInfo.elf.dir/Middlewares/Third_Party/FreeRTOS/Source/CMSIS_RTOS_V2/cmsis_os2.c.obj (memcpy)
e:/gcc-arm-none-eabi-10.3-2021.10-win32/gcc-arm-none-eabi-10.3-2021.10/bin/../lib/gcc/arm-none-eabi/10.3.1/../../../../arm-none-eabi/lib/thumb/v7-m/nofp\libg.a(lib_a-memset.o)
                              e:/gcc-arm-none-eabi-10.3-2021.10-win32/gcc-arm-none-eabi-10.3-2021.10/bin/../lib/gcc/arm-none-eabi/10.3.1/../../../../arm-none-eabi/lib/thumb/v7-m/nofp/crt0.o (memset)
e:/gcc-arm-none-eabi-10.3-2021.10-win32/gcc-arm-none-eabi-10.3-2021.10/bin/../lib/gcc/arm-none-eabi/10.3.1/../../../../arm-none-eabi/lib/thumb/v7-m/nofp\libg.a(lib_a-sprintf.o)
                              CMakeFiles/Demo2_2TaskInfo.elf.dir/Core/Src/freertos.c.obj (sprintf)
e:/gcc-arm-none-eabi-10.3-2021.10-win32/gcc-arm-none-eabi-10.3-2021.10/bin/../lib/gcc/arm-none-eabi/10.3.1/../../../../arm-none-eabi/lib/thumb/v7-m/nofp\libg.a(lib_a-svfprintf.o)
                              e:/gcc-arm-none-eabi-10.3-2021.10-win32/gcc-arm-none-eabi-10.3-2021.10/bin/../lib/gcc/arm-none-eabi/10.3.1/../../../../arm-none-eabi/lib/thumb/v7-m/nofp\libg.a(lib_a-sprintf.o) (_svfprintf_r)
e:/gcc-arm-none-eabi-10.3-2021.10-win32/gcc-arm-none-eabi-10.3-2021.10/bin/../lib/gcc/arm-none-eabi/10.3.1/../../../../arm-none-eabi/lib/thumb/v7-m/nofp\libg.a(lib_a-__call_atexit.o)
                              e:/gcc-arm-none-eabi-10.3-2021.10-win32/gcc-arm-none-eabi-10.3-2021.10/bin/../lib/gcc/arm-none-eabi/10.3.1/../../../../arm-none-eabi/lib/thumb/v7-m/nofp\libg.a(lib_a-exit.o) (__call_exitprocs)
e:/gcc-arm-none-eabi-10.3-2021.10-win32/gcc-arm-none-eabi-10.3-2021.10/bin/../lib/gcc/arm-none-eabi/10.3.1/../../../../arm-none-eabi/lib/thumb/v7-m/nofp\libg.a(lib_a-atexit.o)
                              e:/gcc-arm-none-eabi-10.3-2021.10-win32/gcc-arm-none-eabi-10.3-2021.10/bin/../lib/gcc/arm-none-eabi/10.3.1/../../../../arm-none-eabi/lib/thumb/v7-m/nofp\libg.a(lib_a-__call_atexit.o) (atexit)
e:/gcc-arm-none-eabi-10.3-2021.10-win32/gcc-arm-none-eabi-10.3-2021.10/bin/../lib/gcc/arm-none-eabi/10.3.1/../../../../arm-none-eabi/lib/thumb/v7-m/nofp\libg.a(lib_a-dtoa.o)
                              e:/gcc-arm-none-eabi-10.3-2021.10-win32/gcc-arm-none-eabi-10.3-2021.10/bin/../lib/gcc/arm-none-eabi/10.3.1/../../../../arm-none-eabi/lib/thumb/v7-m/nofp\libg.a(lib_a-svfprintf.o) (_dtoa_r)
e:/gcc-arm-none-eabi-10.3-2021.10-win32/gcc-arm-none-eabi-10.3-2021.10/bin/../lib/gcc/arm-none-eabi/10.3.1/../../../../arm-none-eabi/lib/thumb/v7-m/nofp\libg.a(lib_a-fini.o)
[...]
Memory Configuration

Name             Origin             Length             Attributes
RAM              0x20000000         0x0000c000         xrw
FLASH            0x08000000         0x00040000         xr
*default*        0x00000000         0xffffffff

Linker script and memory map

LOAD e:/gcc-arm-none-eabi-10.3-2021.10-win32/gcc-arm-none-eabi-10.3-2021.10/bin/../lib/gcc/arm-none-eabi/10.3.1/thumb/v7-m/nofp/crti.o
LOAD e:/gcc-arm-none-eabi-10.3-2021.10-win32/gcc-arm-none-eabi-10.3-2021.10/bin/../lib/gcc/arm-none-eabi/10.3.1/thumb/v7-m/nofp/crtbegin.o
LOAD e:/gcc-arm-none-eabi-10.3-2021.10-win32/gcc-arm-none-eabi-10.3-2021.10/bin/../lib/gcc/arm-none-eabi/10.3.1/../../../../arm-none-eabi/lib/thumb/v7-m/nofp/crt0.o
LOAD CMakeFiles/Demo2_2TaskInfo.elf.dir/Core/Src/adc.c.obj
LOAD CMakeFiles/Demo2_2TaskInfo.elf.dir/Core/Src/freertos.c.obj
LOAD CMakeFiles/Demo2_2TaskInfo.elf.dir/Core/Src/gpio.c.obj
LOAD CMakeFiles/Demo2_2TaskInfo.elf.dir/Core/Src/lcd.c.obj
LOAD CMakeFiles/Demo2_2TaskInfo.elf.dir/Core/Src/main.c.obj
LOAD CMakeFiles/Demo2_2TaskInfo.elf.dir/Core/Src/stm32f1xx_hal_msp.c.obj
LOAD CMakeFiles/Demo2_2TaskInfo.elf.dir/Core/Src/stm32f1xx_hal_timebase_tim.c.obj
LOAD CMakeFiles/Demo2_2TaskInfo.elf.dir/Core/Src/stm32f1xx_it.c.obj
LOAD CMakeFiles/Demo2_2TaskInfo.elf.dir/Core/Src/sys.c.obj
LOAD CMakeFiles/Demo2_2TaskInfo.elf.dir/Core/Src/syscalls.c.obj
LOAD CMakeFiles/Demo2_2TaskInfo.elf.dir/Core/Src/system_stm32f1xx.c.obj
LOAD CMakeFiles/Demo2_2TaskInfo.elf.dir/Drivers/STM32F1xx_HAL_Driver/Src/stm32f1xx_hal.c.obj
LOAD CMakeFiles/Demo2_2TaskInfo.elf.dir/Drivers/STM32F1xx_HAL_Driver/Src/stm32f1xx_hal_adc.c.obj
LOAD CMakeFiles/Demo2_2TaskInfo.elf.dir/Drivers/STM32F1xx_HAL_Driver/Src/stm32f1xx_hal_adc_ex.c.obj
LOAD CMakeFiles/Demo2_2TaskInfo.elf.dir/Drivers/STM32F1xx_HAL_Driver/Src/stm32f1xx_hal_cortex.c.obj
LOAD CMakeFiles/Demo2_2TaskInfo.elf.dir/Drivers/STM32F1xx_HAL_Driver/Src/stm32f1xx_hal_dma.c.obj
LOAD CMakeFiles/Demo2_2TaskInfo.elf.dir/Drivers/STM32F1xx_HAL_Driver/Src/stm32f1xx_hal_exti.c.obj
LOAD CMakeFiles/Demo2_2TaskInfo.elf.dir/Drivers/STM32F1xx_HAL_Driver/Src/stm32f1xx_hal_flash.c.obj
LOAD CMakeFiles/Demo2_2TaskInfo.elf.dir/Drivers/STM32F1xx_HAL_Driver/Src/stm32f1xx_hal_flash_ex.c.obj
LOAD CMakeFiles/Demo2_2TaskInfo.elf.dir/Drivers/STM32F1xx_HAL_Driver/Src/stm32f1xx_hal_gpio.c.obj
LOAD CMakeFiles/Demo2_2TaskInfo.elf.dir/Drivers/STM32F1xx_HAL_Driver/Src/stm32f1xx_hal_gpio_ex.c.obj
LOAD CMakeFiles/Demo2_2TaskInfo.elf.dir/Drivers/STM32F1xx_HAL_Driver/Src/stm32f1xx_hal_pwr.c.obj
LOAD CMakeFiles/Demo2_2TaskInfo.elf.dir/Drivers/STM32F1xx_HAL_Driver/Src/stm32f1xx_hal_rcc.c.obj
LOAD CMakeFiles/Demo2_2TaskInfo.elf.dir/Drivers/STM32F1xx_HAL_Driver/Src/stm32f1xx_hal_rcc_ex.c.obj
LOAD CMakeFiles/Demo2_2TaskInfo.elf.dir/Drivers/STM32F1xx_HAL_Driver/Src/stm32f1xx_hal_tim.c.obj
LOAD CMakeFiles/Demo2_2TaskInfo.elf.dir/Drivers/STM32F1xx_HAL_Driver/Src/stm32f1xx_hal_tim_ex.c.obj
LOAD CMakeFiles/Demo2_2TaskInfo.elf.dir/Middlewares/Third_Party/FreeRTOS/Source/CMSIS_RTOS_V2/cmsis_os2.c.obj
LOAD CMakeFiles/Demo2_2TaskInfo.elf.dir/Middlewares/Third_Party/FreeRTOS/Source/croutine.c.obj
LOAD CMakeFiles/Demo2_2TaskInfo.elf.dir/Middlewares/Third_Party/FreeRTOS/Source/event_groups.c.obj
LOAD CMakeFiles/Demo2_2TaskInfo.elf.dir/Middlewares/Third_Party/FreeRTOS/Source/list.c.obj
LOAD CMakeFiles/Demo2_2TaskInfo.elf.dir/Middlewares/Third_Party/FreeRTOS/Source/portable/GCC/ARM_CM3/port.c.obj
LOAD CMakeFiles/Demo2_2TaskInfo.elf.dir/Middlewares/Third_Party/FreeRTOS/Source/portable/MemMang/heap_4.c.obj
LOAD CMakeFiles/Demo2_2TaskInfo.elf.dir/Middlewares/Third_Party/FreeRTOS/Source/queue.c.obj
LOAD CMakeFiles/Demo2_2TaskInfo.elf.dir/Middlewares/Third_Party/FreeRTOS/Source/stream_buffer.c.obj
LOAD CMakeFiles/Demo2_2TaskInfo.elf.dir/Middlewares/Third_Party/FreeRTOS/Source/tasks.c.obj
LOAD CMakeFiles/Demo2_2TaskInfo.elf.dir/Middlewares/Third_Party/FreeRTOS/Source/timers.c.obj
LOAD CMakeFiles/Demo2_2TaskInfo.elf.dir/startup/startup_stm32f103xe.s.obj
START GROUP
LOAD e:/gcc-arm-none-eabi-10.3-2021.10-win32/gcc-arm-none-eabi-10.3-2021.10/bin/../lib/gcc/arm-none-eabi/10.3.1/thumb/v7-m/nofp\libgcc.a
LOAD e:/gcc-arm-none-eabi-10.3-2021.10-win32/gcc-arm-none-eabi-10.3-2021.10/bin/../lib/gcc/arm-none-eabi/10.3.1/../../../../arm-none-eabi/lib/thumb/v7-m/nofp\libg.a
LOAD e:/gcc-arm-none-eabi-10.3-2021.10-win32/gcc-arm-none-eabi-10.3-2021.10/bin/../lib/gcc/arm-none-eabi/10.3.1/../../../../arm-none-eabi/lib/thumb/v7-m/nofp\libc.a
END GROUP
LOAD e:/gcc-arm-none-eabi-10.3-2021.10-win32/gcc-arm-none-eabi-10.3-2021.10/bin/../lib/gcc/arm-none-eabi/10.3.1/thumb/v7-m/nofp/crtend.o
LOAD e:/gcc-arm-none-eabi-10.3-2021.10-win32/gcc-arm-none-eabi-10.3-2021.10/bin/../lib/gcc/arm-none-eabi/10.3.1/thumb/v7-m/nofp/crtn.o
                0x2000c000                _estack = (ORIGIN (RAM) + LENGTH (RAM))
                0x00000200                _Min_Heap_Size = 0x200
                0x00000400                _Min_Stack_Size = 0x400

.isr_vector     0x08000000      0x1e4
                0x08000000                . = ALIGN (0x4)
 *(.isr_vector)
 .isr_vector    0x08000000      0x1e4 CMakeFiles/Demo2_2TaskInfo.elf.dir/startup/startup_stm32f103xe.s.obj
                0x08000000                g_pfnVectors
                0x080001e4                . = ALIGN (0x4)

.text           0x080001f0     0xd8c8
                0x080001f0                . = ALIGN (0x4)
 *(.text)
 .text          0x080001f0       0x40 e:/gcc-arm-none-eabi-10.3-2021.10-win32/gcc-arm-none-eabi-10.3-2021.10/bin/../lib/gcc/arm-none-eabi/10.3.1/thumb/v7-m/nofp/crtbegin.o
 .text          0x08000230      0x378 e:/gcc-arm-none-eabi-10.3-2021.10-win32/gcc-arm-none-eabi-10.3-2021.10/bin/../lib/gcc/arm-none-eabi/10.3.1/thumb/v7-m/nofp\libgcc.a(_arm_addsubdf3.o)
                0x08000230                __aeabi_drsub
                0x08000238                __aeabi_dsub
                0x08000238                __subdf3
                0x0800023c                __aeabi_dadd
                0x0800023c                __adddf3
                0x080004b4                __floatunsidf
                0x080004b4                __aeabi_ui2d
                0x080004d4                __floatsidf
                0x080004d4                __aeabi_i2d
                0x080004f8                __aeabi_f2d
                0x080004f8                __extendsfdf2
                0x0800053c                __floatundidf
                0x0800053c                __aeabi_ul2d
                0x0800054c                __floatdidf
                0x0800054c                __aeabi_l2d
 .text          0x080005a8       0x40 e:/gcc-arm-none-eabi-10.3-2021.10-win32/gcc-arm-none-eabi-10.3-2021.10/bin/../lib/gcc/arm-none-eabi/10.3.1/thumb/v7-m/nofp\libgcc.a(_arm_fixunsdfsi.o)
                0x080005a8                __aeabi_d2uiz
                0x080005a8                __fixunsdfsi
 .text          0x080005e8       0xec e:/gcc-arm-none-eabi-10.3-2021.10-win32/gcc-arm-none-eabi-10.3-2021.10/bin/../lib/gcc/arm-none-eabi/10.3.1/../../../../arm-none-eabi/lib/thumb/v7-m/nofp\libg.a(lib_a-memcpy.o)
                0x080005e8                memcpy
 .text          0x080006d4      0x424 e:/gcc-arm-none-eabi-10.3-2021.10-win32/gcc-arm-none-eabi-10.3-2021.10/bin/../lib/gcc/arm-none-eabi/10.3.1/thumb/v7-m/nofp\libgcc.a(_arm_muldivdf3.o)
                0x080006d4                __aeabi_dmul
                0x080006d4                __muldf3
                0x08000928                __divdf3
                0x08000928                __aeabi_ddiv
 .text          0x08000af8      0x110 e:/gcc-arm-none-eabi-10.3-2021.10-win32/gcc-arm-none-eabi-10.3-2021.10/bin/../lib/gcc/arm-none-eabi/10.3.1/thumb/v7-m/nofp\libgcc.a(_arm_cmpdf2.o)
                0x08000af8                __gtdf2
                0x08000af8                __gedf2
                0x08000b00                __ltdf2
                0x08000b00                __ledf2
                0x08000b08                __nedf2
                0x08000b08                __eqdf2
                0x08000b08                __cmpdf2
                0x08000b84                __aeabi_cdrcmple
                0x08000b94                __aeabi_cdcmpeq
                0x08000b94                __aeabi_cdcmple
                0x08000ba4                __aeabi_dcmpeq
                0x08000bb8                __aeabi_dcmplt
                0x08000bcc                __aeabi_dcmple
                0x08000be0                __aeabi_dcmpge
                0x08000bf4                __aeabi_dcmpgt
 .text          0x08000c08       0x2c e:/gcc-arm-none-eabi-10.3-2021.10-win32/gcc-arm-none-eabi-10.3-2021.10/bin/../lib/gcc/arm-none-eabi/10.3.1/thumb/v7-m/nofp\libgcc.a(_arm_unorddf2.o)
                0x08000c08                __unorddf2
                0x08000c08                __aeabi_dcmpun
 .text          0x08000c34       0x50 e:/gcc-arm-none-eabi-10.3-2021.10-win32/gcc-arm-none-eabi-10.3-2021.10/bin/../lib/gcc/arm-none-eabi/10.3.1/thumb/v7-m/nofp\libgcc.a(_arm_fixdfsi.o)
                0x08000c34                __aeabi_d2iz
                0x08000c34                __fixdfsi
 .text          0x08000c84       0x30 e:/gcc-arm-none-eabi-10.3-2021.10-win32/gcc-arm-none-eabi-10.3-2021.10/bin/../lib/gcc/arm-none-eabi/10.3.1/thumb/v7-m/nofp\libgcc.a(_aeabi_uldivmod.o)
                0x08000c84                __aeabi_uldivmod
 .text          0x08000cb4      0x2d4 e:/gcc-arm-none-eabi-10.3-2021.10-win32/gcc-arm-none-eabi-10.3-2021.10/bin/../lib/gcc/arm-none-eabi/10.3.1/thumb/v7-m/nofp\libgcc.a(_udivmoddi4.o)
                0x08000cb4                __udivmoddi4
 .text          0x08000f88        0x4 e:/gcc-arm-none-eabi-10.3-2021.10-win32/gcc-arm-none-eabi-10.3-2021.10/bin/../lib/gcc/arm-none-eabi/10.3.1/thumb/v7-m/nofp\libgcc.a(_dvmd_tls.o)
                0x08000f88                __aeabi_idiv0
                0x08000f88                __aeabi_ldiv0
 *(.text*)
 .text.MX_ADC1_Init
                0x08000f8c       0x58 CMakeFiles/Demo2_2TaskInfo.elf.dir/Core/Src/adc.c.obj
                0x08000f8c                MX_ADC1_Init
 .text.HAL_ADC_MspInit
                0x08000fe4       0x60 CMakeFiles/Demo2_2TaskInfo.elf.dir/Core/Src/adc.c.obj
                0x08000fe4                HAL_ADC_MspInit
 .text.App_ADC  0x08001044       0x90 CMakeFiles/Demo2_2TaskInfo.elf.dir/Core/Src/freertos.c.obj
                0x08001044                App_ADC
 .text.App_Info
                0x080010d4       0xf0 CMakeFiles/Demo2_2TaskInfo.elf.dir/Core/Src/freertos.c.obj
                0x080010d4                App_Info
 .text.MX_FREERTOS_Init
                0x080011c4       0x38 CMakeFiles/Demo2_2TaskInfo.elf.dir/Core/Src/freertos.c.obj
                0x080011c4                MX_FREERTOS_Init
 .text.MX_GPIO_Init
                0x080011fc       0xa0 CMakeFiles/Demo2_2TaskInfo.elf.dir/Core/Src/gpio.c.obj
                0x080011fc                MX_GPIO_Init
 .text.LCD_WR_REG
                0x0800129c       0x24 CMakeFiles/Demo2_2TaskInfo.elf.dir/Core/Src/lcd.c.obj
                0x0800129c                LCD_WR_REG
 .text.LCD_WR_DATAX
                0x080012c0       0x24 CMakeFiles/Demo2_2TaskInfo.elf.dir/Core/Src/lcd.c.obj
                0x080012c0                LCD_WR_DATAX
 .text.LCD_RD_DATA
                0x080012e4       0x48 CMakeFiles/Demo2_2TaskInfo.elf.dir/Core/Src/lcd.c.obj
                0x080012e4                LCD_RD_DATA
 .text.LCD_WriteReg
                0x0800132c       0x2c CMakeFiles/Demo2_2TaskInfo.elf.dir/Core/Src/lcd.c.obj
                0x0800132c                LCD_WriteReg
 .text.LCD_WriteRAM_Prepare
                0x08001358       0x10 CMakeFiles/Demo2_2TaskInfo.elf.dir/Core/Src/lcd.c.obj
                0x08001358                LCD_WriteRAM_Prepare
 .text.LCD_SetCursor
                0x08001368      0x250 CMakeFiles/Demo2_2TaskInfo.elf.dir/Core/Src/lcd.c.obj
                0x08001368                LCD_SetCursor
 .text.LCD_Scan_Dir
                0x080015b8      0x2c0 CMakeFiles/Demo2_2TaskInfo.elf.dir/Core/Src/lcd.c.obj
                0x080015b8                LCD_Scan_Dir
 .text.LCD_Fast_DrawPoint
                0x08001878      0x25c CMakeFiles/Demo2_2TaskInfo.elf.dir/Core/Src/lcd.c.obj
                0x08001878                LCD_Fast_DrawPoint
 *fill*         0x08001ad4        0x4 
 .text.LCD_SSD_BackLightSet
                0x08001ad8       0xa0 CMakeFiles/Demo2_2TaskInfo.elf.dir/Core/Src/lcd.c.obj
                0x08001ad8                LCD_SSD_BackLightSet
 .text.LCD_Display_Dir
                0x08001b78      0x118 CMakeFiles/Demo2_2TaskInfo.elf.dir/Core/Src/lcd.c.obj
                0x08001b78                LCD_Display_Dir
 .text.LCD_Clear
                0x08001c90       0x4c CMakeFiles/Demo2_2TaskInfo.elf.dir/Core/Src/lcd.c.obj
                0x08001c90                LCD_Clear
 .text.LCD_Init
                0x08001cdc     0x2714 CMakeFiles/Demo2_2TaskInfo.elf.dir/Core/Src/lcd.c.obj
                0x08001cdc                LCD_Init
 .text.LCD_ShowChar
                0x080043f0       0xf8 CMakeFiles/Demo2_2TaskInfo.elf.dir/Core/Src/lcd.c.obj
                0x080043f0                LCD_ShowChar
 .text.LCD_ShowString
                0x080044e8       0x5a CMakeFiles/Demo2_2TaskInfo.elf.dir/Core/Src/lcd.c.obj
                0x080044e8                LCD_ShowString
 *fill*         0x08004542        0x2 
 .text.HAL_TIM_PeriodElapsedCallback
                0x08004544       0x18 CMakeFiles/Demo2_2TaskInfo.elf.dir/Core/Src/main.c.obj
                0x08004544                HAL_TIM_PeriodElapsedCallback
 .text.Error_Handler
                0x0800455c        0x4 CMakeFiles/Demo2_2TaskInfo.elf.dir/Core/Src/main.c.obj
                0x0800455c                Error_Handler
 .text.SystemClock_Config
                0x08004560       0x86 CMakeFiles/Demo2_2TaskInfo.elf.dir/Core/Src/main.c.obj
                0x08004560                SystemClock_Config
 *fill*         0x080045e6        0x2 
 .text.main     0x080045e8       0x48 CMakeFiles/Demo2_2TaskInfo.elf.dir/Core/Src/main.c.obj
                0x080045e8                main
 .text.HAL_MspInit
                0x08004630       0x54 CMakeFiles/Demo2_2TaskInfo.elf.dir/Core/Src/stm32f1xx_hal_msp.c.obj
                0x08004630                HAL_MspInit
 .text.HAL_InitTick
                0x08004684       0x7c CMakeFiles/Demo2_2TaskInfo.elf.dir/Core/Src/stm32f1xx_hal_timebase_tim.c.obj
                0x08004684                HAL_InitTick
 .text.NMI_Handler
                0x08004700        0x2 CMakeFiles/Demo2_2TaskInfo.elf.dir/Core/Src/stm32f1xx_it.c.obj
                0x08004700                NMI_Handler
 .text.HardFault_Handler
                0x08004702        0x2 CMakeFiles/Demo2_2TaskInfo.elf.dir/Core/Src/stm32f1xx_it.c.obj
                0x08004702                HardFault_Handler
 .text.MemManage_Handler
                0x08004704        0x2 CMakeFiles/Demo2_2TaskInfo.elf.dir/Core/Src/stm32f1xx_it.c.obj
                0x08004704                MemManage_Handler
 .text.BusFault_Handler
                0x08004706        0x2 CMakeFiles/Demo2_2TaskInfo.elf.dir/Core/Src/stm32f1xx_it.c.obj
                0x08004706                BusFault_Handler
 .text.UsageFault_Handler
                0x08004708        0x2 CMakeFiles/Demo2_2TaskInfo.elf.dir/Core/Src/stm32f1xx_it.c.obj
                0x08004708                UsageFault_Handler
 .text.DebugMon_Handler
                0x0800470a        0x2 CMakeFiles/Demo2_2TaskInfo.elf.dir/Core/Src/stm32f1xx_it.c.obj
                0x0800470a                DebugMon_Handler
 .text.TIM6_IRQHandler
                0x0800470c       0x10 CMakeFiles/Demo2_2TaskInfo.elf.dir/Core/Src/stm32f1xx_it.c.obj
                0x0800470c                TIM6_IRQHandler
 .text._getpid  0x0800471c        0x4 CMakeFiles/Demo2_2TaskInfo.elf.dir/Core/Src/syscalls.c.obj
                0x0800471c                _getpid
 .text._kill    0x08004720       0x10 CMakeFiles/Demo2_2TaskInfo.elf.dir/Core/Src/syscalls.c.obj
                0x08004720                _kill
 .text._exit    0x08004730        0xc CMakeFiles/Demo2_2TaskInfo.elf.dir/Core/Src/syscalls.c.obj
                0x08004730                _exit
 .text._read    0x0800473c       0x20 CMakeFiles/Demo2_2TaskInfo.elf.dir/Core/Src/syscalls.c.obj
                0x0800473c                _read
 .text._write   0x0800475c       0x1c CMakeFiles/Demo2_2TaskInfo.elf.dir/Core/Src/syscalls.c.obj
                0x0800475c                _write
 .text._sbrk    0x08004778       0x3c CMakeFiles/Demo2_2TaskInfo.elf.dir/Core/Src/syscalls.c.obj
                0x08004778                _sbrk
 .text._close   0x080047b4        0x6 CMakeFiles/Demo2_2TaskInfo.elf.dir/Core/Src/syscalls.c.obj
                0x080047b4                _close
 .text._fstat   0x080047ba        0xa CMakeFiles/Demo2_2TaskInfo.elf.dir/Core/Src/syscalls.c.obj
                0x080047ba                _fstat
 .text._isatty  0x080047c4        0x4 CMakeFiles/Demo2_2TaskInfo.elf.dir/Core/Src/syscalls.c.obj
                0x080047c4                _isatty
 .text._lseek   0x080047c8        0x4 CMakeFiles/Demo2_2TaskInfo.elf.dir/Core/Src/syscalls.c.obj
                0x080047c8                _lseek
 .text.SystemInit
                0x080047cc        0x2 CMakeFiles/Demo2_2TaskInfo.elf.dir/Core/Src/system_stm32f1xx.c.obj
                0x080047cc                SystemInit
 *fill*         0x080047ce        0x2 
 .text.HAL_Init
                0x080047d0       0x24 CMakeFiles/Demo2_2TaskInfo.elf.dir/Drivers/STM32F1xx_HAL_Driver/Src/stm32f1xx_hal.c.obj
                0x080047d0                HAL_Init
 .text.HAL_IncTick
                0x080047f4       0x18 CMakeFiles/Demo2_2TaskInfo.elf.dir/Drivers/STM32F1xx_HAL_Driver/Src/stm32f1xx_hal.c.obj
                0x080047f4                HAL_IncTick
 .text.HAL_GetTick
                0x0800480c        0xc CMakeFiles/Demo2_2TaskInfo.elf.dir/Drivers/STM32F1xx_HAL_Driver/Src/stm32f1xx_hal.c.obj
                0x0800480c                HAL_GetTick
 .text.HAL_Delay
                0x08004818       0x28 CMakeFiles/Demo2_2TaskInfo.elf.dir/Drivers/STM32F1xx_HAL_Driver/Src/stm32f1xx_hal.c.obj
                0x08004818                HAL_Delay
 .text.HAL_ADC_PollForConversion
                0x08004840      0x184 CMakeFiles/Demo2_2TaskInfo.elf.dir/Drivers/STM32F1xx_HAL_Driver/Src/stm32f1xx_hal_adc.c.obj
                0x08004840                HAL_ADC_PollForConversion
 .text.HAL_ADC_GetValue
                0x080049c4        0x6 CMakeFiles/Demo2_2TaskInfo.elf.dir/Drivers/STM32F1xx_HAL_Driver/Src/stm32f1xx_hal_adc.c.obj
                0x080049c4                HAL_ADC_GetValue
 *fill*         0x080049ca        0x2 
 .text.HAL_ADC_ConfigChannel
                0x080049cc      0x144 CMakeFiles/Demo2_2TaskInfo.elf.dir/Drivers/STM32F1xx_HAL_Driver/Src/stm32f1xx_hal_adc.c.obj
                0x080049cc                HAL_ADC_ConfigChannel
 .text.ADC_Enable
                0x08004b10       0x88 CMakeFiles/Demo2_2TaskInfo.elf.dir/Drivers/STM32F1xx_HAL_Driver/Src/stm32f1xx_hal_adc.c.obj
                0x08004b10                ADC_Enable
 .text.HAL_ADC_Start
                0x08004b98       0xe8 CMakeFiles/Demo2_2TaskInfo.elf.dir/Drivers/STM32F1xx_HAL_Driver/Src/stm32f1xx_hal_adc.c.obj
                0x08004b98                HAL_ADC_Start
 .text.ADC_ConversionStop_Disable
                0x08004c80       0x56 CMakeFiles/Demo2_2TaskInfo.elf.dir/Drivers/STM32F1xx_HAL_Driver/Src/stm32f1xx_hal_adc.c.obj
                0x08004c80                ADC_ConversionStop_Disable
 *fill*         0x08004cd6        0x2 
 .text.HAL_ADC_Init
                0x08004cd8      0x128 CMakeFiles/Demo2_2TaskInfo.elf.dir/Drivers/STM32F1xx_HAL_Driver/Src/stm32f1xx_hal_adc.c.obj
                0x08004cd8                HAL_ADC_Init
 .text.HAL_NVIC_SetPriorityGrouping
                0x08004e00       0x24 CMakeFiles/Demo2_2TaskInfo.elf.dir/Drivers/STM32F1xx_HAL_Driver/Src/stm32f1xx_hal_cortex.c.obj
                0x08004e00                HAL_NVIC_SetPriorityGrouping
 .text.HAL_NVIC_SetPriority
                0x08004e24       0x70 CMakeFiles/Demo2_2TaskInfo.elf.dir/Drivers/STM32F1xx_HAL_Driver/Src/stm32f1xx_hal_cortex.c.obj
                0x08004e24                HAL_NVIC_SetPriority
 .text.HAL_NVIC_EnableIRQ
                0x08004e94       0x1c CMakeFiles/Demo2_2TaskInfo.elf.dir/Drivers/STM32F1xx_HAL_Driver/Src/stm32f1xx_hal_cortex.c.obj
                0x08004e94                HAL_NVIC_EnableIRQ
 .text.HAL_GPIO_Init
                0x08004eb0      0x240 CMakeFiles/Demo2_2TaskInfo.elf.dir/Drivers/STM32F1xx_HAL_Driver/Src/stm32f1xx_hal_gpio.c.obj
                0x08004eb0                HAL_GPIO_Init
 .text.HAL_GPIO_WritePin
                0x080050f0        0xc CMakeFiles/Demo2_2TaskInfo.elf.dir/Drivers/STM32F1xx_HAL_Driver/Src/stm32f1xx_hal_gpio.c.obj
                0x080050f0                HAL_GPIO_WritePin
 .text.HAL_GPIO_TogglePin
                0x080050fc       0x12 CMakeFiles/Demo2_2TaskInfo.elf.dir/Drivers/STM32F1xx_HAL_Driver/Src/stm32f1xx_hal_gpio.c.obj
                0x080050fc                HAL_GPIO_TogglePin
 *fill*         0x0800510e        0x2 
 .text.RCC_Delay
                0x08005110       0x2c CMakeFiles/Demo2_2TaskInfo.elf.dir/Drivers/STM32F1xx_HAL_Driver/Src/stm32f1xx_hal_rcc.c.obj
 .text.HAL_RCC_OscConfig
                0x0800513c      0x410 CMakeFiles/Demo2_2TaskInfo.elf.dir/Drivers/STM32F1xx_HAL_Driver/Src/stm32f1xx_hal_rcc.c.obj
                0x0800513c                HAL_RCC_OscConfig
 .text.HAL_RCC_GetSysClockFreq
                0x0800554c       0x70 CMakeFiles/Demo2_2TaskInfo.elf.dir/Drivers/STM32F1xx_HAL_Driver/Src/stm32f1xx_hal_rcc.c.obj
                0x0800554c                HAL_RCC_GetSysClockFreq
 .text.HAL_RCC_ClockConfig
                0x080055bc      0x16c CMakeFiles/Demo2_2TaskInfo.elf.dir/Drivers/STM32F1xx_HAL_Driver/Src/stm32f1xx_hal_rcc.c.obj
                0x080055bc                HAL_RCC_ClockConfig
 .text.HAL_RCC_GetHCLKFreq
                0x08005728        0xc CMakeFiles/Demo2_2TaskInfo.elf.dir/Drivers/STM32F1xx_HAL_Driver/Src/stm32f1xx_hal_rcc.c.obj
                0x08005728                HAL_RCC_GetHCLKFreq
 .text.HAL_RCC_GetPCLK1Freq
                0x08005734       0x20 CMakeFiles/Demo2_2TaskInfo.elf.dir/Drivers/STM32F1xx_HAL_Driver/Src/stm32f1xx_hal_rcc.c.obj
                0x08005734                HAL_RCC_GetPCLK1Freq
 .text.HAL_RCC_GetPCLK2Freq
                0x08005754       0x20 CMakeFiles/Demo2_2TaskInfo.elf.dir/Drivers/STM32F1xx_HAL_Driver/Src/stm32f1xx_hal_rcc.c.obj
                0x08005754                HAL_RCC_GetPCLK2Freq
 .text.HAL_RCC_GetClockConfig
                0x08005774       0x3c CMakeFiles/Demo2_2TaskInfo.elf.dir/Drivers/STM32F1xx_HAL_Driver/Src/stm32f1xx_hal_rcc.c.obj
                0x08005774                HAL_RCC_GetClockConfig
 .text.HAL_RCCEx_PeriphCLKConfig
                0x080057b0      0x118 CMakeFiles/Demo2_2TaskInfo.elf.dir/Drivers/STM32F1xx_HAL_Driver/Src/stm32f1xx_hal_rcc_ex.c.obj
                0x080057b0                HAL_RCCEx_PeriphCLKConfig
 .text.HAL_RCCEx_GetPeriphCLKFreq
                0x080058c8      0x114 CMakeFiles/Demo2_2TaskInfo.elf.dir/Drivers/STM32F1xx_HAL_Driver/Src/stm32f1xx_hal_rcc_ex.c.obj
                0x080058c8                HAL_RCCEx_GetPeriphCLKFreq
 .text.HAL_TIM_Base_MspInit
                0x080059dc        0x2 CMakeFiles/Demo2_2TaskInfo.elf.dir/Drivers/STM32F1xx_HAL_Driver/Src/stm32f1xx_hal_tim.c.obj
                0x080059dc                HAL_TIM_Base_MspInit
 *fill*         0x080059de        0x2 
 .text.HAL_TIM_Base_Start_IT
                0x080059e0       0x78 CMakeFiles/Demo2_2TaskInfo.elf.dir/Drivers/STM32F1xx_HAL_Driver/Src/stm32f1xx_hal_tim.c.obj
                0x080059e0                HAL_TIM_Base_Start_IT
 .text.HAL_TIM_OC_DelayElapsedCallback
                0x08005a58        0x2 CMakeFiles/Demo2_2TaskInfo.elf.dir/Drivers/STM32F1xx_HAL_Driver/Src/stm32f1xx_hal_tim.c.obj
                0x08005a58                HAL_TIM_OC_DelayElapsedCallback
 .text.HAL_TIM_IC_CaptureCallback
                0x08005a5a        0x2 CMakeFiles/Demo2_2TaskInfo.elf.dir/Drivers/STM32F1xx_HAL_Driver/Src/stm32f1xx_hal_tim.c.obj
                0x08005a5a                HAL_TIM_IC_CaptureCallback
 .text.HAL_TIM_PWM_PulseFinishedCallback
                0x08005a5c        0x2 CMakeFiles/Demo2_2TaskInfo.elf.dir/Drivers/STM32F1xx_HAL_Driver/Src/stm32f1xx_hal_tim.c.obj
                0x08005a5c                HAL_TIM_PWM_PulseFinishedCallback
 .text.HAL_TIM_TriggerCallback
                0x08005a5e        0x2 CMakeFiles/Demo2_2TaskInfo.elf.dir/Drivers/STM32F1xx_HAL_Driver/Src/stm32f1xx_hal_tim.c.obj
                0x08005a5e                HAL_TIM_TriggerCallback
 .text.HAL_TIM_IRQHandler
                0x08005a60      0x17a CMakeFiles/Demo2_2TaskInfo.elf.dir/Drivers/STM32F1xx_HAL_Driver/Src/stm32f1xx_hal_tim.c.obj
                0x08005a60                HAL_TIM_IRQHandler
 *fill*         0x08005bda        0x2 
 .text.TIM_Base_SetConfig
                0x08005bdc       0x98 CMakeFiles/Demo2_2TaskInfo.elf.dir/Drivers/STM32F1xx_HAL_Driver/Src/stm32f1xx_hal_tim.c.obj
                0x08005bdc                TIM_Base_SetConfig
 .text.HAL_TIM_Base_Init
                0x08005c74       0x58 CMakeFiles/Demo2_2TaskInfo.elf.dir/Drivers/STM32F1xx_HAL_Driver/Src/stm32f1xx_hal_tim.c.obj
                0x08005c74                HAL_TIM_Base_Init
 .text.HAL_TIMEx_CommutCallback
                0x08005ccc        0x2 CMakeFiles/Demo2_2TaskInfo.elf.dir/Drivers/STM32F1xx_HAL_Driver/Src/stm32f1xx_hal_tim_ex.c.obj
                0x08005ccc                HAL_TIMEx_CommutCallback
 .text.HAL_TIMEx_BreakCallback
                0x08005cce        0x2 CMakeFiles/Demo2_2TaskInfo.elf.dir/Drivers/STM32F1xx_HAL_Driver/Src/stm32f1xx_hal_tim_ex.c.obj
                0x08005cce                HAL_TIMEx_BreakCallback
 .text.osKernelInitialize
                0x08005cd0       0x44 CMakeFiles/Demo2_2TaskInfo.elf.dir/Middlewares/Third_Party/FreeRTOS/Source/CMSIS_RTOS_V2/cmsis_os2.c.obj
                0x08005cd0                osKernelInitialize
 .text.osKernelStart
                0x08005d14       0x4c CMakeFiles/Demo2_2TaskInfo.elf.dir/Middlewares/Third_Party/FreeRTOS/Source/CMSIS_RTOS_V2/cmsis_os2.c.obj
                0x08005d14                osKernelStart
 .text.osThreadNew
                0x08005d60       0xec CMakeFiles/Demo2_2TaskInfo.elf.dir/Middlewares/Third_Party/FreeRTOS/Source/CMSIS_RTOS_V2/cmsis_os2.c.obj
                0x08005d60                osThreadNew
 .text.vApplicationGetIdleTaskMemory
                0x08005e4c       0x18 CMakeFiles/Demo2_2TaskInfo.elf.dir/Middlewares/Third_Party/FreeRTOS/Source/CMSIS_RTOS_V2/cmsis_os2.c.obj
                0x08005e4c                vApplicationGetIdleTaskMemory
 .text.vApplicationGetTimerTaskMemory
                0x08005e64       0x18 CMakeFiles/Demo2_2TaskInfo.elf.dir/Middlewares/Third_Party/FreeRTOS/Source/CMSIS_RTOS_V2/cmsis_os2.c.obj
                0x08005e64                vApplicationGetTimerTaskMemory
 .text.vListInitialise
                0x08005e7c       0x16 CMakeFiles/Demo2_2TaskInfo.elf.dir/Middlewares/Third_Party/FreeRTOS/Source/list.c.obj
                0x08005e7c                vListInitialise
 .text.vListInitialiseItem
                0x08005e92        0x6 CMakeFiles/Demo2_2TaskInfo.elf.dir/Middlewares/Third_Party/FreeRTOS/Source/list.c.obj
                0x08005e92                vListInitialiseItem
 .text.vListInsertEnd
                0x08005e98       0x16 CMakeFiles/Demo2_2TaskInfo.elf.dir/Middlewares/Third_Party/FreeRTOS/Source/list.c.obj
                0x08005e98                vListInsertEnd
 .text.vListInsert
                0x08005eae       0x32 CMakeFiles/Demo2_2TaskInfo.elf.dir/Middlewares/Third_Party/FreeRTOS/Source/list.c.obj
                0x08005eae                vListInsert
 .text.uxListRemove
                0x08005ee0       0x26 CMakeFiles/Demo2_2TaskInfo.elf.dir/Middlewares/Third_Party/FreeRTOS/Source/list.c.obj
                0x08005ee0                uxListRemove
 *fill*         0x08005f06        0x2 
 .text.prvTaskExitError
                0x08005f08       0x40 CMakeFiles/Demo2_2TaskInfo.elf.dir/Middlewares/Third_Party/FreeRTOS/Source/portable/GCC/ARM_CM3/port.c.obj
 .text.prvPortStartFirstTask
                0x08005f48       0x20 CMakeFiles/Demo2_2TaskInfo.elf.dir/Middlewares/Third_Party/FreeRTOS/Source/portable/GCC/ARM_CM3/port.c.obj
 .text.pxPortInitialiseStack
                0x08005f68       0x24 CMakeFiles/Demo2_2TaskInfo.elf.dir/Middlewares/Third_Party/FreeRTOS/Source/portable/GCC/ARM_CM3/port.c.obj
                0x08005f68                pxPortInitialiseStack
 *fill*         0x08005f8c        0x4 
 .text.SVC_Handler
                0x08005f90       0x24 CMakeFiles/Demo2_2TaskInfo.elf.dir/Middlewares/Third_Party/FreeRTOS/Source/portable/GCC/ARM_CM3/port.c.obj
                0x08005f90                SVC_Handler
 .text.vPortEnterCritical
                0x08005fb4       0x44 CMakeFiles/Demo2_2TaskInfo.elf.dir/Middlewares/Third_Party/FreeRTOS/Source/portable/GCC/ARM_CM3/port.c.obj
                0x08005fb4                vPortEnterCritical
 .text.vPortExitCritical
                0x08005ff8       0x2c CMakeFiles/Demo2_2TaskInfo.elf.dir/Middlewares/Third_Party/FreeRTOS/Source/portable/GCC/ARM_CM3/port.c.obj
                0x08005ff8                vPortExitCritical
 *fill*         0x08006024        0xc 
 .text.PendSV_Handler
                0x08006030       0x44 CMakeFiles/Demo2_2TaskInfo.elf.dir/Middlewares/Third_Party/FreeRTOS/Source/portable/GCC/ARM_CM3/port.c.obj
                0x08006030                PendSV_Handler
 .text.SysTick_Handler
                0x08006074       0x2c CMakeFiles/Demo2_2TaskInfo.elf.dir/Middlewares/Third_Party/FreeRTOS/Source/portable/GCC/ARM_CM3/port.c.obj
                0x08006074                SysTick_Handler
 .text.vPortSetupTimerInterrupt
                0x080060a0       0x28 CMakeFiles/Demo2_2TaskInfo.elf.dir/Middlewares/Third_Party/FreeRTOS/Source/portable/GCC/ARM_CM3/port.c.obj
                0x080060a0                vPortSetupTimerInterrupt
 .text.xPortStartScheduler
                0x080060c8       0xc0 CMakeFiles/Demo2_2TaskInfo.elf.dir/Middlewares/Third_Party/FreeRTOS/Source/portable/GCC/ARM_CM3/port.c.obj
                0x080060c8                xPortStartScheduler
 .text.vPortValidateInterruptPriority
                0x08006188       0x5c CMakeFiles/Demo2_2TaskInfo.elf.dir/Middlewares/Third_Party/FreeRTOS/Source/portable/GCC/ARM_CM3/port.c.obj
                0x08006188                vPortValidateInterruptPriority
 .text.prvHeapInit
                0x080061e4       0x64 CMakeFiles/Demo2_2TaskInfo.elf.dir/Middlewares/Third_Party/FreeRTOS/Source/portable/MemMang/heap_4.c.obj
 .text.prvInsertBlockIntoFreeList
                0x08006248       0x60 CMakeFiles/Demo2_2TaskInfo.elf.dir/Middlewares/Third_Party/FreeRTOS/Source/portable/MemMang/heap_4.c.obj
 .text.pvPortMalloc
                0x080062a8       0xf0 CMakeFiles/Demo2_2TaskInfo.elf.dir/Middlewares/Third_Party/FreeRTOS/Source/portable/MemMang/heap_4.c.obj
                0x080062a8                pvPortMalloc
 .text.vPortFree
                0x08006398       0x70 CMakeFiles/Demo2_2TaskInfo.elf.dir/Middlewares/Third_Party/FreeRTOS/Source/portable/MemMang/heap_4.c.obj
                0x08006398                vPortFree
 .text.prvIsQueueFull
                0x08006408       0x1e CMakeFiles/Demo2_2TaskInfo.elf.dir/Middlewares/Third_Party/FreeRTOS/Source/queue.c.obj
 .text.prvIsQueueEmpty
                0x08006426       0x1a CMakeFiles/Demo2_2TaskInfo.elf.dir/Middlewares/Third_Party/FreeRTOS/Source/queue.c.obj
 .text.prvCopyDataToQueue
                0x08006440       0x76 CMakeFiles/Demo2_2TaskInfo.elf.dir/Middlewares/Third_Party/FreeRTOS/Source/queue.c.obj
 .text.prvCopyDataFromQueue
                0x080064b6       0x24 CMakeFiles/Demo2_2TaskInfo.elf.dir/Middlewares/Third_Party/FreeRTOS/Source/queue.c.obj
 .text.prvUnlockQueue
                0x080064da       0x6e CMakeFiles/Demo2_2TaskInfo.elf.dir/Middlewares/Third_Party/FreeRTOS/Source/queue.c.obj
 .text.xQueueGenericReset
                0x08006548       0x84 CMakeFiles/Demo2_2TaskInfo.elf.dir/Middlewares/Third_Party/FreeRTOS/Source/queue.c.obj
                0x08006548                xQueueGenericReset
 .text.prvInitialiseNewQueue
                0x080065cc       0x22 CMakeFiles/Demo2_2TaskInfo.elf.dir/Middlewares/Third_Party/FreeRTOS/Source/queue.c.obj
 .text.xQueueGenericCreateStatic
                0x080065ee       0x92 CMakeFiles/Demo2_2TaskInfo.elf.dir/Middlewares/Third_Party/FreeRTOS/Source/queue.c.obj
                0x080065ee                xQueueGenericCreateStatic
 .text.xQueueGenericSend
                0x08006680      0x188 CMakeFiles/Demo2_2TaskInfo.elf.dir/Middlewares/Third_Party/FreeRTOS/Source/queue.c.obj
                0x08006680                xQueueGenericSend
 .text.xQueueGenericSendFromISR
                0x08006808       0xcc CMakeFiles/Demo2_2TaskInfo.elf.dir/Middlewares/Third_Party/FreeRTOS/Source/queue.c.obj
                0x08006808                xQueueGenericSendFromISR
 .text.xQueueReceive
                0x080068d4      0x15e CMakeFiles/Demo2_2TaskInfo.elf.dir/Middlewares/Third_Party/FreeRTOS/Source/queue.c.obj
                0x080068d4                xQueueReceive
 *fill*         0x08006a32        0x2 
 .text.vQueueAddToRegistry
                0x08006a34       0x28 CMakeFiles/Demo2_2TaskInfo.elf.dir/Middlewares/Third_Party/FreeRTOS/Source/queue.c.obj
                0x08006a34                vQueueAddToRegistry
 .text.vQueueWaitForMessageRestricted
                0x08006a5c       0x52 CMakeFiles/Demo2_2TaskInfo.elf.dir/Middlewares/Third_Party/FreeRTOS/Source/queue.c.obj
                0x08006a5c                vQueueWaitForMessageRestricted
 .text.prvTaskCheckFreeStackSpace
                0x08006aae       0x14 CMakeFiles/Demo2_2TaskInfo.elf.dir/Middlewares/Third_Party/FreeRTOS/Source/tasks.c.obj
 *fill*         0x08006ac2        0x2 
 .text.prvResetNextTaskUnblockTime
                0x08006ac4       0x2c CMakeFiles/Demo2_2TaskInfo.elf.dir/Middlewares/Third_Party/FreeRTOS/Source/tasks.c.obj
 .text.prvInitialiseNewTask
                0x08006af0       0x9c CMakeFiles/Demo2_2TaskInfo.elf.dir/Middlewares/Third_Party/FreeRTOS/Source/tasks.c.obj
 .text.prvInitialiseTaskLists
                0x08006b8c       0x68 CMakeFiles/Demo2_2TaskInfo.elf.dir/Middlewares/Third_Party/FreeRTOS/Source/tasks.c.obj
 .text.prvAddNewTaskToReadyList
                0x08006bf4       0xac CMakeFiles/Demo2_2TaskInfo.elf.dir/Middlewares/Third_Party/FreeRTOS/Source/tasks.c.obj
 .text.prvDeleteTCB
                0x08006ca0       0x38 CMakeFiles/Demo2_2TaskInfo.elf.dir/Middlewares/Third_Party/FreeRTOS/Source/tasks.c.obj
 .text.prvCheckTasksWaitingTermination
                0x08006cd8       0x4c CMakeFiles/Demo2_2TaskInfo.elf.dir/Middlewares/Third_Party/FreeRTOS/Source/tasks.c.obj
 .text.prvIdleTask
                0x08006d24       0x28 CMakeFiles/Demo2_2TaskInfo.elf.dir/Middlewares/Third_Party/FreeRTOS/Source/tasks.c.obj
 .text.prvAddCurrentTaskToDelayedList
                0x08006d4c       0x7c CMakeFiles/Demo2_2TaskInfo.elf.dir/Middlewares/Third_Party/FreeRTOS/Source/tasks.c.obj
 .text.xTaskCreateStatic
                0x08006dc8       0x74 CMakeFiles/Demo2_2TaskInfo.elf.dir/Middlewares/Third_Party/FreeRTOS/Source/tasks.c.obj
                0x08006dc8                xTaskCreateStatic
 .text.xTaskCreate
                0x08006e3c       0x68 CMakeFiles/Demo2_2TaskInfo.elf.dir/Middlewares/Third_Party/FreeRTOS/Source/tasks.c.obj
                0x08006e3c                xTaskCreate
 .text.vTaskDelete
                0x08006ea4       0xb8 CMakeFiles/Demo2_2TaskInfo.elf.dir/Middlewares/Third_Party/FreeRTOS/Source/tasks.c.obj
                0x08006ea4                vTaskDelete
 .text.vTaskStartScheduler
                0x08006f5c       0x9c CMakeFiles/Demo2_2TaskInfo.elf.dir/Middlewares/Third_Party/FreeRTOS/Source/tasks.c.obj
                0x08006f5c                vTaskStartScheduler
 .text.vTaskSuspendAll
                0x08006ff8       0x10 CMakeFiles/Demo2_2TaskInfo.elf.dir/Middlewares/Third_Party/FreeRTOS/Source/tasks.c.obj
                0x08006ff8                vTaskSuspendAll
 .text.xTaskGetTickCount
                0x08007008        0xc CMakeFiles/Demo2_2TaskInfo.elf.dir/Middlewares/Third_Party/FreeRTOS/Source/tasks.c.obj
                0x08007008                xTaskGetTickCount
 .text.xTaskIncrementTick
                0x08007014      0x118 CMakeFiles/Demo2_2TaskInfo.elf.dir/Middlewares/Third_Party/FreeRTOS/Source/tasks.c.obj
                0x08007014                xTaskIncrementTick
 .text.xTaskResumeAll
                0x0800712c       0xf8 CMakeFiles/Demo2_2TaskInfo.elf.dir/Middlewares/Third_Party/FreeRTOS/Source/tasks.c.obj
                0x0800712c                xTaskResumeAll
 .text.vTaskDelayUntil
                0x08007224       0xa4 CMakeFiles/Demo2_2TaskInfo.elf.dir/Middlewares/Third_Party/FreeRTOS/Source/tasks.c.obj
                0x08007224                vTaskDelayUntil
 .text.vTaskDelay
                0x080072c8       0x4c CMakeFiles/Demo2_2TaskInfo.elf.dir/Middlewares/Third_Party/FreeRTOS/Source/tasks.c.obj
                0x080072c8                vTaskDelay
 .text.vTaskSwitchContext
                0x08007314       0x94 CMakeFiles/Demo2_2TaskInfo.elf.dir/Middlewares/Third_Party/FreeRTOS/Source/tasks.c.obj
                0x08007314                vTaskSwitchContext
 .text.vTaskPlaceOnEventList
                0x080073a8       0x30 CMakeFiles/Demo2_2TaskInfo.elf.dir/Middlewares/Third_Party/FreeRTOS/Source/tasks.c.obj
                0x080073a8                vTaskPlaceOnEventList
 .text.vTaskPlaceOnEventListRestricted
                0x080073d8       0x38 CMakeFiles/Demo2_2TaskInfo.elf.dir/Middlewares/Third_Party/FreeRTOS/Source/tasks.c.obj
                0x080073d8                vTaskPlaceOnEventListRestricted
 .text.xTaskRemoveFromEventList
                0x08007410       0x8c CMakeFiles/Demo2_2TaskInfo.elf.dir/Middlewares/Third_Party/FreeRTOS/Source/tasks.c.obj
                0x08007410                xTaskRemoveFromEventList
 .text.vTaskInternalSetTimeOutState
                0x0800749c       0x18 CMakeFiles/Demo2_2TaskInfo.elf.dir/Middlewares/Third_Party/FreeRTOS/Source/tasks.c.obj
                0x0800749c                vTaskInternalSetTimeOutState
 .text.xTaskCheckForTimeOut
                0x080074b4       0x84 CMakeFiles/Demo2_2TaskInfo.elf.dir/Middlewares/Third_Party/FreeRTOS/Source/tasks.c.obj
                0x080074b4                xTaskCheckForTimeOut
 .text.vTaskMissedYield
                0x08007538        0xc CMakeFiles/Demo2_2TaskInfo.elf.dir/Middlewares/Third_Party/FreeRTOS/Source/tasks.c.obj
                0x08007538                vTaskMissedYield
 .text.uxTaskGetStackHighWaterMark
                0x08007544       0x18 CMakeFiles/Demo2_2TaskInfo.elf.dir/Middlewares/Third_Party/FreeRTOS/Source/tasks.c.obj
                0x08007544                uxTaskGetStackHighWaterMark
 .text.xTaskGetSchedulerState
                0x0800755c       0x20 CMakeFiles/Demo2_2TaskInfo.elf.dir/Middlewares/Third_Party/FreeRTOS/Source/tasks.c.obj
                0x0800755c                xTaskGetSchedulerState
 .text.xTaskPriorityDisinherit
                0x0800757c       0x90 CMakeFiles/Demo2_2TaskInfo.elf.dir/Middlewares/Third_Party/FreeRTOS/Source/tasks.c.obj
                0x0800757c                xTaskPriorityDisinherit
 .text.prvGetNextExpireTime
                0x0800760c       0x20 CMakeFiles/Demo2_2TaskInfo.elf.dir/Middlewares/Third_Party/FreeRTOS/Source/timers.c.obj
 .text.prvInsertTimerInActiveList
                0x0800762c       0x48 CMakeFiles/Demo2_2TaskInfo.elf.dir/Middlewares/Third_Party/FreeRTOS/Source/timers.c.obj
 .text.prvCheckForValidListAndQueue
                0x08007674       0x70 CMakeFiles/Demo2_2TaskInfo.elf.dir/Middlewares/Third_Party/FreeRTOS/Source/timers.c.obj
 .text.xTimerCreateTimerTask
                0x080076e4       0x64 CMakeFiles/Demo2_2TaskInfo.elf.dir/Middlewares/Third_Party/FreeRTOS/Source/timers.c.obj
                0x080076e4                xTimerCreateTimerTask
 .text.xTimerGenericCommand
                0x08007748       0x6c CMakeFiles/Demo2_2TaskInfo.elf.dir/Middlewares/Third_Party/FreeRTOS/Source/timers.c.obj
                0x08007748                xTimerGenericCommand
 .text.prvSwitchTimerLists
                0x080077b4       0x78 CMakeFiles/Demo2_2TaskInfo.elf.dir/Middlewares/Third_Party/FreeRTOS/Source/timers.c.obj
 .text.prvSampleTimeNow
                0x0800782c       0x2c CMakeFiles/Demo2_2TaskInfo.elf.dir/Middlewares/Third_Party/FreeRTOS/Source/timers.c.obj
 .text.prvProcessExpiredTimer
                0x08007858       0x60 CMakeFiles/Demo2_2TaskInfo.elf.dir/Middlewares/Third_Party/FreeRTOS/Source/timers.c.obj
 .text.prvProcessTimerOrBlockTask
                0x080078b8       0x74 CMakeFiles/Demo2_2TaskInfo.elf.dir/Middlewares/Third_Party/FreeRTOS/Source/timers.c.obj
 .text.prvProcessReceivedCommands
                0x0800792c       0xf8 CMakeFiles/Demo2_2TaskInfo.elf.dir/Middlewares/Third_Party/FreeRTOS/Source/timers.c.obj
 .text.prvTimerTask
                0x08007a24       0x16 CMakeFiles/Demo2_2TaskInfo.elf.dir/Middlewares/Third_Party/FreeRTOS/Source/timers.c.obj
 *fill*         0x08007a3a        0x2 
 .text.Reset_Handler
                0x08007a3c       0x48 CMakeFiles/Demo2_2TaskInfo.elf.dir/startup/startup_stm32f103xe.s.obj
                0x08007a3c                Reset_Handler
 .text.Default_Handler
                0x08007a84        0x2 CMakeFiles/Demo2_2TaskInfo.elf.dir/startup/startup_stm32f103xe.s.obj
                0x08007a84                RTC_Alarm_IRQHandler
                0x08007a84                EXTI2_IRQHandler
                0x08007a84                TIM8_TRG_COM_IRQHandler
                0x08007a84                TIM8_CC_IRQHandler
                0x08007a84                TIM1_CC_IRQHandler
                0x08007a84                PVD_IRQHandler
                0x08007a84                SDIO_IRQHandler
                0x08007a84                EXTI3_IRQHandler
                0x08007a84                EXTI0_IRQHandler
                0x08007a84                I2C2_EV_IRQHandler
                0x08007a84                ADC1_2_IRQHandler
                0x08007a84                SPI1_IRQHandler
                0x08007a84                TAMPER_IRQHandler
                0x08007a84                TIM8_UP_IRQHandler
                0x08007a84                DMA2_Channel2_IRQHandler
                0x08007a84                DMA1_Channel4_IRQHandler
                0x08007a84                USART3_IRQHandler
                0x08007a84                RTC_IRQHandler
                0x08007a84                DMA1_Channel7_IRQHandler
                0x08007a84                CAN1_RX1_IRQHandler
                0x08007a84                UART5_IRQHandler
                0x08007a84                ADC3_IRQHandler
                0x08007a84                TIM4_IRQHandler
                0x08007a84                DMA2_Channel1_IRQHandler
                0x08007a84                I2C1_EV_IRQHandler
                0x08007a84                DMA1_Channel6_IRQHandler
                0x08007a84                UART4_IRQHandler
                0x08007a84                TIM3_IRQHandler
                0x08007a84                RCC_IRQHandler
                0x08007a84                TIM1_TRG_COM_IRQHandler
                0x08007a84                DMA1_Channel1_IRQHandler
                0x08007a84                Default_Handler
                0x08007a84                EXTI15_10_IRQHandler
                0x08007a84                TIM7_IRQHandler
                0x08007a84                TIM5_IRQHandler
                0x08007a84                EXTI9_5_IRQHandler
                0x08007a84                SPI2_IRQHandler
                0x08007a84                DMA1_Channel5_IRQHandler
                0x08007a84                EXTI4_IRQHandler
                0x08007a84                USB_LP_CAN1_RX0_IRQHandler
                0x08007a84                USB_HP_CAN1_TX_IRQHandler
                0x08007a84                DMA1_Channel3_IRQHandler
                0x08007a84                FSMC_IRQHandler
                0x08007a84                TIM1_UP_IRQHandler
                0x08007a84                WWDG_IRQHandler
                0x08007a84                TIM2_IRQHandler
                0x08007a84                TIM1_BRK_IRQHandler
                0x08007a84                EXTI1_IRQHandler
                0x08007a84                DMA2_Channel4_5_IRQHandler
                0x08007a84                USART2_IRQHandler
                0x08007a84                I2C2_ER_IRQHandler
                0x08007a84                DMA1_Channel2_IRQHandler
                0x08007a84                TIM8_BRK_IRQHandler
                0x08007a84                CAN1_SCE_IRQHandler
                0x08007a84                FLASH_IRQHandler
                0x08007a84                USART1_IRQHandler
                0x08007a84                SPI3_IRQHandler
                0x08007a84                I2C1_ER_IRQHandler
                0x08007a84                USBWakeUp_IRQHandler
                0x08007a84                DMA2_Channel3_IRQHandler
 *fill*         0x08007a86        0x2 
 .text.__errno  0x08007a88        0xc e:/gcc-arm-none-eabi-10.3-2021.10-win32/gcc-arm-none-eabi-10.3-2021.10/bin/../lib/gcc/arm-none-eabi/10.3.1/../../../../arm-none-eabi/lib/thumb/v7-m/nofp\libg.a(lib_a-errno.o)
                0x08007a88                __errno
 .text.__libc_init_array
                0x08007a94       0x48 e:/gcc-arm-none-eabi-10.3-2021.10-win32/gcc-arm-none-eabi-10.3-2021.10/bin/../lib/gcc/arm-none-eabi/10.3.1/../../../../arm-none-eabi/lib/thumb/v7-m/nofp\libg.a(lib_a-init.o)
                0x08007a94                __libc_init_array
 .text.memset   0x08007adc       0xa4 e:/gcc-arm-none-eabi-10.3-2021.10-win32/gcc-arm-none-eabi-10.3-2021.10/bin/../lib/gcc/arm-none-eabi/10.3.1/../../../../arm-none-eabi/lib/thumb/v7-m/nofp\libg.a(lib_a-memset.o)
                0x08007adc                memset
 .text.sprintf  0x08007b80       0x44 e:/gcc-arm-none-eabi-10.3-2021.10-win32/gcc-arm-none-eabi-10.3-2021.10/bin/../lib/gcc/arm-none-eabi/10.3.1/../../../../arm-none-eabi/lib/thumb/v7-m/nofp\libg.a(lib_a-sprintf.o)
                0x08007b80                sprintf
 .text._svfprintf_r
                0x08007bc4     0x1aa4 e:/gcc-arm-none-eabi-10.3-2021.10-win32/gcc-arm-none-eabi-10.3-2021.10/bin/../lib/gcc/arm-none-eabi/10.3.1/../../../../arm-none-eabi/lib/thumb/v7-m/nofp\libg.a(lib_a-svfprintf.o)
                0x08007bc4                _svfprintf_r
 .text.startup.register_fini
                0x08009668       0x14 e:/gcc-arm-none-eabi-10.3-2021.10-win32/gcc-arm-none-eabi-10.3-2021.10/bin/../lib/gcc/arm-none-eabi/10.3.1/../../../../arm-none-eabi/lib/thumb/v7-m/nofp\libg.a(lib_a-__call_atexit.o)
 .text.atexit   0x0800967c        0xc e:/gcc-arm-none-eabi-10.3-2021.10-win32/gcc-arm-none-eabi-10.3-2021.10/bin/../lib/gcc/arm-none-eabi/10.3.1/../../../../arm-none-eabi/lib/thumb/v7-m/nofp\libg.a(lib_a-atexit.o)
                0x0800967c                atexit
 .text.quorem   0x08009688      0x12c e:/gcc-arm-none-eabi-10.3-2021.10-win32/gcc-arm-none-eabi-10.3-2021.10/bin/../lib/gcc/arm-none-eabi/10.3.1/../../../../arm-none-eabi/lib/thumb/v7-m/nofp\libg.a(lib_a-dtoa.o)
 *fill*         0x080097b4        0x4 
 .text._dtoa_r  0x080097b8      0xecc e:/gcc-arm-none-eabi-10.3-2021.10-win32/gcc-arm-none-eabi-10.3-2021.10/bin/../lib/gcc/arm-none-eabi/10.3.1/../../../../arm-none-eabi/lib/thumb/v7-m/nofp\libg.a(lib_a-dtoa.o)
                0x080097b8                _dtoa_r
 .text.__libc_fini_array
                0x0800a684       0x2c e:/gcc-arm-none-eabi-10.3-2021.10-win32/gcc-arm-none-eabi-10.3-2021.10/bin/../lib/gcc/arm-none-eabi/10.3.1/../../../../arm-none-eabi/lib/thumb/v7-m/nofp\libg.a(lib_a-fini.o)
                0x0800a684                __libc_fini_array
 .text._malloc_trim_r
                0x0800a6b0       0xa0 e:/gcc-arm-none-eabi-10.3-2021.10-win32/gcc-arm-none-eabi-10.3-2021.10/bin/../lib/gcc/arm-none-eabi/10.3.1/../../../../arm-none-eabi/lib/thumb/v7-m/nofp\libg.a(lib_a-freer.o)
                0x0800a6b0                _malloc_trim_r
 .text._free_r  0x0800a750      0x200 e:/gcc-arm-none-eabi-10.3-2021.10-win32/gcc-arm-none-eabi-10.3-2021.10/bin/../lib/gcc/arm-none-eabi/10.3.1/../../../../arm-none-eabi/lib/thumb/v7-m/nofp\libg.a(lib_a-freer.o)
                0x0800a750                _free_r
 .text._localeconv_r
                0x0800a950        0x8 e:/gcc-arm-none-eabi-10.3-2021.10-win32/gcc-arm-none-eabi-10.3-2021.10/bin/../lib/gcc/arm-none-eabi/10.3.1/../../../../arm-none-eabi/lib/thumb/v7-m/nofp\libg.a(lib_a-localeconv.o)
                0x0800a950                _localeconv_r
 .text.__retarget_lock_init_recursive
                0x0800a958        0x4 e:/gcc-arm-none-eabi-10.3-2021.10-win32/gcc-arm-none-eabi-10.3-2021.10/bin/../lib/gcc/arm-none-eabi/10.3.1/../../../../arm-none-eabi/lib/thumb/v7-m/nofp\libg.a(lib_a-lock.o)
                0x0800a958                __retarget_lock_init_recursive
 .text.__retarget_lock_close_recursive
                0x0800a95c        0x4 e:/gcc-arm-none-eabi-10.3-2021.10-win32/gcc-arm-none-eabi-10.3-2021.10/bin/../lib/gcc/arm-none-eabi/10.3.1/../../../../arm-none-eabi/lib/thumb/v7-m/nofp\libg.a(lib_a-lock.o)
                0x0800a95c                __retarget_lock_close_recursive
 .text.__retarget_lock_acquire_recursive
                0x0800a960        0x4 e:/gcc-arm-none-eabi-10.3-2021.10-win32/gcc-arm-none-eabi-10.3-2021.10/bin/../lib/gcc/arm-none-eabi/10.3.1/../../../../arm-none-eabi/lib/thumb/v7-m/nofp\libg.a(lib_a-lock.o)
                0x0800a960                __retarget_lock_acquire_recursive
 .text.__retarget_lock_release_recursive
                0x0800a964        0x4 e:/gcc-arm-none-eabi-10.3-2021.10-win32/gcc-arm-none-eabi-10.3-2021.10/bin/../lib/gcc/arm-none-eabi/10.3.1/../../../../arm-none-eabi/lib/thumb/v7-m/nofp\libg.a(lib_a-lock.o)
                0x0800a964                __retarget_lock_release_recursive
 .text._malloc_r
                0x0800a968      0x558 e:/gcc-arm-none-eabi-10.3-2021.10-win32/gcc-arm-none-eabi-10.3-2021.10/bin/../lib/gcc/arm-none-eabi/10.3.1/../../../../arm-none-eabi/lib/thumb/v7-m/nofp\libg.a(lib_a-mallocr.o)
                0x0800a968                _malloc_r
 .text.memchr   0x0800aec0       0x90 e:/gcc-arm-none-eabi-10.3-2021.10-win32/gcc-arm-none-eabi-10.3-2021.10/bin/../lib/gcc/arm-none-eabi/10.3.1/../../../../arm-none-eabi/lib/thumb/v7-m/nofp\libg.a(lib_a-memchr-stub.o)
                0x0800aec0                memchr
 .text.__malloc_lock
                0x0800af50        0xc e:/gcc-arm-none-eabi-10.3-2021.10-win32/gcc-arm-none-eabi-10.3-2021.10/bin/../lib/gcc/arm-none-eabi/10.3.1/../../../../arm-none-eabi/lib/thumb/v7-m/nofp\libg.a(lib_a-mlock.o)
                0x0800af50                __malloc_lock
 .text.__malloc_unlock
                0x0800af5c        0xc e:/gcc-arm-none-eabi-10.3-2021.10-win32/gcc-arm-none-eabi-10.3-2021.10/bin/../lib/gcc/arm-none-eabi/10.3.1/../../../../arm-none-eabi/lib/thumb/v7-m/nofp\libg.a(lib_a-mlock.o)
                0x0800af5c                __malloc_unlock
 .text._Balloc  0x0800af68       0x4c e:/gcc-arm-none-eabi-10.3-2021.10-win32/gcc-arm-none-eabi-10.3-2021.10/bin/../lib/gcc/arm-none-eabi/10.3.1/../../../../arm-none-eabi/lib/thumb/v7-m/nofp\libg.a(lib_a-mprec.o)
                0x0800af68                _Balloc
 .text._Bfree   0x0800afb4       0x14 e:/gcc-arm-none-eabi-10.3-2021.10-win32/gcc-arm-none-eabi-10.3-2021.10/bin/../lib/gcc/arm-none-eabi/10.3.1/../../../../arm-none-eabi/lib/thumb/v7-m/nofp\libg.a(lib_a-mprec.o)
                0x0800afb4                _Bfree
 .text.__multadd
                0x0800afc8       0xa4 e:/gcc-arm-none-eabi-10.3-2021.10-win32/gcc-arm-none-eabi-10.3-2021.10/bin/../lib/gcc/arm-none-eabi/10.3.1/../../../../arm-none-eabi/lib/thumb/v7-m/nofp\libg.a(lib_a-mprec.o)
                0x0800afc8                __multadd
 .text.__hi0bits
                0x0800b06c       0x40 e:/gcc-arm-none-eabi-10.3-2021.10-win32/gcc-arm-none-eabi-10.3-2021.10/bin/../lib/gcc/arm-none-eabi/10.3.1/../../../../arm-none-eabi/lib/thumb/v7-m/nofp\libg.a(lib_a-mprec.o)
                0x0800b06c                __hi0bits
 .text.__lo0bits
                0x0800b0ac       0x58 e:/gcc-arm-none-eabi-10.3-2021.10-win32/gcc-arm-none-eabi-10.3-2021.10/bin/../lib/gcc/arm-none-eabi/10.3.1/../../../../arm-none-eabi/lib/thumb/v7-m/nofp\libg.a(lib_a-mprec.o)
                0x0800b0ac                __lo0bits
 .text.__i2b    0x0800b104       0x5c e:/gcc-arm-none-eabi-10.3-2021.10-win32/gcc-arm-none-eabi-10.3-2021.10/bin/../lib/gcc/arm-none-eabi/10.3.1/../../../../arm-none-eabi/lib/thumb/v7-m/nofp\libg.a(lib_a-mprec.o)
                0x0800b104                __i2b
 .text.__multiply
                0x0800b160      0x15c e:/gcc-arm-none-eabi-10.3-2021.10-win32/gcc-arm-none-eabi-10.3-2021.10/bin/../lib/gcc/arm-none-eabi/10.3.1/../../../../arm-none-eabi/lib/thumb/v7-m/nofp\libg.a(lib_a-mprec.o)
                0x0800b160                __multiply
 .text.__pow5mult
                0x0800b2bc       0xb8 e:/gcc-arm-none-eabi-10.3-2021.10-win32/gcc-arm-none-eabi-10.3-2021.10/bin/../lib/gcc/arm-none-eabi/10.3.1/../../../../arm-none-eabi/lib/thumb/v7-m/nofp\libg.a(lib_a-mprec.o)
                0x0800b2bc                __pow5mult
 .text.__lshift
                0x0800b374       0xec e:/gcc-arm-none-eabi-10.3-2021.10-win32/gcc-arm-none-eabi-10.3-2021.10/bin/../lib/gcc/arm-none-eabi/10.3.1/../../../../arm-none-eabi/lib/thumb/v7-m/nofp\libg.a(lib_a-mprec.o)
                0x0800b374                __lshift
 .text.__mcmp   0x0800b460       0x40 e:/gcc-arm-none-eabi-10.3-2021.10-win32/gcc-arm-none-eabi-10.3-2021.10/bin/../lib/gcc/arm-none-eabi/10.3.1/../../../../arm-none-eabi/lib/thumb/v7-m/nofp\libg.a(lib_a-mprec.o)
                0x0800b460                __mcmp
 .text.__mdiff  0x0800b4a0      0x14c e:/gcc-arm-none-eabi-10.3-2021.10-win32/gcc-arm-none-eabi-10.3-2021.10/bin/../lib/gcc/arm-none-eabi/10.3.1/../../../../arm-none-eabi/lib/thumb/v7-m/nofp\libg.a(lib_a-mprec.o)
                0x0800b4a0                __mdiff
 .text.__d2b    0x0800b5ec       0xc4 e:/gcc-arm-none-eabi-10.3-2021.10-win32/gcc-arm-none-eabi-10.3-2021.10/bin/../lib/gcc/arm-none-eabi/10.3.1/../../../../arm-none-eabi/lib/thumb/v7-m/nofp\libg.a(lib_a-mprec.o)
                0x0800b5ec                __d2b
 .text.frexp    0x0800b6b0       0x70 e:/gcc-arm-none-eabi-10.3-2021.10-win32/gcc-arm-none-eabi-10.3-2021.10/bin/../lib/gcc/arm-none-eabi/10.3.1/../../../../arm-none-eabi/lib/thumb/v7-m/nofp\libg.a(lib_a-s_frexp.o)
                0x0800b6b0                frexp
 .text._sbrk_r  0x0800b720       0x24 e:/gcc-arm-none-eabi-10.3-2021.10-win32/gcc-arm-none-eabi-10.3-2021.10/bin/../lib/gcc/arm-none-eabi/10.3.1/../../../../arm-none-eabi/lib/thumb/v7-m/nofp\libg.a(lib_a-sbrkr.o)
                0x0800b720                _sbrk_r
 .text.strlen   0x0800b744       0x5c e:/gcc-arm-none-eabi-10.3-2021.10-win32/gcc-arm-none-eabi-10.3-2021.10/bin/../lib/gcc/arm-none-eabi/10.3.1/../../../../arm-none-eabi/lib/thumb/v7-m/nofp\libg.a(lib_a-strlen-stub.o)
                0x0800b744                strlen
 .text.strncpy  0x0800b7a0       0x68 e:/gcc-arm-none-eabi-10.3-2021.10-win32/gcc-arm-none-eabi-10.3-2021.10/bin/../lib/gcc/arm-none-eabi/10.3.1/../../../../arm-none-eabi/lib/thumb/v7-m/nofp\libg.a(lib_a-strncpy.o)
                0x0800b7a0                strncpy
 .text.__ssprint_r
                0x0800b808       0xfc e:/gcc-arm-none-eabi-10.3-2021.10-win32/gcc-arm-none-eabi-10.3-2021.10/bin/../lib/gcc/arm-none-eabi/10.3.1/../../../../arm-none-eabi/lib/thumb/v7-m/nofp\libg.a(lib_a-svfiprintf.o)
                0x0800b808                __ssprint_r
 .text.__register_exitproc
                0x0800b904       0x8c e:/gcc-arm-none-eabi-10.3-2021.10-win32/gcc-arm-none-eabi-10.3-2021.10/bin/../lib/gcc/arm-none-eabi/10.3.1/../../../../arm-none-eabi/lib/thumb/v7-m/nofp\libg.a(lib_a-__atexit.o)
                0x0800b904                __register_exitproc
 .text.__assert_func
                0x0800b990       0x40 e:/gcc-arm-none-eabi-10.3-2021.10-win32/gcc-arm-none-eabi-10.3-2021.10/bin/../lib/gcc/arm-none-eabi/10.3.1/../../../../arm-none-eabi/lib/thumb/v7-m/nofp\libg.a(lib_a-assert.o)
                0x0800b990                __assert_func
 .text._calloc_r
                0x0800b9d0       0x78 e:/gcc-arm-none-eabi-10.3-2021.10-win32/gcc-arm-none-eabi-10.3-2021.10/bin/../lib/gcc/arm-none-eabi/10.3.1/../../../../arm-none-eabi/lib/thumb/v7-m/nofp\libg.a(lib_a-callocr.o)
                0x0800b9d0                _calloc_r
 .text.fiprintf
                0x0800ba48       0x28 e:/gcc-arm-none-eabi-10.3-2021.10-win32/gcc-arm-none-eabi-10.3-2021.10/bin/../lib/gcc/arm-none-eabi/10.3.1/../../../../arm-none-eabi/lib/thumb/v7-m/nofp\libg.a(lib_a-fiprintf.o)
                0x0800ba48                fiprintf
 .text.__locale_mb_cur_max
                0x0800ba70        0xc e:/gcc-arm-none-eabi-10.3-2021.10-win32/gcc-arm-none-eabi-10.3-2021.10/bin/../lib/gcc/arm-none-eabi/10.3.1/../../../../arm-none-eabi/lib/thumb/v7-m/nofp\libg.a(lib_a-locale.o)
                0x0800ba70                __locale_mb_cur_max
 .text.__ascii_mbtowc
                0x0800ba7c       0x2c e:/gcc-arm-none-eabi-10.3-2021.10-win32/gcc-arm-none-eabi-10.3-2021.10/bin/../lib/gcc/arm-none-eabi/10.3.1/../../../../arm-none-eabi/lib/thumb/v7-m/nofp\libg.a(lib_a-mbtowc_r.o)
                0x0800ba7c                __ascii_mbtowc
 .text.memmove  0x0800baa8       0xf8 e:/gcc-arm-none-eabi-10.3-2021.10-win32/gcc-arm-none-eabi-10.3-2021.10/bin/../lib/gcc/arm-none-eabi/10.3.1/../../../../arm-none-eabi/lib/thumb/v7-m/nofp\libg.a(lib_a-memmove.o)
                0x0800baa8                memmove
 .text._realloc_r
                0x0800bba0      0x3dc e:/gcc-arm-none-eabi-10.3-2021.10-win32/gcc-arm-none-eabi-10.3-2021.10/bin/../lib/gcc/arm-none-eabi/10.3.1/../../../../arm-none-eabi/lib/thumb/v7-m/nofp\libg.a(lib_a-reallocr.o)
                0x0800bba0                _realloc_r
 .text.__sprint_r.part.0
                0x0800bf7c       0x78 e:/gcc-arm-none-eabi-10.3-2021.10-win32/gcc-arm-none-eabi-10.3-2021.10/bin/../lib/gcc/arm-none-eabi/10.3.1/../../../../arm-none-eabi/lib/thumb/v7-m/nofp\libg.a(lib_a-vfiprintf.o)
 .text._vfiprintf_r
                0x0800bff4      0xd98 e:/gcc-arm-none-eabi-10.3-2021.10-win32/gcc-arm-none-eabi-10.3-2021.10/bin/../lib/gcc/arm-none-eabi/10.3.1/../../../../arm-none-eabi/lib/thumb/v7-m/nofp\libg.a(lib_a-vfiprintf.o)
                0x0800bff4                _vfiprintf_r
 .text.__sbprintf
                0x0800cd8c       0x84 e:/gcc-arm-none-eabi-10.3-2021.10-win32/gcc-arm-none-eabi-10.3-2021.10/bin/../lib/gcc/arm-none-eabi/10.3.1/../../../../arm-none-eabi/lib/thumb/v7-m/nofp\libg.a(lib_a-vfiprintf.o)
 .text.__ascii_wctomb
                0x0800ce10       0x1c e:/gcc-arm-none-eabi-10.3-2021.10-win32/gcc-arm-none-eabi-10.3-2021.10/bin/../lib/gcc/arm-none-eabi/10.3.1/../../../../arm-none-eabi/lib/thumb/v7-m/nofp\libg.a(lib_a-wctomb_r.o)
                0x0800ce10                __ascii_wctomb
 .text.__swsetup_r
                0x0800ce2c       0xd4 e:/gcc-arm-none-eabi-10.3-2021.10-win32/gcc-arm-none-eabi-10.3-2021.10/bin/../lib/gcc/arm-none-eabi/10.3.1/../../../../arm-none-eabi/lib/thumb/v7-m/nofp\libg.a(lib_a-wsetup.o)
                0x0800ce2c                __swsetup_r
 .text.abort    0x0800cf00       0x10 e:/gcc-arm-none-eabi-10.3-2021.10-win32/gcc-arm-none-eabi-10.3-2021.10/bin/../lib/gcc/arm-none-eabi/10.3.1/../../../../arm-none-eabi/lib/thumb/v7-m/nofp\libg.a(lib_a-abort.o)
                0x0800cf00                abort
 .text.__sflush_r
                0x0800cf10      0x124 e:/gcc-arm-none-eabi-10.3-2021.10-win32/gcc-arm-none-eabi-10.3-2021.10/bin/../lib/gcc/arm-none-eabi/10.3.1/../../../../arm-none-eabi/lib/thumb/v7-m/nofp\libg.a(lib_a-fflush.o)
                0x0800cf10                __sflush_r
 .text._fflush_r
                0x0800d034       0x5c e:/gcc-arm-none-eabi-10.3-2021.10-win32/gcc-arm-none-eabi-10.3-2021.10/bin/../lib/gcc/arm-none-eabi/10.3.1/../../../../arm-none-eabi/lib/thumb/v7-m/nofp\libg.a(lib_a-fflush.o)
                0x0800d034                _fflush_r
 .text._cleanup_r
                0x0800d090        0xc e:/gcc-arm-none-eabi-10.3-2021.10-win32/gcc-arm-none-eabi-10.3-2021.10/bin/../lib/gcc/arm-none-eabi/10.3.1/../../../../arm-none-eabi/lib/thumb/v7-m/nofp\libg.a(lib_a-findfp.o)
                0x0800d090                _cleanup_r
 .text.__sinit  0x0800d09c      0x10c e:/gcc-arm-none-eabi-10.3-2021.10-win32/gcc-arm-none-eabi-10.3-2021.10/bin/../lib/gcc/arm-none-eabi/10.3.1/../../../../arm-none-eabi/lib/thumb/v7-m/nofp\libg.a(lib_a-findfp.o)
                0x0800d09c                __sinit
 .text.__sfp_lock_acquire
                0x0800d1a8        0xc e:/gcc-arm-none-eabi-10.3-2021.10-win32/gcc-arm-none-eabi-10.3-2021.10/bin/../lib/gcc/arm-none-eabi/10.3.1/../../../../arm-none-eabi/lib/thumb/v7-m/nofp\libg.a(lib_a-findfp.o)
                0x0800d1a8                __sfp_lock_acquire
 .text.__sfp_lock_release
                0x0800d1b4        0xc e:/gcc-arm-none-eabi-10.3-2021.10-win32/gcc-arm-none-eabi-10.3-2021.10/bin/../lib/gcc/arm-none-eabi/10.3.1/../../../../arm-none-eabi/lib/thumb/v7-m/nofp\libg.a(lib_a-findfp.o)
                0x0800d1b4                __sfp_lock_release
 .text.__fputwc
                0x0800d1c0       0xa0 e:/gcc-arm-none-eabi-10.3-2021.10-win32/gcc-arm-none-eabi-10.3-2021.10/bin/../lib/gcc/arm-none-eabi/10.3.1/../../../../arm-none-eabi/lib/thumb/v7-m/nofp\libg.a(lib_a-fputwc.o)
                0x0800d1c0                __fputwc
 .text._fputwc_r
                0x0800d260       0x68 e:/gcc-arm-none-eabi-10.3-2021.10-win32/gcc-arm-none-eabi-10.3-2021.10/bin/../lib/gcc/arm-none-eabi/10.3.1/../../../../arm-none-eabi/lib/thumb/v7-m/nofp\libg.a(lib_a-fputwc.o)
                0x0800d260                _fputwc_r
 .text.__sfvwrite_r
                0x0800d2c8      0x2f0 e:/gcc-arm-none-eabi-10.3-2021.10-win32/gcc-arm-none-eabi-10.3-2021.10/bin/../lib/gcc/arm-none-eabi/10.3.1/../../../../arm-none-eabi/lib/thumb/v7-m/nofp\libg.a(lib_a-fvwrite.o)
                0x0800d2c8                __sfvwrite_r
 .text._fwalk_reent
                0x0800d5b8       0x48 e:/gcc-arm-none-eabi-10.3-2021.10-win32/gcc-arm-none-eabi-10.3-2021.10/bin/../lib/gcc/arm-none-eabi/10.3.1/../../../../arm-none-eabi/lib/thumb/v7-m/nofp\libg.a(lib_a-fwalk.o)
                0x0800d5b8                _fwalk_reent
 .text.__smakebuf_r
                0x0800d600       0xe0 e:/gcc-arm-none-eabi-10.3-2021.10-win32/gcc-arm-none-eabi-10.3-2021.10/bin/../lib/gcc/arm-none-eabi/10.3.1/../../../../arm-none-eabi/lib/thumb/v7-m/nofp\libg.a(lib_a-makebuf.o)
                0x0800d600                __smakebuf_r
 .text.raise    0x0800d6e0       0x5c e:/gcc-arm-none-eabi-10.3-2021.10-win32/gcc-arm-none-eabi-10.3-2021.10/bin/../lib/gcc/arm-none-eabi/10.3.1/../../../../arm-none-eabi/lib/thumb/v7-m/nofp\libg.a(lib_a-signal.o)
                0x0800d6e0                raise
 .text._kill_r  0x0800d73c       0x28 e:/gcc-arm-none-eabi-10.3-2021.10-win32/gcc-arm-none-eabi-10.3-2021.10/bin/../lib/gcc/arm-none-eabi/10.3.1/../../../../arm-none-eabi/lib/thumb/v7-m/nofp\libg.a(lib_a-signalr.o)
                0x0800d73c                _kill_r
 .text._getpid_r
                0x0800d764        0x4 e:/gcc-arm-none-eabi-10.3-2021.10-win32/gcc-arm-none-eabi-10.3-2021.10/bin/../lib/gcc/arm-none-eabi/10.3.1/../../../../arm-none-eabi/lib/thumb/v7-m/nofp\libg.a(lib_a-signalr.o)
                0x0800d764                _getpid_r
 .text.__sread  0x0800d768       0x24 e:/gcc-arm-none-eabi-10.3-2021.10-win32/gcc-arm-none-eabi-10.3-2021.10/bin/../lib/gcc/arm-none-eabi/10.3.1/../../../../arm-none-eabi/lib/thumb/v7-m/nofp\libg.a(lib_a-stdio.o)
                0x0800d768                __sread
 .text.__swrite
                0x0800d78c       0x40 e:/gcc-arm-none-eabi-10.3-2021.10-win32/gcc-arm-none-eabi-10.3-2021.10/bin/../lib/gcc/arm-none-eabi/10.3.1/../../../../arm-none-eabi/lib/thumb/v7-m/nofp\libg.a(lib_a-stdio.o)
                0x0800d78c                __swrite
 .text.__sseek  0x0800d7cc       0x20 e:/gcc-arm-none-eabi-10.3-2021.10-win32/gcc-arm-none-eabi-10.3-2021.10/bin/../lib/gcc/arm-none-eabi/10.3.1/../../../../arm-none-eabi/lib/thumb/v7-m/nofp\libg.a(lib_a-stdio.o)
                0x0800d7cc                __sseek
 .text.__sclose
                0x0800d7ec        0x8 e:/gcc-arm-none-eabi-10.3-2021.10-win32/gcc-arm-none-eabi-10.3-2021.10/bin/../lib/gcc/arm-none-eabi/10.3.1/../../../../arm-none-eabi/lib/thumb/v7-m/nofp\libg.a(lib_a-stdio.o)
                0x0800d7ec                __sclose
 .text.__swbuf_r
                0x0800d7f4       0xb0 e:/gcc-arm-none-eabi-10.3-2021.10-win32/gcc-arm-none-eabi-10.3-2021.10/bin/../lib/gcc/arm-none-eabi/10.3.1/../../../../arm-none-eabi/lib/thumb/v7-m/nofp\libg.a(lib_a-wbuf.o)
                0x0800d7f4                __swbuf_r
 .text._wcrtomb_r
                0x0800d8a4       0x3c e:/gcc-arm-none-eabi-10.3-2021.10-win32/gcc-arm-none-eabi-10.3-2021.10/bin/../lib/gcc/arm-none-eabi/10.3.1/../../../../arm-none-eabi/lib/thumb/v7-m/nofp\libg.a(lib_a-wcrtomb.o)
                0x0800d8a4                _wcrtomb_r
 .text._write_r
                0x0800d8e0       0x2c e:/gcc-arm-none-eabi-10.3-2021.10-win32/gcc-arm-none-eabi-10.3-2021.10/bin/../lib/gcc/arm-none-eabi/10.3.1/../../../../arm-none-eabi/lib/thumb/v7-m/nofp\libg.a(lib_a-writer.o)
                0x0800d8e0                _write_r
 .text._close_r
                0x0800d90c       0x24 e:/gcc-arm-none-eabi-10.3-2021.10-win32/gcc-arm-none-eabi-10.3-2021.10/bin/../lib/gcc/arm-none-eabi/10.3.1/../../../../arm-none-eabi/lib/thumb/v7-m/nofp\libg.a(lib_a-closer.o)
                0x0800d90c                _close_r
 .text._fclose_r
                0x0800d930       0xcc e:/gcc-arm-none-eabi-10.3-2021.10-win32/gcc-arm-none-eabi-10.3-2021.10/bin/../lib/gcc/arm-none-eabi/10.3.1/../../../../arm-none-eabi/lib/thumb/v7-m/nofp\libg.a(lib_a-fclose.o)
                0x0800d930                _fclose_r
 .text._fstat_r
                0x0800d9fc       0x28 e:/gcc-arm-none-eabi-10.3-2021.10-win32/gcc-arm-none-eabi-10.3-2021.10/bin/../lib/gcc/arm-none-eabi/10.3.1/../../../../arm-none-eabi/lib/thumb/v7-m/nofp\libg.a(lib_a-fstatr.o)
                0x0800d9fc                _fstat_r
 .text._isatty_r
                0x0800da24       0x24 e:/gcc-arm-none-eabi-10.3-2021.10-win32/gcc-arm-none-eabi-10.3-2021.10/bin/../lib/gcc/arm-none-eabi/10.3.1/../../../../arm-none-eabi/lib/thumb/v7-m/nofp\libg.a(lib_a-isattyr.o)
                0x0800da24                _isatty_r
 .text._lseek_r
                0x0800da48       0x2c e:/gcc-arm-none-eabi-10.3-2021.10-win32/gcc-arm-none-eabi-10.3-2021.10/bin/../lib/gcc/arm-none-eabi/10.3.1/../../../../arm-none-eabi/lib/thumb/v7-m/nofp\libg.a(lib_a-lseekr.o)
                0x0800da48                _lseek_r
 .text._read_r  0x0800da74       0x2c e:/gcc-arm-none-eabi-10.3-2021.10-win32/gcc-arm-none-eabi-10.3-2021.10/bin/../lib/gcc/arm-none-eabi/10.3.1/../../../../arm-none-eabi/lib/thumb/v7-m/nofp\libg.a(lib_a-readr.o)
                0x0800da74                _read_r
 *(.glue_7)
 .glue_7        0x0800daa0        0x0 linker stubs
 *(.glue_7t)
 .glue_7t       0x0800daa0        0x0 linker stubs
 *(.eh_frame)
 .eh_frame      0x0800daa0        0x0 e:/gcc-arm-none-eabi-10.3-2021.10-win32/gcc-arm-none-eabi-10.3-2021.10/bin/../lib/gcc/arm-none-eabi/10.3.1/thumb/v7-m/nofp/crtbegin.o
 *(.init)
 .init          0x0800daa0        0x4 e:/gcc-arm-none-eabi-10.3-2021.10-win32/gcc-arm-none-eabi-10.3-2021.10/bin/../lib/gcc/arm-none-eabi/10.3.1/thumb/v7-m/nofp/crti.o
                0x0800daa0                _init
 .init          0x0800daa4        0x8 e:/gcc-arm-none-eabi-10.3-2021.10-win32/gcc-arm-none-eabi-10.3-2021.10/bin/../lib/gcc/arm-none-eabi/10.3.1/thumb/v7-m/nofp/crtn.o
 *(.fini)
 .fini          0x0800daac        0x4 e:/gcc-arm-none-eabi-10.3-2021.10-win32/gcc-arm-none-eabi-10.3-2021.10/bin/../lib/gcc/arm-none-eabi/10.3.1/thumb/v7-m/nofp/crti.o
                0x0800daac                _fini
 .fini          0x0800dab0        0x8 e:/gcc-arm-none-eabi-10.3-2021.10-win32/gcc-arm-none-eabi-10.3-2021.10/bin/../lib/gcc/arm-none-eabi/10.3.1/thumb/v7-m/nofp/crtn.o
                0x0800dab8                . = ALIGN (0x4)
                0x0800dab8                _etext = .

.vfp11_veneer   0x0800dab8        0x0
 .vfp11_veneer  0x0800dab8        0x0 linker stubs

.v4_bx          0x0800dab8        0x0
 .v4_bx         0x0800dab8        0x0 linker stubs

.iplt           0x0800dab8        0x0
 .iplt          0x0800dab8        0x0 e:/gcc-arm-none-eabi-10.3-2021.10-win32/gcc-arm-none-eabi-10.3-2021.10/bin/../lib/gcc/arm-none-eabi/10.3.1/thumb/v7-m/nofp/crtbegin.o

.rodata         0x0800dab8     0x1cf0
                0x0800dab8                . = ALIGN (0x4)
 *(.rodata)
 *(.rodata*)
 .rodata.App_ADC.str1.4
                0x0800dab8       0x2b CMakeFiles/Demo2_2TaskInfo.elf.dir/Core/Src/freertos.c.obj
 *fill*         0x0800dae3        0x1 
 .rodata.App_Info.str1.4
                0x0800dae4       0x49 CMakeFiles/Demo2_2TaskInfo.elf.dir/Core/Src/freertos.c.obj
 *fill*         0x0800db2d        0x3 
 .rodata.str1.4
                0x0800db30       0x15 CMakeFiles/Demo2_2TaskInfo.elf.dir/Core/Src/freertos.c.obj
 *fill*         0x0800db45        0x3 
 .rodata.Task_ADC_attributes
                0x0800db48       0x24 CMakeFiles/Demo2_2TaskInfo.elf.dir/Core/Src/freertos.c.obj
                0x0800db48                Task_ADC_attributes
 .rodata.Task_Info_attributes
                0x0800db6c       0x24 CMakeFiles/Demo2_2TaskInfo.elf.dir/Core/Src/freertos.c.obj
                0x0800db6c                Task_Info_attributes
 .rodata.asc2_1206
                0x0800db90      0x474 CMakeFiles/Demo2_2TaskInfo.elf.dir/Core/Src/lcd.c.obj
                0x0800db90                asc2_1206
 .rodata.asc2_1608
                0x0800e004      0x5f0 CMakeFiles/Demo2_2TaskInfo.elf.dir/Core/Src/lcd.c.obj
                0x0800e004                asc2_1608
 .rodata.asc2_2412
                0x0800e5f4      0xd5c CMakeFiles/Demo2_2TaskInfo.elf.dir/Core/Src/lcd.c.obj
                0x0800e5f4                asc2_2412
 .rodata.main.str1.4
                0x0800f350       0x17 CMakeFiles/Demo2_2TaskInfo.elf.dir/Core/Src/main.c.obj
 *fill*         0x0800f367        0x1 
 .rodata.AHBPrescTable
                0x0800f368       0x10 CMakeFiles/Demo2_2TaskInfo.elf.dir/Core/Src/system_stm32f1xx.c.obj
                0x0800f368                AHBPrescTable
 .rodata.APBPrescTable
                0x0800f378        0x8 CMakeFiles/Demo2_2TaskInfo.elf.dir/Core/Src/system_stm32f1xx.c.obj
                0x0800f378                APBPrescTable
 .rodata.HAL_RCC_GetSysClockFreq.str1.4
                0x0800f380       0x11 CMakeFiles/Demo2_2TaskInfo.elf.dir/Drivers/STM32F1xx_HAL_Driver/Src/stm32f1xx_hal_rcc.c.obj
 .rodata.HAL_RCCEx_GetPeriphCLKFreq.str1.4
                0x0800f391       0x11 CMakeFiles/Demo2_2TaskInfo.elf.dir/Drivers/STM32F1xx_HAL_Driver/Src/stm32f1xx_hal_rcc_ex.c.obj
 *fill*         0x0800f391        0x3 
 .rodata.vTaskStartScheduler.str1.4
                0x0800f394        0x5 CMakeFiles/Demo2_2TaskInfo.elf.dir/Middlewares/Third_Party/FreeRTOS/Source/tasks.c.obj
 *fill*         0x0800f399        0x3 
 .rodata.prvCheckForValidListAndQueue.str1.4
                0x0800f39c        0x5 CMakeFiles/Demo2_2TaskInfo.elf.dir/Middlewares/Third_Party/FreeRTOS/Source/timers.c.obj
 *fill*         0x0800f3a1        0x3 
 .rodata.xTimerCreateTimerTask.str1.4
                0x0800f3a4        0x8 CMakeFiles/Demo2_2TaskInfo.elf.dir/Middlewares/Third_Party/FreeRTOS/Source/timers.c.obj
 .rodata._global_impure_ptr
                0x0800f3ac        0x4 e:/gcc-arm-none-eabi-10.3-2021.10-win32/gcc-arm-none-eabi-10.3-2021.10/bin/../lib/gcc/arm-none-eabi/10.3.1/../../../../arm-none-eabi/lib/thumb/v7-m/nofp\libg.a(lib_a-impure.o)
                0x0800f3ac                _global_impure_ptr
 .rodata._svfprintf_r.str1.4
                0x0800f3b0       0x42 e:/gcc-arm-none-eabi-10.3-2021.10-win32/gcc-arm-none-eabi-10.3-2021.10/bin/../lib/gcc/arm-none-eabi/10.3.1/../../../../arm-none-eabi/lib/thumb/v7-m/nofp\libg.a(lib_a-svfprintf.o)
 *fill*         0x0800f3f2        0x2 
 .rodata.blanks.1
                0x0800f3f4       0x10 e:/gcc-arm-none-eabi-10.3-2021.10-win32/gcc-arm-none-eabi-10.3-2021.10/bin/../lib/gcc/arm-none-eabi/10.3.1/../../../../arm-none-eabi/lib/thumb/v7-m/nofp\libg.a(lib_a-svfprintf.o)
 .rodata.zeroes.0
                0x0800f404       0x10 e:/gcc-arm-none-eabi-10.3-2021.10-win32/gcc-arm-none-eabi-10.3-2021.10/bin/../lib/gcc/arm-none-eabi/10.3.1/../../../../arm-none-eabi/lib/thumb/v7-m/nofp\libg.a(lib_a-svfprintf.o)
 .rodata._dtoa_r.str1.4
                0x0800f414       0xa2 e:/gcc-arm-none-eabi-10.3-2021.10-win32/gcc-arm-none-eabi-10.3-2021.10/bin/../lib/gcc/arm-none-eabi/10.3.1/../../../../arm-none-eabi/lib/thumb/v7-m/nofp\libg.a(lib_a-dtoa.o)
                                 0xa6 (size before relaxing)
 *fill*         0x0800f4b6        0x2 
 .rodata.__multadd.str1.4
                0x0800f4b8       0x7f e:/gcc-arm-none-eabi-10.3-2021.10-win32/gcc-arm-none-eabi-10.3-2021.10/bin/../lib/gcc/arm-none-eabi/10.3.1/../../../../arm-none-eabi/lib/thumb/v7-m/nofp\libg.a(lib_a-mprec.o)
                                 0x93 (size before relaxing)
 *fill*         0x0800f537        0x1 
 .rodata.__mprec_bigtens
                0x0800f538       0x28 e:/gcc-arm-none-eabi-10.3-2021.10-win32/gcc-arm-none-eabi-10.3-2021.10/bin/../lib/gcc/arm-none-eabi/10.3.1/../../../../arm-none-eabi/lib/thumb/v7-m/nofp\libg.a(lib_a-mprec.o)
                0x0800f538                __mprec_bigtens
 .rodata.__mprec_tens
                0x0800f560       0xc8 e:/gcc-arm-none-eabi-10.3-2021.10-win32/gcc-arm-none-eabi-10.3-2021.10/bin/../lib/gcc/arm-none-eabi/10.3.1/../../../../arm-none-eabi/lib/thumb/v7-m/nofp\libg.a(lib_a-mprec.o)
                0x0800f560                __mprec_tens
 .rodata.p05.0  0x0800f628        0xc e:/gcc-arm-none-eabi-10.3-2021.10-win32/gcc-arm-none-eabi-10.3-2021.10/bin/../lib/gcc/arm-none-eabi/10.3.1/../../../../arm-none-eabi/lib/thumb/v7-m/nofp\libg.a(lib_a-mprec.o)
 .rodata.__assert_func.str1.4
                0x0800f634       0x3f e:/gcc-arm-none-eabi-10.3-2021.10-win32/gcc-arm-none-eabi-10.3-2021.10/bin/../lib/gcc/arm-none-eabi/10.3.1/../../../../arm-none-eabi/lib/thumb/v7-m/nofp\libg.a(lib_a-assert.o)
                                 0x43 (size before relaxing)
 *fill*         0x0800f673        0x1 
 .rodata._setlocale_r.str1.4
                0x0800f674        0xa e:/gcc-arm-none-eabi-10.3-2021.10-win32/gcc-arm-none-eabi-10.3-2021.10/bin/../lib/gcc/arm-none-eabi/10.3.1/../../../../arm-none-eabi/lib/thumb/v7-m/nofp\libg.a(lib_a-locale.o)
                                  0xd (size before relaxing)
 *fill*         0x0800f67e        0x2 
 .rodata.str1.4
                0x0800f680        0x2 e:/gcc-arm-none-eabi-10.3-2021.10-win32/gcc-arm-none-eabi-10.3-2021.10/bin/../lib/gcc/arm-none-eabi/10.3.1/../../../../arm-none-eabi/lib/thumb/v7-m/nofp\libg.a(lib_a-locale.o)
 .rodata._vfiprintf_r.str1.4
                0x0800f682       0x2f e:/gcc-arm-none-eabi-10.3-2021.10-win32/gcc-arm-none-eabi-10.3-2021.10/bin/../lib/gcc/arm-none-eabi/10.3.1/../../../../arm-none-eabi/lib/thumb/v7-m/nofp\libg.a(lib_a-vfiprintf.o)
 *fill*         0x0800f682        0x2 
 .rodata.blanks.1
                0x0800f684       0x10 e:/gcc-arm-none-eabi-10.3-2021.10-win32/gcc-arm-none-eabi-10.3-2021.10/bin/../lib/gcc/arm-none-eabi/10.3.1/../../../../arm-none-eabi/lib/thumb/v7-m/nofp\libg.a(lib_a-vfiprintf.o)
 .rodata.zeroes.0
                0x0800f694       0x10 e:/gcc-arm-none-eabi-10.3-2021.10-win32/gcc-arm-none-eabi-10.3-2021.10/bin/../lib/gcc/arm-none-eabi/10.3.1/../../../../arm-none-eabi/lib/thumb/v7-m/nofp\libg.a(lib_a-vfiprintf.o)
 .rodata._ctype_
                0x0800f6a4      0x101 e:/gcc-arm-none-eabi-10.3-2021.10-win32/gcc-arm-none-eabi-10.3-2021.10/bin/../lib/gcc/arm-none-eabi/10.3.1/../../../../arm-none-eabi/lib/thumb/v7-m/nofp\libg.a(lib_a-ctype_.o)
                0x0800f6a4                _ctype_
                0x0800f7a8                . = ALIGN (0x4)
 *fill*         0x0800f7a5        0x3 

.ARM.extab
 *(.ARM.extab* .gnu.linkonce.armextab.*)

.ARM            0x0800f7a8        0x8
                0x0800f7a8                __exidx_start = .
 *(.ARM.exidx*)
 .ARM.exidx     0x0800f7a8        0x8 e:/gcc-arm-none-eabi-10.3-2021.10-win32/gcc-arm-none-eabi-10.3-2021.10/bin/../lib/gcc/arm-none-eabi/10.3.1/thumb/v7-m/nofp\libgcc.a(_udivmoddi4.o)
                0x0800f7b0                __exidx_end = .

.rel.dyn        0x0800f7b0        0x0
 .rel.iplt      0x0800f7b0        0x0 e:/gcc-arm-none-eabi-10.3-2021.10-win32/gcc-arm-none-eabi-10.3-2021.10/bin/../lib/gcc/arm-none-eabi/10.3.1/thumb/v7-m/nofp/crtbegin.o

.preinit_array  0x0800f7b0        0x0
                0x0800f7b0                PROVIDE (__preinit_array_start = .)
 *(.preinit_array*)
                0x0800f7b0                PROVIDE (__preinit_array_end = .)

.init_array     0x0800f7b0        0x8
                0x0800f7b0                PROVIDE (__init_array_start = .)
 *(SORT_BY_NAME(.init_array.*))
 .init_array.00000
                0x0800f7b0        0x4 e:/gcc-arm-none-eabi-10.3-2021.10-win32/gcc-arm-none-eabi-10.3-2021.10/bin/../lib/gcc/arm-none-eabi/10.3.1/../../../../arm-none-eabi/lib/thumb/v7-m/nofp\libg.a(lib_a-__call_atexit.o)
 *(.init_array*)
 .init_array    0x0800f7b4        0x4 e:/gcc-arm-none-eabi-10.3-2021.10-win32/gcc-arm-none-eabi-10.3-2021.10/bin/../lib/gcc/arm-none-eabi/10.3.1/thumb/v7-m/nofp/crtbegin.o
                0x0800f7b8                PROVIDE (__init_array_end = .)

.fini_array     0x0800f7b8        0x4
                0x0800f7b8                PROVIDE (__fini_array_start = .)
 *(SORT_BY_NAME(.fini_array.*))
 *(.fini_array*)
 .fini_array    0x0800f7b8        0x4 e:/gcc-arm-none-eabi-10.3-2021.10-win32/gcc-arm-none-eabi-10.3-2021.10/bin/../lib/gcc/arm-none-eabi/10.3.1/thumb/v7-m/nofp/crtbegin.o
                0x0800f7bc                PROVIDE (__fini_array_end = .)
                0x0800f7bc                _sidata = LOADADDR (.data)

.data           0x20000000      0x9c0 load address 0x0800f7bc
                0x20000000                . = ALIGN (0x4)
                0x20000000                _sdata = .
 *(.data)
 *(.data*)
 .data.BACK_COLOR
                0x20000000        0x2 CMakeFiles/Demo2_2TaskInfo.elf.dir/Core/Src/lcd.c.obj
                0x20000000                BACK_COLOR
 *fill*         0x20000002        0x2 
 .data.SystemCoreClock
                0x20000004        0x4 CMakeFiles/Demo2_2TaskInfo.elf.dir/Core/Src/system_stm32f1xx.c.obj
                0x20000004                SystemCoreClock
 .data.uwTickFreq
                0x20000008        0x1 CMakeFiles/Demo2_2TaskInfo.elf.dir/Drivers/STM32F1xx_HAL_Driver/Src/stm32f1xx_hal.c.obj
                0x20000008                uwTickFreq
 *fill*         0x20000009        0x3 
 .data.uwTickPrio
                0x2000000c        0x4 CMakeFiles/Demo2_2TaskInfo.elf.dir/Drivers/STM32F1xx_HAL_Driver/Src/stm32f1xx_hal.c.obj
                0x2000000c                uwTickPrio
 .data.uxCriticalNesting
                0x20000010        0x4 CMakeFiles/Demo2_2TaskInfo.elf.dir/Middlewares/Third_Party/FreeRTOS/Source/portable/GCC/ARM_CM3/port.c.obj
 .data._impure_ptr
                0x20000014        0x4 e:/gcc-arm-none-eabi-10.3-2021.10-win32/gcc-arm-none-eabi-10.3-2021.10/bin/../lib/gcc/arm-none-eabi/10.3.1/../../../../arm-none-eabi/lib/thumb/v7-m/nofp\libg.a(lib_a-impure.o)
                0x20000014                _impure_ptr
 .data.impure_data
                0x20000018      0x428 e:/gcc-arm-none-eabi-10.3-2021.10-win32/gcc-arm-none-eabi-10.3-2021.10/bin/../lib/gcc/arm-none-eabi/10.3.1/../../../../arm-none-eabi/lib/thumb/v7-m/nofp\libg.a(lib_a-impure.o)
 .data.__atexit_recursive_mutex
                0x20000440        0x4 e:/gcc-arm-none-eabi-10.3-2021.10-win32/gcc-arm-none-eabi-10.3-2021.10/bin/../lib/gcc/arm-none-eabi/10.3.1/../../../../arm-none-eabi/lib/thumb/v7-m/nofp\libg.a(lib_a-__call_atexit.o)
                0x20000440                __atexit_recursive_mutex
 .data.__malloc_av_
                0x20000444      0x408 e:/gcc-arm-none-eabi-10.3-2021.10-win32/gcc-arm-none-eabi-10.3-2021.10/bin/../lib/gcc/arm-none-eabi/10.3.1/../../../../arm-none-eabi/lib/thumb/v7-m/nofp\libg.a(lib_a-mallocr.o)
                0x20000444                __malloc_av_
 .data.__malloc_sbrk_base
                0x2000084c        0x4 e:/gcc-arm-none-eabi-10.3-2021.10-win32/gcc-arm-none-eabi-10.3-2021.10/bin/../lib/gcc/arm-none-eabi/10.3.1/../../../../arm-none-eabi/lib/thumb/v7-m/nofp\libg.a(lib_a-mallocr.o)
                0x2000084c                __malloc_sbrk_base
 .data.__malloc_trim_threshold
                0x20000850        0x4 e:/gcc-arm-none-eabi-10.3-2021.10-win32/gcc-arm-none-eabi-10.3-2021.10/bin/../lib/gcc/arm-none-eabi/10.3.1/../../../../arm-none-eabi/lib/thumb/v7-m/nofp\libg.a(lib_a-mallocr.o)
                0x20000850                __malloc_trim_threshold
 .data.__global_locale
                0x20000854      0x16c e:/gcc-arm-none-eabi-10.3-2021.10-win32/gcc-arm-none-eabi-10.3-2021.10/bin/../lib/gcc/arm-none-eabi/10.3.1/../../../../arm-none-eabi/lib/thumb/v7-m/nofp\libg.a(lib_a-locale.o)
                0x20000854                __global_locale
                0x200009c0                . = ALIGN (0x4)
                0x200009c0                _edata = .

.igot.plt       0x200009c0        0x0 load address 0x0801017c
 .igot.plt      0x200009c0        0x0 e:/gcc-arm-none-eabi-10.3-2021.10-win32/gcc-arm-none-eabi-10.3-2021.10/bin/../lib/gcc/arm-none-eabi/10.3.1/thumb/v7-m/nofp/crtbegin.o
                0x200009c0                . = ALIGN (0x4)

.bss            0x200009c0     0x1a48 load address 0x0801017c
                0x200009c0                _sbss = .
                0x200009c0                __bss_start__ = _sbss
 *(.bss)
 .bss           0x200009c0       0x1c e:/gcc-arm-none-eabi-10.3-2021.10-win32/gcc-arm-none-eabi-10.3-2021.10/bin/../lib/gcc/arm-none-eabi/10.3.1/thumb/v7-m/nofp/crtbegin.o
 *(.bss*)
 .bss.hadc1     0x200009dc       0x30 CMakeFiles/Demo2_2TaskInfo.elf.dir/Core/Src/adc.c.obj
                0x200009dc                hadc1
 .bss.Task_ADCHandle
                0x20000a0c        0x4 CMakeFiles/Demo2_2TaskInfo.elf.dir/Core/Src/freertos.c.obj
                0x20000a0c                Task_ADCHandle
 .bss.Task_InfoHandle
                0x20000a10        0x4 CMakeFiles/Demo2_2TaskInfo.elf.dir/Core/Src/freertos.c.obj
                0x20000a10                Task_InfoHandle
 .bss.POINT_COLOR
                0x20000a14        0x2 CMakeFiles/Demo2_2TaskInfo.elf.dir/Core/Src/lcd.c.obj
                0x20000a14                POINT_COLOR
 *fill*         0x20000a16        0x2 
 .bss.lcddev    0x20000a18        0xe CMakeFiles/Demo2_2TaskInfo.elf.dir/Core/Src/lcd.c.obj
                0x20000a18                lcddev
 *fill*         0x20000a26        0x2 
 .bss.htim6     0x20000a28       0x48 CMakeFiles/Demo2_2TaskInfo.elf.dir/Core/Src/stm32f1xx_hal_timebase_tim.c.obj
                0x20000a28                htim6
 .bss.heap_end.0
                0x20000a70        0x4 CMakeFiles/Demo2_2TaskInfo.elf.dir/Core/Src/syscalls.c.obj
 .bss.uwTick    0x20000a74        0x4 CMakeFiles/Demo2_2TaskInfo.elf.dir/Drivers/STM32F1xx_HAL_Driver/Src/stm32f1xx_hal.c.obj
                0x20000a74                uwTick
 .bss.Idle_Stack
                0x20000a78      0x200 CMakeFiles/Demo2_2TaskInfo.elf.dir/Middlewares/Third_Party/FreeRTOS/Source/CMSIS_RTOS_V2/cmsis_os2.c.obj
 .bss.Idle_TCB  0x20000c78       0x5c CMakeFiles/Demo2_2TaskInfo.elf.dir/Middlewares/Third_Party/FreeRTOS/Source/CMSIS_RTOS_V2/cmsis_os2.c.obj
 .bss.KernelState
                0x20000cd4        0x4 CMakeFiles/Demo2_2TaskInfo.elf.dir/Middlewares/Third_Party/FreeRTOS/Source/CMSIS_RTOS_V2/cmsis_os2.c.obj
 .bss.Timer_Stack
                0x20000cd8      0x400 CMakeFiles/Demo2_2TaskInfo.elf.dir/Middlewares/Third_Party/FreeRTOS/Source/CMSIS_RTOS_V2/cmsis_os2.c.obj
 .bss.Timer_TCB
                0x200010d8       0x5c CMakeFiles/Demo2_2TaskInfo.elf.dir/Middlewares/Third_Party/FreeRTOS/Source/CMSIS_RTOS_V2/cmsis_os2.c.obj
 .bss.ucMaxSysCallPriority
                0x20001134        0x1 CMakeFiles/Demo2_2TaskInfo.elf.dir/Middlewares/Third_Party/FreeRTOS/Source/portable/GCC/ARM_CM3/port.c.obj
 *fill*         0x20001135        0x3 
 .bss.ulMaxPRIGROUPValue
                0x20001138        0x4 CMakeFiles/Demo2_2TaskInfo.elf.dir/Middlewares/Third_Party/FreeRTOS/Source/portable/GCC/ARM_CM3/port.c.obj
 .bss.pxEnd     0x2000113c        0x4 CMakeFiles/Demo2_2TaskInfo.elf.dir/Middlewares/Third_Party/FreeRTOS/Source/portable/MemMang/heap_4.c.obj
 .bss.ucHeap    0x20001140      0xc00 CMakeFiles/Demo2_2TaskInfo.elf.dir/Middlewares/Third_Party/FreeRTOS/Source/portable/MemMang/heap_4.c.obj
 .bss.xBlockAllocatedBit
                0x20001d40        0x4 CMakeFiles/Demo2_2TaskInfo.elf.dir/Middlewares/Third_Party/FreeRTOS/Source/portable/MemMang/heap_4.c.obj
 .bss.xFreeBytesRemaining
                0x20001d44        0x4 CMakeFiles/Demo2_2TaskInfo.elf.dir/Middlewares/Third_Party/FreeRTOS/Source/portable/MemMang/heap_4.c.obj
 .bss.xMinimumEverFreeBytesRemaining
                0x20001d48        0x4 CMakeFiles/Demo2_2TaskInfo.elf.dir/Middlewares/Third_Party/FreeRTOS/Source/portable/MemMang/heap_4.c.obj
 .bss.xStart    0x20001d4c        0x8 CMakeFiles/Demo2_2TaskInfo.elf.dir/Middlewares/Third_Party/FreeRTOS/Source/portable/MemMang/heap_4.c.obj
 .bss.xQueueRegistry
                0x20001d54       0x40 CMakeFiles/Demo2_2TaskInfo.elf.dir/Middlewares/Third_Party/FreeRTOS/Source/queue.c.obj
                0x20001d54                xQueueRegistry
 .bss.pxCurrentTCB
                0x20001d94        0x4 CMakeFiles/Demo2_2TaskInfo.elf.dir/Middlewares/Third_Party/FreeRTOS/Source/tasks.c.obj
                0x20001d94                pxCurrentTCB
 .bss.pxDelayedTaskList
                0x20001d98        0x4 CMakeFiles/Demo2_2TaskInfo.elf.dir/Middlewares/Third_Party/FreeRTOS/Source/tasks.c.obj
 .bss.pxOverflowDelayedTaskList
                0x20001d9c        0x4 CMakeFiles/Demo2_2TaskInfo.elf.dir/Middlewares/Third_Party/FreeRTOS/Source/tasks.c.obj
 .bss.pxReadyTasksLists
                0x20001da0      0x460 CMakeFiles/Demo2_2TaskInfo.elf.dir/Middlewares/Third_Party/FreeRTOS/Source/tasks.c.obj
 .bss.uxCurrentNumberOfTasks
                0x20002200        0x4 CMakeFiles/Demo2_2TaskInfo.elf.dir/Middlewares/Third_Party/FreeRTOS/Source/tasks.c.obj
 .bss.uxDeletedTasksWaitingCleanUp
                0x20002204        0x4 CMakeFiles/Demo2_2TaskInfo.elf.dir/Middlewares/Third_Party/FreeRTOS/Source/tasks.c.obj
 .bss.uxPendedTicks
                0x20002208        0x4 CMakeFiles/Demo2_2TaskInfo.elf.dir/Middlewares/Third_Party/FreeRTOS/Source/tasks.c.obj
 .bss.uxSchedulerSuspended
                0x2000220c        0x4 CMakeFiles/Demo2_2TaskInfo.elf.dir/Middlewares/Third_Party/FreeRTOS/Source/tasks.c.obj
 .bss.uxTaskNumber
                0x20002210        0x4 CMakeFiles/Demo2_2TaskInfo.elf.dir/Middlewares/Third_Party/FreeRTOS/Source/tasks.c.obj
 .bss.uxTopReadyPriority
                0x20002214        0x4 CMakeFiles/Demo2_2TaskInfo.elf.dir/Middlewares/Third_Party/FreeRTOS/Source/tasks.c.obj
 .bss.xDelayedTaskList1
                0x20002218       0x14 CMakeFiles/Demo2_2TaskInfo.elf.dir/Middlewares/Third_Party/FreeRTOS/Source/tasks.c.obj
 .bss.xDelayedTaskList2
                0x2000222c       0x14 CMakeFiles/Demo2_2TaskInfo.elf.dir/Middlewares/Third_Party/FreeRTOS/Source/tasks.c.obj
 .bss.xIdleTaskHandle
                0x20002240        0x4 CMakeFiles/Demo2_2TaskInfo.elf.dir/Middlewares/Third_Party/FreeRTOS/Source/tasks.c.obj
 .bss.xNextTaskUnblockTime
                0x20002244        0x4 CMakeFiles/Demo2_2TaskInfo.elf.dir/Middlewares/Third_Party/FreeRTOS/Source/tasks.c.obj
 .bss.xNumOfOverflows
                0x20002248        0x4 CMakeFiles/Demo2_2TaskInfo.elf.dir/Middlewares/Third_Party/FreeRTOS/Source/tasks.c.obj
 .bss.xPendingReadyList
                0x2000224c       0x14 CMakeFiles/Demo2_2TaskInfo.elf.dir/Middlewares/Third_Party/FreeRTOS/Source/tasks.c.obj
 .bss.xSchedulerRunning
                0x20002260        0x4 CMakeFiles/Demo2_2TaskInfo.elf.dir/Middlewares/Third_Party/FreeRTOS/Source/tasks.c.obj
 .bss.xSuspendedTaskList
                0x20002264       0x14 CMakeFiles/Demo2_2TaskInfo.elf.dir/Middlewares/Third_Party/FreeRTOS/Source/tasks.c.obj
 .bss.xTasksWaitingTermination
                0x20002278       0x14 CMakeFiles/Demo2_2TaskInfo.elf.dir/Middlewares/Third_Party/FreeRTOS/Source/tasks.c.obj
 .bss.xTickCount
                0x2000228c        0x4 CMakeFiles/Demo2_2TaskInfo.elf.dir/Middlewares/Third_Party/FreeRTOS/Source/tasks.c.obj
 .bss.xYieldPending
                0x20002290        0x4 CMakeFiles/Demo2_2TaskInfo.elf.dir/Middlewares/Third_Party/FreeRTOS/Source/tasks.c.obj
 .bss.pxCurrentTimerList
                0x20002294        0x4 CMakeFiles/Demo2_2TaskInfo.elf.dir/Middlewares/Third_Party/FreeRTOS/Source/timers.c.obj
 .bss.pxOverflowTimerList
                0x20002298        0x4 CMakeFiles/Demo2_2TaskInfo.elf.dir/Middlewares/Third_Party/FreeRTOS/Source/timers.c.obj
 .bss.ucStaticTimerQueueStorage.1
                0x2000229c       0xa0 CMakeFiles/Demo2_2TaskInfo.elf.dir/Middlewares/Third_Party/FreeRTOS/Source/timers.c.obj
 .bss.xActiveTimerList1
                0x2000233c       0x14 CMakeFiles/Demo2_2TaskInfo.elf.dir/Middlewares/Third_Party/FreeRTOS/Source/timers.c.obj
 .bss.xActiveTimerList2
                0x20002350       0x14 CMakeFiles/Demo2_2TaskInfo.elf.dir/Middlewares/Third_Party/FreeRTOS/Source/timers.c.obj
 .bss.xLastTime.2
                0x20002364        0x4 CMakeFiles/Demo2_2TaskInfo.elf.dir/Middlewares/Third_Party/FreeRTOS/Source/timers.c.obj
 .bss.xStaticTimerQueue.0
                0x20002368       0x50 CMakeFiles/Demo2_2TaskInfo.elf.dir/Middlewares/Third_Party/FreeRTOS/Source/timers.c.obj
 .bss.xTimerQueue
                0x200023b8        0x4 CMakeFiles/Demo2_2TaskInfo.elf.dir/Middlewares/Third_Party/FreeRTOS/Source/timers.c.obj
 .bss.xTimerTaskHandle
                0x200023bc        0x4 CMakeFiles/Demo2_2TaskInfo.elf.dir/Middlewares/Third_Party/FreeRTOS/Source/timers.c.obj
 .bss.__lock___atexit_recursive_mutex
                0x200023c0        0x1 e:/gcc-arm-none-eabi-10.3-2021.10-win32/gcc-arm-none-eabi-10.3-2021.10/bin/../lib/gcc/arm-none-eabi/10.3.1/../../../../arm-none-eabi/lib/thumb/v7-m/nofp\libg.a(lib_a-lock.o)
                0x200023c0                __lock___atexit_recursive_mutex
 *fill*         0x200023c1        0x3 
 .bss.__lock___malloc_recursive_mutex
                0x200023c4        0x1 e:/gcc-arm-none-eabi-10.3-2021.10-win32/gcc-arm-none-eabi-10.3-2021.10/bin/../lib/gcc/arm-none-eabi/10.3.1/../../../../arm-none-eabi/lib/thumb/v7-m/nofp\libg.a(lib_a-lock.o)
                0x200023c4                __lock___malloc_recursive_mutex
 *fill*         0x200023c5        0x3 
 .bss.__lock___sfp_recursive_mutex
                0x200023c8        0x1 e:/gcc-arm-none-eabi-10.3-2021.10-win32/gcc-arm-none-eabi-10.3-2021.10/bin/../lib/gcc/arm-none-eabi/10.3.1/../../../../arm-none-eabi/lib/thumb/v7-m/nofp\libg.a(lib_a-lock.o)
                0x200023c8                __lock___sfp_recursive_mutex
 *fill*         0x200023c9        0x3 
 .bss.__lock___sinit_recursive_mutex
                0x200023cc        0x1 e:/gcc-arm-none-eabi-10.3-2021.10-win32/gcc-arm-none-eabi-10.3-2021.10/bin/../lib/gcc/arm-none-eabi/10.3.1/../../../../arm-none-eabi/lib/thumb/v7-m/nofp\libg.a(lib_a-lock.o)
                0x200023cc                __lock___sinit_recursive_mutex
 *fill*         0x200023cd        0x3 
 .bss.__malloc_current_mallinfo
                0x200023d0       0x28 e:/gcc-arm-none-eabi-10.3-2021.10-win32/gcc-arm-none-eabi-10.3-2021.10/bin/../lib/gcc/arm-none-eabi/10.3.1/../../../../arm-none-eabi/lib/thumb/v7-m/nofp\libg.a(lib_a-mallocr.o)
                0x200023d0                __malloc_current_mallinfo
 .bss.__malloc_max_sbrked_mem
                0x200023f8        0x4 e:/gcc-arm-none-eabi-10.3-2021.10-win32/gcc-arm-none-eabi-10.3-2021.10/bin/../lib/gcc/arm-none-eabi/10.3.1/../../../../arm-none-eabi/lib/thumb/v7-m/nofp\libg.a(lib_a-mallocr.o)
                0x200023f8                __malloc_max_sbrked_mem
 .bss.__malloc_max_total_mem
                0x200023fc        0x4 e:/gcc-arm-none-eabi-10.3-2021.10-win32/gcc-arm-none-eabi-10.3-2021.10/bin/../lib/gcc/arm-none-eabi/10.3.1/../../../../arm-none-eabi/lib/thumb/v7-m/nofp\libg.a(lib_a-mallocr.o)
                0x200023fc                __malloc_max_total_mem
 .bss.__malloc_top_pad
                0x20002400        0x4 e:/gcc-arm-none-eabi-10.3-2021.10-win32/gcc-arm-none-eabi-10.3-2021.10/bin/../lib/gcc/arm-none-eabi/10.3.1/../../../../arm-none-eabi/lib/thumb/v7-m/nofp\libg.a(lib_a-mallocr.o)
                0x20002400                __malloc_top_pad
 .bss.errno     0x20002404        0x4 e:/gcc-arm-none-eabi-10.3-2021.10-win32/gcc-arm-none-eabi-10.3-2021.10/bin/../lib/gcc/arm-none-eabi/10.3.1/../../../../arm-none-eabi/lib/thumb/v7-m/nofp\libg.a(lib_a-reent.o)
                0x20002404                errno
 *(COMMON)
                0x20002408                . = ALIGN (0x4)
                0x20002408                _ebss = .
                0x20002408                __bss_end__ = _ebss

._user_heap_stack
                0x20002408      0x600 load address 0x0801017c
                0x20002408                . = ALIGN (0x8)
                0x20002408                PROVIDE (end = .)
                [!provide]                PROVIDE (_end = .)
                0x20002608                . = (. + _Min_Heap_Size)
 *fill*         0x20002408      0x200 
                0x20002a08                . = (. + _Min_Stack_Size)
 *fill*         0x20002608      0x400 
                0x20002a08                . = ALIGN (0x8)

/DISCARD/
 libc.a(*)
 libm.a(*)
 libgcc.a(*)

.ARM.attributes
                0x00000000       0x29
 *(.ARM.attributes)
 .ARM.attributes
                0x00000000       0x1d e:/gcc-arm-none-eabi-10.3-2021.10-win32/gcc-arm-none-eabi-10.3-2021.10/bin/../lib/gcc/arm-none-eabi/10.3.1/thumb/v7-m/nofp/crti.o
 .ARM.attributes