Archive member included to satisfy reference by file (symbol)

e:/gcc-arm-none-eabi-10.3-2021.10-win32/gcc-arm-none-eabi-10.3-2021.10/bin/../lib/gcc/arm-none-eabi/10.3.1/thumb/v7-m/nofp\libgcc.a(_arm_muldf3.o)
                              CMakeFiles/Demo5_1Binary.elf.dir/Core/Src/lcd.c.obj (__aeabi_dmul)
e:/gcc-arm-none-eabi-10.3-2021.10-win32/gcc-arm-none-eabi-10.3-2021.10/bin/../lib/gcc/arm-none-eabi/10.3.1/thumb/v7-m/nofp\libgcc.a(_arm_addsubdf3.o)
                              CMakeFiles/Demo5_1Binary.elf.dir/Core/Src/lcd.c.obj (__aeabi_i2d)
e:/gcc-arm-none-eabi-10.3-2021.10-win32/gcc-arm-none-eabi-10.3-2021.10/bin/../lib/gcc/arm-none-eabi/10.3.1/thumb/v7-m/nofp\libgcc.a(_arm_fixunsdfsi.o)
                              CMakeFiles/Demo5_1Binary.elf.dir/Core/Src/lcd.c.obj (__aeabi_d2uiz)
e:/gcc-arm-none-eabi-10.3-2021.10-win32/gcc-arm-none-eabi-10.3-2021.10/bin/../lib/gcc/arm-none-eabi/10.3.1/../../../../arm-none-eabi/lib/thumb/v7-m/nofp\libg.a(lib_a-errno.o)
                              CMakeFiles/Demo5_1Binary.elf.dir/Core/Src/syscalls.c.obj (__errno)
e:/gcc-arm-none-eabi-10.3-2021.10-win32/gcc-arm-none-eabi-10.3-2021.10/bin/../lib/gcc/arm-none-eabi/10.3.1/../../../../arm-none-eabi/lib/thumb/v7-m/nofp\libg.a(lib_a-exit.o)
                              e:/gcc-arm-none-eabi-10.3-2021.10-win32/gcc-arm-none-eabi-10.3-2021.10/bin/../lib/gcc/arm-none-eabi/10.3.1/../../../../arm-none-eabi/lib/thumb/v7-m/nofp/crt0.o (exit)
e:/gcc-arm-none-eabi-10.3-2021.10-win32/gcc-arm-none-eabi-10.3-2021.10/bin/../lib/gcc/arm-none-eabi/10.3.1/../../../../arm-none-eabi/lib/thumb/v7-m/nofp\libg.a(lib_a-impure.o)
                              e:/gcc-arm-none-eabi-10.3-2021.10-win32/gcc-arm-none-eabi-10.3-2021.10/bin/../lib/gcc/arm-none-eabi/10.3.1/../../../../arm-none-eabi/lib/thumb/v7-m/nofp\libg.a(lib_a-exit.o) (_global_impure_ptr)
e:/gcc-arm-none-eabi-10.3-2021.10-win32/gcc-arm-none-eabi-10.3-2021.10/bin/../lib/gcc/arm-none-eabi/10.3.1/../../../../arm-none-eabi/lib/thumb/v7-m/nofp\libg.a(lib_a-init.o)
                              e:/gcc-arm-none-eabi-10.3-2021.10-win32/gcc-arm-none-eabi-10.3-2021.10/bin/../lib/gcc/arm-none-eabi/10.3.1/../../../../arm-none-eabi/lib/thumb/v7-m/nofp/crt0.o (__libc_init_array)
e:/gcc-arm-none-eabi-10.3-2021.10-win32/gcc-arm-none-eabi-10.3-2021.10/bin/../lib/gcc/arm-none-eabi/10.3.1/../../../../arm-none-eabi/lib/thumb/v7-m/nofp\libg.a(lib_a-memcpy.o)
                              CMakeFiles/Demo5_1Binary.elf.dir/Middlewares/Third_Party/FreeRTOS/Source/CMSIS_RTOS_V2/cmsis_os2.c.obj (memcpy)
e:/gcc-arm-none-eabi-10.3-2021.10-win32/gcc-arm-none-eabi-10.3-2021.10/bin/../lib/gcc/arm-none-eabi/10.3.1/../../../../arm-none-eabi/lib/thumb/v7-m/nofp\libg.a(lib_a-memset.o)
                              e:/gcc-arm-none-eabi-10.3-2021.10-win32/gcc-arm-none-eabi-10.3-2021.10/bin/../lib/gcc/arm-none-eabi/10.3.1/../../../../arm-none-eabi/lib/thumb/v7-m/nofp/crt0.o (memset)
e:/gcc-arm-none-eabi-10.3-2021.10-win32/gcc-arm-none-eabi-10.3-2021.10/bin/../lib/gcc/arm-none-eabi/10.3.1/../../../../arm-none-eabi/lib/thumb/v7-m/nofp\libg.a(lib_a-__call_atexit.o)
                              e:/gcc-arm-none-eabi-10.3-2021.10-win32/gcc-arm-none-eabi-10.3-2021.10/bin/../lib/gcc/arm-none-eabi/10.3.1/../../../../arm-none-eabi/lib/thumb/v7-m/nofp\libg.a(lib_a-exit.o) (__call_exitprocs)
e:/gcc-arm-none-eabi-10.3-2021.10-win32/gcc-arm-none-eabi-10.3-2021.10/bin/../lib/gcc/arm-none-eabi/10.3.1/../../../../arm-none-eabi/lib/thumb/v7-m/nofp\libg.a(lib_a-atexit.o)
                              e:/gcc-arm-none-eabi-10.3-2021.10-win32/gcc-arm-none-eabi-10.3-2021.10/bin/../lib/gcc/arm-none-eabi/10.3.1/../../../../arm-none-eabi/lib/thumb/v7-m/nofp\libg.a(lib_a-__call_atexit.o) (atexit)
e:/gcc-arm-none-eabi-10.3-2021.10-win32/gcc-arm-none-eabi-10.3-2021.10/bin/../lib/gcc/arm-none-eabi/10.3.1/../../../../arm-none-eabi/lib/thumb/v7-m/nofp\libg.a(lib_a-fini.o)
                              e:/gcc-arm-none-eabi-10.3-2021.10-win32/gcc-arm-none-eabi-10.3-2021.10/bin/../lib/gcc/arm-none-eabi/10.3.1/../../../../arm-none-eabi/lib/thumb/v7-m/nofp\libg.a(lib_a-__call_atexit.o) (__libc_fini_array)
e:/gcc-arm-none-eabi-10.3-2021.10-win32/gcc-arm-none-eabi-10.3-2021.10/bin/../lib/gcc/arm-none-eabi/10.3.1/../../../../arm-none-eabi/lib/thumb/v7-m/nofp\libg.a(lib_a-lock.o)
                              e:/gcc-arm-none-eabi-10.3-2021.10-win32/gcc-arm-none-eabi-10.3-2021.10/bin/../lib/gcc/arm-none-eabi/10.3.1/../../../../arm-none-eabi/lib/thumb/v7-m/nofp\libg.a(lib_a-__call_atexit.o) (__retarget_lock_acquire_recursive)
e:/gcc-arm-none-eabi-10.3-2021.10-win32/gcc-arm-none-eabi-10.3-2021.10/bin/../lib/gcc/arm-none-eabi/10.3.1/../../../../arm-none-eabi/lib/thumb/v7-m/nofp\libg.a(lib_a-__atexit.o)
                              e:/gcc-arm-none-eabi-10.3-2021.10-win32/gcc-arm-none-eabi-10.3-2021.10/bin/../lib/gcc/arm-none-eabi/10.3.1/../../../../arm-none-eabi/lib/thumb/v7-m/nofp\libg.a(lib_a-atexit.o) (__register_exitproc)

Discarded input sections

[...]
Memory Configuration

Name             Origin             Length             Attributes
RAM              0x20000000         0x0000c000         xrw
FLASH            0x08000000         0x00040000         xr
*default*        0x00000000         0xffffffff

Linker script and memory map

LOAD e:/gcc-arm-none-eabi-10.3-2021.10-win32/gcc-arm-none-eabi-10.3-2021.10/bin/../lib/gcc/arm-none-eabi/10.3.1/thumb/v7-m/nofp/crti.o
LOAD e:/gcc-arm-none-eabi-10.3-2021.10-win32/gcc-arm-none-eabi-10.3-2021.10/bin/../lib/gcc/arm-none-eabi/10.3.1/thumb/v7-m/nofp/crtbegin.o
LOAD e:/gcc-arm-none-eabi-10.3-2021.10-win32/gcc-arm-none-eabi-10.3-2021.10/bin/../lib/gcc/arm-none-eabi/10.3.1/../../../../arm-none-eabi/lib/thumb/v7-m/nofp/crt0.o
LOAD CMakeFiles/Demo5_1Binary.elf.dir/Core/Src/adc.c.obj
LOAD CMakeFiles/Demo5_1Binary.elf.dir/Core/Src/freertos.c.obj
LOAD CMakeFiles/Demo5_1Binary.elf.dir/Core/Src/gpio.c.obj
LOAD CMakeFiles/Demo5_1Binary.elf.dir/Core/Src/lcd.c.obj
LOAD CMakeFiles/Demo5_1Binary.elf.dir/Core/Src/main.c.obj
LOAD CMakeFiles/Demo5_1Binary.elf.dir/Core/Src/stm32f1xx_hal_msp.c.obj
LOAD CMakeFiles/Demo5_1Binary.elf.dir/Core/Src/stm32f1xx_hal_timebase_tim.c.obj
LOAD CMakeFiles/Demo5_1Binary.elf.dir/Core/Src/stm32f1xx_it.c.obj
LOAD CMakeFiles/Demo5_1Binary.elf.dir/Core/Src/sys.c.obj
LOAD CMakeFiles/Demo5_1Binary.elf.dir/Core/Src/syscalls.c.obj
LOAD CMakeFiles/Demo5_1Binary.elf.dir/Core/Src/system_stm32f1xx.c.obj
LOAD CMakeFiles/Demo5_1Binary.elf.dir/Core/Src/tim.c.obj
LOAD CMakeFiles/Demo5_1Binary.elf.dir/Drivers/STM32F1xx_HAL_Driver/Src/stm32f1xx_hal.c.obj
LOAD CMakeFiles/Demo5_1Binary.elf.dir/Drivers/STM32F1xx_HAL_Driver/Src/stm32f1xx_hal_adc.c.obj
LOAD CMakeFiles/Demo5_1Binary.elf.dir/Drivers/STM32F1xx_HAL_Driver/Src/stm32f1xx_hal_adc_ex.c.obj
LOAD CMakeFiles/Demo5_1Binary.elf.dir/Drivers/STM32F1xx_HAL_Driver/Src/stm32f1xx_hal_cortex.c.obj
LOAD CMakeFiles/Demo5_1Binary.elf.dir/Drivers/STM32F1xx_HAL_Driver/Src/stm32f1xx_hal_dma.c.obj
LOAD CMakeFiles/Demo5_1Binary.elf.dir/Drivers/STM32F1xx_HAL_Driver/Src/stm32f1xx_hal_exti.c.obj
LOAD CMakeFiles/Demo5_1Binary.elf.dir/Drivers/STM32F1xx_HAL_Driver/Src/stm32f1xx_hal_flash.c.obj
LOAD CMakeFiles/Demo5_1Binary.elf.dir/Drivers/STM32F1xx_HAL_Driver/Src/stm32f1xx_hal_flash_ex.c.obj
LOAD CMakeFiles/Demo5_1Binary.elf.dir/Drivers/STM32F1xx_HAL_Driver/Src/stm32f1xx_hal_gpio.c.obj
LOAD CMakeFiles/Demo5_1Binary.elf.dir/Drivers/STM32F1xx_HAL_Driver/Src/stm32f1xx_hal_gpio_ex.c.obj
LOAD CMakeFiles/Demo5_1Binary.elf.dir/Drivers/STM32F1xx_HAL_Driver/Src/stm32f1xx_hal_pwr.c.obj
LOAD CMakeFiles/Demo5_1Binary.elf.dir/Drivers/STM32F1xx_HAL_Driver/Src/stm32f1xx_hal_rcc.c.obj
LOAD CMakeFiles/Demo5_1Binary.elf.dir/Drivers/STM32F1xx_HAL_Driver/Src/stm32f1xx_hal_rcc_ex.c.obj
LOAD CMakeFiles/Demo5_1Binary.elf.dir/Drivers/STM32F1xx_HAL_Driver/Src/stm32f1xx_hal_tim.c.obj
LOAD CMakeFiles/Demo5_1Binary.elf.dir/Drivers/STM32F1xx_HAL_Driver/Src/stm32f1xx_hal_tim_ex.c.obj
LOAD CMakeFiles/Demo5_1Binary.elf.dir/Middlewares/Third_Party/FreeRTOS/Source/CMSIS_RTOS_V2/cmsis_os2.c.obj
LOAD CMakeFiles/Demo5_1Binary.elf.dir/Middlewares/Third_Party/FreeRTOS/Source/croutine.c.obj
LOAD CMakeFiles/Demo5_1Binary.elf.dir/Middlewares/Third_Party/FreeRTOS/Source/event_groups.c.obj
LOAD CMakeFiles/Demo5_1Binary.elf.dir/Middlewares/Third_Party/FreeRTOS/Source/list.c.obj
LOAD CMakeFiles/Demo5_1Binary.elf.dir/Middlewares/Third_Party/FreeRTOS/Source/portable/GCC/ARM_CM3/port.c.obj
LOAD CMakeFiles/Demo5_1Binary.elf.dir/Middlewares/Third_Party/FreeRTOS/Source/portable/MemMang/heap_4.c.obj
LOAD CMakeFiles/Demo5_1Binary.elf.dir/Middlewares/Third_Party/FreeRTOS/Source/queue.c.obj
LOAD CMakeFiles/Demo5_1Binary.elf.dir/Middlewares/Third_Party/FreeRTOS/Source/stream_buffer.c.obj
LOAD CMakeFiles/Demo5_1Binary.elf.dir/Middlewares/Third_Party/FreeRTOS/Source/tasks.c.obj
LOAD CMakeFiles/Demo5_1Binary.elf.dir/Middlewares/Third_Party/FreeRTOS/Source/timers.c.obj
LOAD CMakeFiles/Demo5_1Binary.elf.dir/startup/startup_stm32f103xe.s.obj
START GROUP
LOAD e:/gcc-arm-none-eabi-10.3-2021.10-win32/gcc-arm-none-eabi-10.3-2021.10/bin/../lib/gcc/arm-none-eabi/10.3.1/thumb/v7-m/nofp\libgcc.a
LOAD e:/gcc-arm-none-eabi-10.3-2021.10-win32/gcc-arm-none-eabi-10.3-2021.10/bin/../lib/gcc/arm-none-eabi/10.3.1/../../../../arm-none-eabi/lib/thumb/v7-m/nofp\libg.a
LOAD e:/gcc-arm-none-eabi-10.3-2021.10-win32/gcc-arm-none-eabi-10.3-2021.10/bin/../lib/gcc/arm-none-eabi/10.3.1/../../../../arm-none-eabi/lib/thumb/v7-m/nofp\libc.a
END GROUP
LOAD e:/gcc-arm-none-eabi-10.3-2021.10-win32/gcc-arm-none-eabi-10.3-2021.10/bin/../lib/gcc/arm-none-eabi/10.3.1/thumb/v7-m/nofp/crtend.o
LOAD e:/gcc-arm-none-eabi-10.3-2021.10-win32/gcc-arm-none-eabi-10.3-2021.10/bin/../lib/gcc/arm-none-eabi/10.3.1/thumb/v7-m/nofp/crtn.o
                0x2000c000                _estack = (ORIGIN (RAM) + LENGTH (RAM))
                0x00000200                _Min_Heap_Size = 0x200
                0x00000400                _Min_Stack_Size = 0x400

.isr_vector     0x08000000      0x1e4
                0x08000000                . = ALIGN (0x4)
 *(.isr_vector)
 .isr_vector    0x08000000      0x1e4 CMakeFiles/Demo5_1Binary.elf.dir/startup/startup_stm32f103xe.s.obj
                0x08000000                g_pfnVectors
                0x080001e4                . = ALIGN (0x4)

.text           0x080001f0     0x78c8
                0x080001f0                . = ALIGN (0x4)
 *(.text)
 .text          0x080001f0       0x40 e:/gcc-arm-none-eabi-10.3-2021.10-win32/gcc-arm-none-eabi-10.3-2021.10/bin/../lib/gcc/arm-none-eabi/10.3.1/thumb/v7-m/nofp/crtbegin.o
 .text          0x08000230      0x254 e:/gcc-arm-none-eabi-10.3-2021.10-win32/gcc-arm-none-eabi-10.3-2021.10/bin/../lib/gcc/arm-none-eabi/10.3.1/thumb/v7-m/nofp\libgcc.a(_arm_muldf3.o)
                0x08000230                __muldf3
                0x08000230                __aeabi_dmul
 .text          0x08000484      0x378 e:/gcc-arm-none-eabi-10.3-2021.10-win32/gcc-arm-none-eabi-10.3-2021.10/bin/../lib/gcc/arm-none-eabi/10.3.1/thumb/v7-m/nofp\libgcc.a(_arm_addsubdf3.o)
                0x08000484                __aeabi_drsub
                0x0800048c                __aeabi_dsub
                0x0800048c                __subdf3
                0x08000490                __aeabi_dadd
                0x08000490                __adddf3
                0x08000708                __floatunsidf
                0x08000708                __aeabi_ui2d
                0x08000728                __floatsidf
                0x08000728                __aeabi_i2d
                0x0800074c                __aeabi_f2d
                0x0800074c                __extendsfdf2
                0x08000790                __floatundidf
                0x08000790                __aeabi_ul2d
                0x080007a0                __floatdidf
                0x080007a0                __aeabi_l2d
 .text          0x080007fc       0x40 e:/gcc-arm-none-eabi-10.3-2021.10-win32/gcc-arm-none-eabi-10.3-2021.10/bin/../lib/gcc/arm-none-eabi/10.3.1/thumb/v7-m/nofp\libgcc.a(_arm_fixunsdfsi.o)
                0x080007fc                __aeabi_d2uiz
                0x080007fc                __fixunsdfsi
 .text          0x0800083c       0xec e:/gcc-arm-none-eabi-10.3-2021.10-win32/gcc-arm-none-eabi-10.3-2021.10/bin/../lib/gcc/arm-none-eabi/10.3.1/../../../../arm-none-eabi/lib/thumb/v7-m/nofp\libg.a(lib_a-memcpy.o)
                0x0800083c                memcpy
 *(.text*)
 .text.MX_ADC1_Init
                0x08000928       0x5c CMakeFiles/Demo5_1Binary.elf.dir/Core/Src/adc.c.obj
                0x08000928                MX_ADC1_Init
 .text.HAL_ADC_MspInit
                0x08000984       0x70 CMakeFiles/Demo5_1Binary.elf.dir/Core/Src/adc.c.obj
                0x08000984                HAL_ADC_MspInit
 .text.AppTask_Show
                0x080009f4       0x8c CMakeFiles/Demo5_1Binary.elf.dir/Core/Src/freertos.c.obj
                0x080009f4                AppTask_Show
 .text.MX_FREERTOS_Init
                0x08000a80       0x34 CMakeFiles/Demo5_1Binary.elf.dir/Core/Src/freertos.c.obj
                0x08000a80                MX_FREERTOS_Init
 .text.HAL_ADC_ConvCpltCallback
                0x08000ab4       0x50 CMakeFiles/Demo5_1Binary.elf.dir/Core/Src/freertos.c.obj
                0x08000ab4                HAL_ADC_ConvCpltCallback
 .text.MX_GPIO_Init
                0x08000b04       0xa0 CMakeFiles/Demo5_1Binary.elf.dir/Core/Src/gpio.c.obj
                0x08000b04                MX_GPIO_Init
 .text.LCD_WR_REG
                0x08000ba4       0x24 CMakeFiles/Demo5_1Binary.elf.dir/Core/Src/lcd.c.obj
                0x08000ba4                LCD_WR_REG
 .text.LCD_WR_DATAX
                0x08000bc8       0x24 CMakeFiles/Demo5_1Binary.elf.dir/Core/Src/lcd.c.obj
                0x08000bc8                LCD_WR_DATAX
 .text.LCD_RD_DATA
                0x08000bec       0x48 CMakeFiles/Demo5_1Binary.elf.dir/Core/Src/lcd.c.obj
                0x08000bec                LCD_RD_DATA
 .text.LCD_WriteReg
                0x08000c34       0x2c CMakeFiles/Demo5_1Binary.elf.dir/Core/Src/lcd.c.obj
                0x08000c34                LCD_WriteReg
 .text.LCD_WriteRAM_Prepare
                0x08000c60       0x10 CMakeFiles/Demo5_1Binary.elf.dir/Core/Src/lcd.c.obj
                0x08000c60                LCD_WriteRAM_Prepare
 .text.LCD_SetCursor
                0x08000c70      0x250 CMakeFiles/Demo5_1Binary.elf.dir/Core/Src/lcd.c.obj
                0x08000c70                LCD_SetCursor
 .text.LCD_Scan_Dir
                0x08000ec0      0x2c0 CMakeFiles/Demo5_1Binary.elf.dir/Core/Src/lcd.c.obj
                0x08000ec0                LCD_Scan_Dir
 .text.LCD_Fast_DrawPoint
                0x08001180      0x25c CMakeFiles/Demo5_1Binary.elf.dir/Core/Src/lcd.c.obj
                0x08001180                LCD_Fast_DrawPoint
 *fill*         0x080013dc        0x4 
 .text.LCD_SSD_BackLightSet
                0x080013e0       0xa0 CMakeFiles/Demo5_1Binary.elf.dir/Core/Src/lcd.c.obj
                0x080013e0                LCD_SSD_BackLightSet
 .text.LCD_Display_Dir
                0x08001480      0x118 CMakeFiles/Demo5_1Binary.elf.dir/Core/Src/lcd.c.obj
                0x08001480                LCD_Display_Dir
 .text.LCD_Clear
                0x08001598       0x4c CMakeFiles/Demo5_1Binary.elf.dir/Core/Src/lcd.c.obj
                0x08001598                LCD_Clear
 .text.LCD_Init
                0x080015e4     0x2714 CMakeFiles/Demo5_1Binary.elf.dir/Core/Src/lcd.c.obj
                0x080015e4                LCD_Init
 .text.LCD_ShowChar
                0x08003cf8       0xf8 CMakeFiles/Demo5_1Binary.elf.dir/Core/Src/lcd.c.obj
                0x08003cf8                LCD_ShowChar
 .text.LCD_Pow  0x08003df0       0x16 CMakeFiles/Demo5_1Binary.elf.dir/Core/Src/lcd.c.obj
                0x08003df0                LCD_Pow
 *fill*         0x08003e06        0x2 
 .text.LCD_ShowNum
                0x08003e08       0x94 CMakeFiles/Demo5_1Binary.elf.dir/Core/Src/lcd.c.obj
                0x08003e08                LCD_ShowNum
 .text.LCD_ShowString
                0x08003e9c       0x5a CMakeFiles/Demo5_1Binary.elf.dir/Core/Src/lcd.c.obj
                0x08003e9c                LCD_ShowString
 *fill*         0x08003ef6        0x2 
 .text.HAL_TIM_PeriodElapsedCallback
                0x08003ef8       0x18 CMakeFiles/Demo5_1Binary.elf.dir/Core/Src/main.c.obj
                0x08003ef8                HAL_TIM_PeriodElapsedCallback
 .text.Error_Handler
                0x08003f10        0x4 CMakeFiles/Demo5_1Binary.elf.dir/Core/Src/main.c.obj
                0x08003f10                Error_Handler
 .text.SystemClock_Config
                0x08003f14       0x86 CMakeFiles/Demo5_1Binary.elf.dir/Core/Src/main.c.obj
                0x08003f14                SystemClock_Config
 *fill*         0x08003f9a        0x2 
 .text.main     0x08003f9c       0x58 CMakeFiles/Demo5_1Binary.elf.dir/Core/Src/main.c.obj
                0x08003f9c                main
 .text.HAL_MspInit
                0x08003ff4       0x54 CMakeFiles/Demo5_1Binary.elf.dir/Core/Src/stm32f1xx_hal_msp.c.obj
                0x08003ff4                HAL_MspInit
 .text.HAL_InitTick
                0x08004048       0x7c CMakeFiles/Demo5_1Binary.elf.dir/Core/Src/stm32f1xx_hal_timebase_tim.c.obj
                0x08004048                HAL_InitTick
 .text.NMI_Handler
                0x080040c4        0x2 CMakeFiles/Demo5_1Binary.elf.dir/Core/Src/stm32f1xx_it.c.obj
                0x080040c4                NMI_Handler
 .text.HardFault_Handler
                0x080040c6        0x2 CMakeFiles/Demo5_1Binary.elf.dir/Core/Src/stm32f1xx_it.c.obj
                0x080040c6                HardFault_Handler
 .text.MemManage_Handler
                0x080040c8        0x2 CMakeFiles/Demo5_1Binary.elf.dir/Core/Src/stm32f1xx_it.c.obj
                0x080040c8                MemManage_Handler
 .text.BusFault_Handler
                0x080040ca        0x2 CMakeFiles/Demo5_1Binary.elf.dir/Core/Src/stm32f1xx_it.c.obj
                0x080040ca                BusFault_Handler
 .text.UsageFault_Handler
                0x080040cc        0x2 CMakeFiles/Demo5_1Binary.elf.dir/Core/Src/stm32f1xx_it.c.obj
                0x080040cc                UsageFault_Handler
 .text.DebugMon_Handler
                0x080040ce        0x2 CMakeFiles/Demo5_1Binary.elf.dir/Core/Src/stm32f1xx_it.c.obj
                0x080040ce                DebugMon_Handler
 .text.ADC1_2_IRQHandler
                0x080040d0       0x10 CMakeFiles/Demo5_1Binary.elf.dir/Core/Src/stm32f1xx_it.c.obj
                0x080040d0                ADC1_2_IRQHandler
 .text.TIM6_IRQHandler
                0x080040e0       0x10 CMakeFiles/Demo5_1Binary.elf.dir/Core/Src/stm32f1xx_it.c.obj
                0x080040e0                TIM6_IRQHandler
 .text.SystemInit
                0x080040f0        0x2 CMakeFiles/Demo5_1Binary.elf.dir/Core/Src/system_stm32f1xx.c.obj
                0x080040f0                SystemInit
 *fill*         0x080040f2        0x2 
 .text.MX_TIM3_Init
                0x080040f4       0x74 CMakeFiles/Demo5_1Binary.elf.dir/Core/Src/tim.c.obj
                0x080040f4                MX_TIM3_Init
 .text.HAL_TIM_Base_MspInit
                0x08004168       0x2c CMakeFiles/Demo5_1Binary.elf.dir/Core/Src/tim.c.obj
                0x08004168                HAL_TIM_Base_MspInit
 .text.HAL_Init
                0x08004194       0x24 CMakeFiles/Demo5_1Binary.elf.dir/Drivers/STM32F1xx_HAL_Driver/Src/stm32f1xx_hal.c.obj
                0x08004194                HAL_Init
 .text.HAL_IncTick
                0x080041b8       0x18 CMakeFiles/Demo5_1Binary.elf.dir/Drivers/STM32F1xx_HAL_Driver/Src/stm32f1xx_hal.c.obj
                0x080041b8                HAL_IncTick
 .text.HAL_GetTick
                0x080041d0        0xc CMakeFiles/Demo5_1Binary.elf.dir/Drivers/STM32F1xx_HAL_Driver/Src/stm32f1xx_hal.c.obj
                0x080041d0                HAL_GetTick
 .text.HAL_Delay
                0x080041dc       0x28 CMakeFiles/Demo5_1Binary.elf.dir/Drivers/STM32F1xx_HAL_Driver/Src/stm32f1xx_hal.c.obj
                0x080041dc                HAL_Delay
 .text.HAL_ADC_GetValue
                0x08004204        0x6 CMakeFiles/Demo5_1Binary.elf.dir/Drivers/STM32F1xx_HAL_Driver/Src/stm32f1xx_hal_adc.c.obj
                0x08004204                HAL_ADC_GetValue
 .text.HAL_ADC_LevelOutOfWindowCallback
                0x0800420a        0x2 CMakeFiles/Demo5_1Binary.elf.dir/Drivers/STM32F1xx_HAL_Driver/Src/stm32f1xx_hal_adc.c.obj
                0x0800420a                HAL_ADC_LevelOutOfWindowCallback
 .text.HAL_ADC_IRQHandler
                0x0800420c      0x10c CMakeFiles/Demo5_1Binary.elf.dir/Drivers/STM32F1xx_HAL_Driver/Src/stm32f1xx_hal_adc.c.obj
                0x0800420c                HAL_ADC_IRQHandler
 .text.HAL_ADC_ConfigChannel
                0x08004318      0x144 CMakeFiles/Demo5_1Binary.elf.dir/Drivers/STM32F1xx_HAL_Driver/Src/stm32f1xx_hal_adc.c.obj
                0x08004318                HAL_ADC_ConfigChannel
 .text.ADC_Enable
                0x0800445c       0x88 CMakeFiles/Demo5_1Binary.elf.dir/Drivers/STM32F1xx_HAL_Driver/Src/stm32f1xx_hal_adc.c.obj
                0x0800445c                ADC_Enable
 .text.HAL_ADC_Start_IT
                0x080044e4       0xf0 CMakeFiles/Demo5_1Binary.elf.dir/Drivers/STM32F1xx_HAL_Driver/Src/stm32f1xx_hal_adc.c.obj
                0x080044e4                HAL_ADC_Start_IT
 .text.ADC_ConversionStop_Disable
                0x080045d4       0x56 CMakeFiles/Demo5_1Binary.elf.dir/Drivers/STM32F1xx_HAL_Driver/Src/stm32f1xx_hal_adc.c.obj
                0x080045d4                ADC_ConversionStop_Disable
 *fill*         0x0800462a        0x2 
 .text.HAL_ADC_Init
                0x0800462c      0x128 CMakeFiles/Demo5_1Binary.elf.dir/Drivers/STM32F1xx_HAL_Driver/Src/stm32f1xx_hal_adc.c.obj
                0x0800462c                HAL_ADC_Init
 .text.HAL_ADCEx_InjectedConvCpltCallback
                0x08004754        0x2 CMakeFiles/Demo5_1Binary.elf.dir/Drivers/STM32F1xx_HAL_Driver/Src/stm32f1xx_hal_adc_ex.c.obj
                0x08004754                HAL_ADCEx_InjectedConvCpltCallback
 *fill*         0x08004756        0x2 
 .text.HAL_NVIC_SetPriorityGrouping
                0x08004758       0x24 CMakeFiles/Demo5_1Binary.elf.dir/Drivers/STM32F1xx_HAL_Driver/Src/stm32f1xx_hal_cortex.c.obj
                0x08004758                HAL_NVIC_SetPriorityGrouping
 .text.HAL_NVIC_SetPriority
                0x0800477c       0x70 CMakeFiles/Demo5_1Binary.elf.dir/Drivers/STM32F1xx_HAL_Driver/Src/stm32f1xx_hal_cortex.c.obj
                0x0800477c                HAL_NVIC_SetPriority
 .text.HAL_NVIC_EnableIRQ
                0x080047ec       0x1c CMakeFiles/Demo5_1Binary.elf.dir/Drivers/STM32F1xx_HAL_Driver/Src/stm32f1xx_hal_cortex.c.obj
                0x080047ec                HAL_NVIC_EnableIRQ
 .text.HAL_GPIO_Init
                0x08004808      0x240 CMakeFiles/Demo5_1Binary.elf.dir/Drivers/STM32F1xx_HAL_Driver/Src/stm32f1xx_hal_gpio.c.obj
                0x08004808                HAL_GPIO_Init
 .text.HAL_GPIO_WritePin
                0x08004a48        0xc CMakeFiles/Demo5_1Binary.elf.dir/Drivers/STM32F1xx_HAL_Driver/Src/stm32f1xx_hal_gpio.c.obj
                0x08004a48                HAL_GPIO_WritePin
 .text.RCC_Delay
                0x08004a54       0x2c CMakeFiles/Demo5_1Binary.elf.dir/Drivers/STM32F1xx_HAL_Driver/Src/stm32f1xx_hal_rcc.c.obj
 .text.HAL_RCC_OscConfig
                0x08004a80      0x410 CMakeFiles/Demo5_1Binary.elf.dir/Drivers/STM32F1xx_HAL_Driver/Src/stm32f1xx_hal_rcc.c.obj
                0x08004a80                HAL_RCC_OscConfig
 .text.HAL_RCC_GetSysClockFreq
                0x08004e90       0x70 CMakeFiles/Demo5_1Binary.elf.dir/Drivers/STM32F1xx_HAL_Driver/Src/stm32f1xx_hal_rcc.c.obj
                0x08004e90                HAL_RCC_GetSysClockFreq
 .text.HAL_RCC_ClockConfig
                0x08004f00      0x16c CMakeFiles/Demo5_1Binary.elf.dir/Drivers/STM32F1xx_HAL_Driver/Src/stm32f1xx_hal_rcc.c.obj
                0x08004f00                HAL_RCC_ClockConfig
 .text.HAL_RCC_GetHCLKFreq
                0x0800506c        0xc CMakeFiles/Demo5_1Binary.elf.dir/Drivers/STM32F1xx_HAL_Driver/Src/stm32f1xx_hal_rcc.c.obj
                0x0800506c                HAL_RCC_GetHCLKFreq
 .text.HAL_RCC_GetPCLK1Freq
                0x08005078       0x20 CMakeFiles/Demo5_1Binary.elf.dir/Drivers/STM32F1xx_HAL_Driver/Src/stm32f1xx_hal_rcc.c.obj
                0x08005078                HAL_RCC_GetPCLK1Freq
 .text.HAL_RCC_GetClockConfig
                0x08005098       0x3c CMakeFiles/Demo5_1Binary.elf.dir/Drivers/STM32F1xx_HAL_Driver/Src/stm32f1xx_hal_rcc.c.obj
                0x08005098                HAL_RCC_GetClockConfig
 .text.HAL_RCCEx_PeriphCLKConfig
                0x080050d4      0x118 CMakeFiles/Demo5_1Binary.elf.dir/Drivers/STM32F1xx_HAL_Driver/Src/stm32f1xx_hal_rcc_ex.c.obj
                0x080050d4                HAL_RCCEx_PeriphCLKConfig
 .text.TIM_TI1_ConfigInputStage
                0x080051ec       0x24 CMakeFiles/Demo5_1Binary.elf.dir/Drivers/STM32F1xx_HAL_Driver/Src/stm32f1xx_hal_tim.c.obj
 .text.TIM_TI2_ConfigInputStage
                0x08005210       0x26 CMakeFiles/Demo5_1Binary.elf.dir/Drivers/STM32F1xx_HAL_Driver/Src/stm32f1xx_hal_tim.c.obj
 .text.TIM_ITRx_SetConfig
                0x08005236       0x10 CMakeFiles/Demo5_1Binary.elf.dir/Drivers/STM32F1xx_HAL_Driver/Src/stm32f1xx_hal_tim.c.obj
 *fill*         0x08005246        0x2 
 .text.HAL_TIM_Base_Start_IT
                0x08005248       0x78 CMakeFiles/Demo5_1Binary.elf.dir/Drivers/STM32F1xx_HAL_Driver/Src/stm32f1xx_hal_tim.c.obj
                0x08005248                HAL_TIM_Base_Start_IT
 .text.HAL_TIM_OC_DelayElapsedCallback
                0x080052c0        0x2 CMakeFiles/Demo5_1Binary.elf.dir/Drivers/STM32F1xx_HAL_Driver/Src/stm32f1xx_hal_tim.c.obj
                0x080052c0                HAL_TIM_OC_DelayElapsedCallback
 .text.HAL_TIM_IC_CaptureCallback
                0x080052c2        0x2 CMakeFiles/Demo5_1Binary.elf.dir/Drivers/STM32F1xx_HAL_Driver/Src/stm32f1xx_hal_tim.c.obj
                0x080052c2                HAL_TIM_IC_CaptureCallback
 .text.HAL_TIM_PWM_PulseFinishedCallback
                0x080052c4        0x2 CMakeFiles/Demo5_1Binary.elf.dir/Drivers/STM32F1xx_HAL_Driver/Src/stm32f1xx_hal_tim.c.obj
                0x080052c4                HAL_TIM_PWM_PulseFinishedCallback
 .text.HAL_TIM_TriggerCallback
                0x080052c6        0x2 CMakeFiles/Demo5_1Binary.elf.dir/Drivers/STM32F1xx_HAL_Driver/Src/stm32f1xx_hal_tim.c.obj
                0x080052c6                HAL_TIM_TriggerCallback
 .text.HAL_TIM_IRQHandler
                0x080052c8      0x17a CMakeFiles/Demo5_1Binary.elf.dir/Drivers/STM32F1xx_HAL_Driver/Src/stm32f1xx_hal_tim.c.obj
                0x080052c8                HAL_TIM_IRQHandler
 *fill*         0x08005442        0x2 
 .text.TIM_Base_SetConfig
                0x08005444       0x98 CMakeFiles/Demo5_1Binary.elf.dir/Drivers/STM32F1xx_HAL_Driver/Src/stm32f1xx_hal_tim.c.obj
                0x08005444                TIM_Base_SetConfig
 .text.HAL_TIM_Base_Init
                0x080054dc       0x58 CMakeFiles/Demo5_1Binary.elf.dir/Drivers/STM32F1xx_HAL_Driver/Src/stm32f1xx_hal_tim.c.obj
                0x080054dc                HAL_TIM_Base_Init
 .text.TIM_ETR_SetConfig
                0x08005534       0x18 CMakeFiles/Demo5_1Binary.elf.dir/Drivers/STM32F1xx_HAL_Driver/Src/stm32f1xx_hal_tim.c.obj
                0x08005534                TIM_ETR_SetConfig
 .text.HAL_TIM_ConfigClockSource
                0x0800554c       0xda CMakeFiles/Demo5_1Binary.elf.dir/Drivers/STM32F1xx_HAL_Driver/Src/stm32f1xx_hal_tim.c.obj
                0x0800554c                HAL_TIM_ConfigClockSource
 *fill*         0x08005626        0x2 
 .text.HAL_TIMEx_MasterConfigSynchronization
                0x08005628       0x7c CMakeFiles/Demo5_1Binary.elf.dir/Drivers/STM32F1xx_HAL_Driver/Src/stm32f1xx_hal_tim_ex.c.obj
                0x08005628                HAL_TIMEx_MasterConfigSynchronization
 .text.HAL_TIMEx_CommutCallback
                0x080056a4        0x2 CMakeFiles/Demo5_1Binary.elf.dir/Drivers/STM32F1xx_HAL_Driver/Src/stm32f1xx_hal_tim_ex.c.obj
                0x080056a4                HAL_TIMEx_CommutCallback
 .text.HAL_TIMEx_BreakCallback
                0x080056a6        0x2 CMakeFiles/Demo5_1Binary.elf.dir/Drivers/STM32F1xx_HAL_Driver/Src/stm32f1xx_hal_tim_ex.c.obj
                0x080056a6                HAL_TIMEx_BreakCallback
 .text.osKernelInitialize
                0x080056a8       0x44 CMakeFiles/Demo5_1Binary.elf.dir/Middlewares/Third_Party/FreeRTOS/Source/CMSIS_RTOS_V2/cmsis_os2.c.obj
                0x080056a8                osKernelInitialize
 .text.osKernelStart
                0x080056ec       0x4c CMakeFiles/Demo5_1Binary.elf.dir/Middlewares/Third_Party/FreeRTOS/Source/CMSIS_RTOS_V2/cmsis_os2.c.obj
                0x080056ec                osKernelStart
 .text.osThreadNew
                0x08005738       0xec CMakeFiles/Demo5_1Binary.elf.dir/Middlewares/Third_Party/FreeRTOS/Source/CMSIS_RTOS_V2/cmsis_os2.c.obj
                0x08005738                osThreadNew
 .text.osDelay  0x08005824       0x44 CMakeFiles/Demo5_1Binary.elf.dir/Middlewares/Third_Party/FreeRTOS/Source/CMSIS_RTOS_V2/cmsis_os2.c.obj
                0x08005824                osDelay
 .text.osSemaphoreNew
                0x08005868       0xd8 CMakeFiles/Demo5_1Binary.elf.dir/Middlewares/Third_Party/FreeRTOS/Source/CMSIS_RTOS_V2/cmsis_os2.c.obj
                0x08005868                osSemaphoreNew
 .text.vApplicationGetIdleTaskMemory
                0x08005940       0x18 CMakeFiles/Demo5_1Binary.elf.dir/Middlewares/Third_Party/FreeRTOS/Source/CMSIS_RTOS_V2/cmsis_os2.c.obj
                0x08005940                vApplicationGetIdleTaskMemory
 .text.vApplicationGetTimerTaskMemory
                0x08005958       0x18 CMakeFiles/Demo5_1Binary.elf.dir/Middlewares/Third_Party/FreeRTOS/Source/CMSIS_RTOS_V2/cmsis_os2.c.obj
                0x08005958                vApplicationGetTimerTaskMemory
 .text.vListInitialise
                0x08005970       0x16 CMakeFiles/Demo5_1Binary.elf.dir/Middlewares/Third_Party/FreeRTOS/Source/list.c.obj
                0x08005970                vListInitialise
 .text.vListInitialiseItem
                0x08005986        0x6 CMakeFiles/Demo5_1Binary.elf.dir/Middlewares/Third_Party/FreeRTOS/Source/list.c.obj
                0x08005986                vListInitialiseItem
 .text.vListInsertEnd
                0x0800598c       0x16 CMakeFiles/Demo5_1Binary.elf.dir/Middlewares/Third_Party/FreeRTOS/Source/list.c.obj
                0x0800598c                vListInsertEnd
 .text.vListInsert
                0x080059a2       0x32 CMakeFiles/Demo5_1Binary.elf.dir/Middlewares/Third_Party/FreeRTOS/Source/list.c.obj
                0x080059a2                vListInsert
 .text.uxListRemove
                0x080059d4       0x26 CMakeFiles/Demo5_1Binary.elf.dir/Middlewares/Third_Party/FreeRTOS/Source/list.c.obj
                0x080059d4                uxListRemove
 *fill*         0x080059fa        0x2 
 .text.prvTaskExitError
                0x080059fc       0x40 CMakeFiles/Demo5_1Binary.elf.dir/Middlewares/Third_Party/FreeRTOS/Source/portable/GCC/ARM_CM3/port.c.obj
 .text.prvPortStartFirstTask
                0x08005a3c       0x20 CMakeFiles/Demo5_1Binary.elf.dir/Middlewares/Third_Party/FreeRTOS/Source/portable/GCC/ARM_CM3/port.c.obj
 .text.pxPortInitialiseStack
                0x08005a5c       0x24 CMakeFiles/Demo5_1Binary.elf.dir/Middlewares/Third_Party/FreeRTOS/Source/portable/GCC/ARM_CM3/port.c.obj
                0x08005a5c                pxPortInitialiseStack
 .text.SVC_Handler
                0x08005a80       0x24 CMakeFiles/Demo5_1Binary.elf.dir/Middlewares/Third_Party/FreeRTOS/Source/portable/GCC/ARM_CM3/port.c.obj
                0x08005a80                SVC_Handler
 .text.vPortEnterCritical
                0x08005aa4       0x44 CMakeFiles/Demo5_1Binary.elf.dir/Middlewares/Third_Party/FreeRTOS/Source/portable/GCC/ARM_CM3/port.c.obj
                0x08005aa4                vPortEnterCritical
 .text.vPortExitCritical
                0x08005ae8       0x2c CMakeFiles/Demo5_1Binary.elf.dir/Middlewares/Third_Party/FreeRTOS/Source/portable/GCC/ARM_CM3/port.c.obj
                0x08005ae8                vPortExitCritical
 *fill*         0x08005b14        0xc 
 .text.PendSV_Handler
                0x08005b20       0x44 CMakeFiles/Demo5_1Binary.elf.dir/Middlewares/Third_Party/FreeRTOS/Source/portable/GCC/ARM_CM3/port.c.obj
                0x08005b20                PendSV_Handler
 .text.SysTick_Handler
                0x08005b64       0x2c CMakeFiles/Demo5_1Binary.elf.dir/Middlewares/Third_Party/FreeRTOS/Source/portable/GCC/ARM_CM3/port.c.obj
                0x08005b64                SysTick_Handler
 .text.vPortSetupTimerInterrupt
                0x08005b90       0x28 CMakeFiles/Demo5_1Binary.elf.dir/Middlewares/Third_Party/FreeRTOS/Source/portable/GCC/ARM_CM3/port.c.obj
                0x08005b90                vPortSetupTimerInterrupt
 .text.xPortStartScheduler
                0x08005bb8       0xc0 CMakeFiles/Demo5_1Binary.elf.dir/Middlewares/Third_Party/FreeRTOS/Source/portable/GCC/ARM_CM3/port.c.obj
                0x08005bb8                xPortStartScheduler
 .text.vPortValidateInterruptPriority
                0x08005c78       0x5c CMakeFiles/Demo5_1Binary.elf.dir/Middlewares/Third_Party/FreeRTOS/Source/portable/GCC/ARM_CM3/port.c.obj
                0x08005c78                vPortValidateInterruptPriority
 .text.prvHeapInit
                0x08005cd4       0x64 CMakeFiles/Demo5_1Binary.elf.dir/Middlewares/Third_Party/FreeRTOS/Source/portable/MemMang/heap_4.c.obj
 .text.prvInsertBlockIntoFreeList
                0x08005d38       0x60 CMakeFiles/Demo5_1Binary.elf.dir/Middlewares/Third_Party/FreeRTOS/Source/portable/MemMang/heap_4.c.obj
 .text.pvPortMalloc
                0x08005d98       0xf0 CMakeFiles/Demo5_1Binary.elf.dir/Middlewares/Third_Party/FreeRTOS/Source/portable/MemMang/heap_4.c.obj
                0x08005d98                pvPortMalloc
 .text.vPortFree
                0x08005e88       0x70 CMakeFiles/Demo5_1Binary.elf.dir/Middlewares/Third_Party/FreeRTOS/Source/portable/MemMang/heap_4.c.obj
                0x08005e88                vPortFree
 .text.prvGetDisinheritPriorityAfterTimeout
                0x08005ef8       0x10 CMakeFiles/Demo5_1Binary.elf.dir/Middlewares/Third_Party/FreeRTOS/Source/queue.c.obj
 .text.prvIsQueueFull
                0x08005f08       0x1e CMakeFiles/Demo5_1Binary.elf.dir/Middlewares/Third_Party/FreeRTOS/Source/queue.c.obj
 .text.prvIsQueueEmpty
                0x08005f26       0x1a CMakeFiles/Demo5_1Binary.elf.dir/Middlewares/Third_Party/FreeRTOS/Source/queue.c.obj
 .text.prvCopyDataToQueue
                0x08005f40       0x76 CMakeFiles/Demo5_1Binary.elf.dir/Middlewares/Third_Party/FreeRTOS/Source/queue.c.obj
 .text.prvCopyDataFromQueue
                0x08005fb6       0x24 CMakeFiles/Demo5_1Binary.elf.dir/Middlewares/Third_Party/FreeRTOS/Source/queue.c.obj
 .text.prvUnlockQueue
                0x08005fda       0x6e CMakeFiles/Demo5_1Binary.elf.dir/Middlewares/Third_Party/FreeRTOS/Source/queue.c.obj
 .text.xQueueGenericReset
                0x08006048       0x84 CMakeFiles/Demo5_1Binary.elf.dir/Middlewares/Third_Party/FreeRTOS/Source/queue.c.obj
                0x08006048                xQueueGenericReset
 .text.prvInitialiseNewQueue
                0x080060cc       0x22 CMakeFiles/Demo5_1Binary.elf.dir/Middlewares/Third_Party/FreeRTOS/Source/queue.c.obj
 .text.xQueueGenericCreateStatic
                0x080060ee       0x92 CMakeFiles/Demo5_1Binary.elf.dir/Middlewares/Third_Party/FreeRTOS/Source/queue.c.obj
                0x080060ee                xQueueGenericCreateStatic
 .text.xQueueGenericCreate
                0x08006180       0x4e CMakeFiles/Demo5_1Binary.elf.dir/Middlewares/Third_Party/FreeRTOS/Source/queue.c.obj
                0x08006180                xQueueGenericCreate
 .text.xQueueCreateCountingSemaphoreStatic
                0x080061ce       0x46 CMakeFiles/Demo5_1Binary.elf.dir/Middlewares/Third_Party/FreeRTOS/Source/queue.c.obj
                0x080061ce                xQueueCreateCountingSemaphoreStatic
 .text.xQueueCreateCountingSemaphore
                0x08006214       0x3c CMakeFiles/Demo5_1Binary.elf.dir/Middlewares/Third_Party/FreeRTOS/Source/queue.c.obj
                0x08006214                xQueueCreateCountingSemaphore
 .text.xQueueGenericSend
                0x08006250      0x188 CMakeFiles/Demo5_1Binary.elf.dir/Middlewares/Third_Party/FreeRTOS/Source/queue.c.obj
                0x08006250                xQueueGenericSend
 .text.xQueueGenericSendFromISR
                0x080063d8       0xcc CMakeFiles/Demo5_1Binary.elf.dir/Middlewares/Third_Party/FreeRTOS/Source/queue.c.obj
                0x080063d8                xQueueGenericSendFromISR
 .text.xQueueGiveFromISR
                0x080064a4       0xb2 CMakeFiles/Demo5_1Binary.elf.dir/Middlewares/Third_Party/FreeRTOS/Source/queue.c.obj
                0x080064a4                xQueueGiveFromISR
 .text.xQueueReceive
                0x08006556      0x15e CMakeFiles/Demo5_1Binary.elf.dir/Middlewares/Third_Party/FreeRTOS/Source/queue.c.obj
                0x08006556                xQueueReceive
 .text.xQueueSemaphoreTake
                0x080066b4      0x1a6 CMakeFiles/Demo5_1Binary.elf.dir/Middlewares/Third_Party/FreeRTOS/Source/queue.c.obj
                0x080066b4                xQueueSemaphoreTake
 *fill*         0x0800685a        0x2 
 .text.vQueueAddToRegistry
                0x0800685c       0x28 CMakeFiles/Demo5_1Binary.elf.dir/Middlewares/Third_Party/FreeRTOS/Source/queue.c.obj
                0x0800685c                vQueueAddToRegistry
 .text.vQueueUnregisterQueue
                0x08006884       0x2c CMakeFiles/Demo5_1Binary.elf.dir/Middlewares/Third_Party/FreeRTOS/Source/queue.c.obj
                0x08006884                vQueueUnregisterQueue
 .text.vQueueDelete
                0x080068b0       0x2c CMakeFiles/Demo5_1Binary.elf.dir/Middlewares/Third_Party/FreeRTOS/Source/queue.c.obj
                0x080068b0                vQueueDelete
 .text.vQueueWaitForMessageRestricted
                0x080068dc       0x52 CMakeFiles/Demo5_1Binary.elf.dir/Middlewares/Third_Party/FreeRTOS/Source/queue.c.obj
                0x080068dc                vQueueWaitForMessageRestricted
 *fill*         0x0800692e        0x2 
 .text.prvResetNextTaskUnblockTime
                0x08006930       0x2c CMakeFiles/Demo5_1Binary.elf.dir/Middlewares/Third_Party/FreeRTOS/Source/tasks.c.obj
 .text.prvInitialiseNewTask
                0x0800695c       0x9c CMakeFiles/Demo5_1Binary.elf.dir/Middlewares/Third_Party/FreeRTOS/Source/tasks.c.obj
 .text.prvInitialiseTaskLists
                0x080069f8       0x68 CMakeFiles/Demo5_1Binary.elf.dir/Middlewares/Third_Party/FreeRTOS/Source/tasks.c.obj
 .text.prvAddNewTaskToReadyList
                0x08006a60       0xac CMakeFiles/Demo5_1Binary.elf.dir/Middlewares/Third_Party/FreeRTOS/Source/tasks.c.obj
 .text.prvDeleteTCB
                0x08006b0c       0x38 CMakeFiles/Demo5_1Binary.elf.dir/Middlewares/Third_Party/FreeRTOS/Source/tasks.c.obj
 .text.prvCheckTasksWaitingTermination
                0x08006b44       0x4c CMakeFiles/Demo5_1Binary.elf.dir/Middlewares/Third_Party/FreeRTOS/Source/tasks.c.obj
 .text.prvIdleTask
                0x08006b90       0x28 CMakeFiles/Demo5_1Binary.elf.dir/Middlewares/Third_Party/FreeRTOS/Source/tasks.c.obj
 .text.prvAddCurrentTaskToDelayedList
                0x08006bb8       0x7c CMakeFiles/Demo5_1Binary.elf.dir/Middlewares/Third_Party/FreeRTOS/Source/tasks.c.obj
 .text.xTaskCreateStatic
                0x08006c34       0x74 CMakeFiles/Demo5_1Binary.elf.dir/Middlewares/Third_Party/FreeRTOS/Source/tasks.c.obj
                0x08006c34                xTaskCreateStatic
 .text.xTaskCreate
                0x08006ca8       0x68 CMakeFiles/Demo5_1Binary.elf.dir/Middlewares/Third_Party/FreeRTOS/Source/tasks.c.obj
                0x08006ca8                xTaskCreate
 .text.vTaskStartScheduler
                0x08006d10       0x9c CMakeFiles/Demo5_1Binary.elf.dir/Middlewares/Third_Party/FreeRTOS/Source/tasks.c.obj
                0x08006d10                vTaskStartScheduler
 .text.vTaskSuspendAll
                0x08006dac       0x10 CMakeFiles/Demo5_1Binary.elf.dir/Middlewares/Third_Party/FreeRTOS/Source/tasks.c.obj
                0x08006dac                vTaskSuspendAll
 .text.xTaskGetTickCount
                0x08006dbc        0xc CMakeFiles/Demo5_1Binary.elf.dir/Middlewares/Third_Party/FreeRTOS/Source/tasks.c.obj
                0x08006dbc                xTaskGetTickCount
 .text.xTaskIncrementTick
                0x08006dc8      0x118 CMakeFiles/Demo5_1Binary.elf.dir/Middlewares/Third_Party/FreeRTOS/Source/tasks.c.obj
                0x08006dc8                xTaskIncrementTick
 .text.xTaskResumeAll
                0x08006ee0       0xf8 CMakeFiles/Demo5_1Binary.elf.dir/Middlewares/Third_Party/FreeRTOS/Source/tasks.c.obj
                0x08006ee0                xTaskResumeAll
 .text.vTaskDelay
                0x08006fd8       0x4c CMakeFiles/Demo5_1Binary.elf.dir/Middlewares/Third_Party/FreeRTOS/Source/tasks.c.obj
                0x08006fd8                vTaskDelay
 .text.vTaskSwitchContext
                0x08007024       0x94 CMakeFiles/Demo5_1Binary.elf.dir/Middlewares/Third_Party/FreeRTOS/Source/tasks.c.obj
                0x08007024                vTaskSwitchContext
 .text.vTaskPlaceOnEventList
                0x080070b8       0x30 CMakeFiles/Demo5_1Binary.elf.dir/Middlewares/Third_Party/FreeRTOS/Source/tasks.c.obj
                0x080070b8                vTaskPlaceOnEventList
 .text.vTaskPlaceOnEventListRestricted
                0x080070e8       0x38 CMakeFiles/Demo5_1Binary.elf.dir/Middlewares/Third_Party/FreeRTOS/Source/tasks.c.obj
                0x080070e8                vTaskPlaceOnEventListRestricted
 .text.xTaskRemoveFromEventList
                0x08007120       0x8c CMakeFiles/Demo5_1Binary.elf.dir/Middlewares/Third_Party/FreeRTOS/Source/tasks.c.obj
                0x08007120                xTaskRemoveFromEventList
 .text.vTaskInternalSetTimeOutState
                0x080071ac       0x18 CMakeFiles/Demo5_1Binary.elf.dir/Middlewares/Third_Party/FreeRTOS/Source/tasks.c.obj
                0x080071ac                vTaskInternalSetTimeOutState
 .text.xTaskCheckForTimeOut
                0x080071c4       0x84 CMakeFiles/Demo5_1Binary.elf.dir/Middlewares/Third_Party/FreeRTOS/Source/tasks.c.obj
                0x080071c4                xTaskCheckForTimeOut
 .text.vTaskMissedYield
                0x08007248        0xc CMakeFiles/Demo5_1Binary.elf.dir/Middlewares/Third_Party/FreeRTOS/Source/tasks.c.obj
                0x08007248                vTaskMissedYield
 .text.xTaskGetSchedulerState
                0x08007254       0x20 CMakeFiles/Demo5_1Binary.elf.dir/Middlewares/Third_Party/FreeRTOS/Source/tasks.c.obj
                0x08007254                xTaskGetSchedulerState
 .text.xTaskPriorityInherit
                0x08007274       0x98 CMakeFiles/Demo5_1Binary.elf.dir/Middlewares/Third_Party/FreeRTOS/Source/tasks.c.obj
                0x08007274                xTaskPriorityInherit
 .text.xTaskPriorityDisinherit
                0x0800730c       0x90 CMakeFiles/Demo5_1Binary.elf.dir/Middlewares/Third_Party/FreeRTOS/Source/tasks.c.obj
                0x0800730c                xTaskPriorityDisinherit
 .text.vTaskPriorityDisinheritAfterTimeout
                0x0800739c       0xa0 CMakeFiles/Demo5_1Binary.elf.dir/Middlewares/Third_Party/FreeRTOS/Source/tasks.c.obj
                0x0800739c                vTaskPriorityDisinheritAfterTimeout
 .text.pvTaskIncrementMutexHeldCount
                0x0800743c       0x1c CMakeFiles/Demo5_1Binary.elf.dir/Middlewares/Third_Party/FreeRTOS/Source/tasks.c.obj
                0x0800743c                pvTaskIncrementMutexHeldCount
 .text.prvGetNextExpireTime
                0x08007458       0x20 CMakeFiles/Demo5_1Binary.elf.dir/Middlewares/Third_Party/FreeRTOS/Source/timers.c.obj
 .text.prvInsertTimerInActiveList
                0x08007478       0x48 CMakeFiles/Demo5_1Binary.elf.dir/Middlewares/Third_Party/FreeRTOS/Source/timers.c.obj
 .text.prvCheckForValidListAndQueue
                0x080074c0       0x70 CMakeFiles/Demo5_1Binary.elf.dir/Middlewares/Third_Party/FreeRTOS/Source/timers.c.obj
 .text.xTimerCreateTimerTask
                0x08007530       0x64 CMakeFiles/Demo5_1Binary.elf.dir/Middlewares/Third_Party/FreeRTOS/Source/timers.c.obj
                0x08007530                xTimerCreateTimerTask
 .text.xTimerGenericCommand
                0x08007594       0x6c CMakeFiles/Demo5_1Binary.elf.dir/Middlewares/Third_Party/FreeRTOS/Source/timers.c.obj
                0x08007594                xTimerGenericCommand
 .text.prvSwitchTimerLists
                0x08007600       0x78 CMakeFiles/Demo5_1Binary.elf.dir/Middlewares/Third_Party/FreeRTOS/Source/timers.c.obj
 .text.prvSampleTimeNow
                0x08007678       0x2c CMakeFiles/Demo5_1Binary.elf.dir/Middlewares/Third_Party/FreeRTOS/Source/timers.c.obj
 .text.prvProcessExpiredTimer
                0x080076a4       0x60 CMakeFiles/Demo5_1Binary.elf.dir/Middlewares/Third_Party/FreeRTOS/Source/timers.c.obj
 .text.prvProcessTimerOrBlockTask
                0x08007704       0x74 CMakeFiles/Demo5_1Binary.elf.dir/Middlewares/Third_Party/FreeRTOS/Source/timers.c.obj
 .text.prvProcessReceivedCommands
                0x08007778       0xf8 CMakeFiles/Demo5_1Binary.elf.dir/Middlewares/Third_Party/FreeRTOS/Source/timers.c.obj
 .text.prvTimerTask
                0x08007870       0x16 CMakeFiles/Demo5_1Binary.elf.dir/Middlewares/Third_Party/FreeRTOS/Source/timers.c.obj
 *fill*         0x08007886        0x2 
 .text.Reset_Handler
                0x08007888       0x48 CMakeFiles/Demo5_1Binary.elf.dir/startup/startup_stm32f103xe.s.obj
                0x08007888                Reset_Handler
 .text.Default_Handler
                0x080078d0        0x2 CMakeFiles/Demo5_1Binary.elf.dir/startup/startup_stm32f103xe.s.obj
                0x080078d0                RTC_Alarm_IRQHandler
                0x080078d0                EXTI2_IRQHandler
                0x080078d0                TIM8_TRG_COM_IRQHandler
                0x080078d0                TIM8_CC_IRQHandler
                0x080078d0                TIM1_CC_IRQHandler
                0x080078d0                PVD_IRQHandler
                0x080078d0                SDIO_IRQHandler
                0x080078d0                EXTI3_IRQHandler
                0x080078d0                EXTI0_IRQHandler
                0x080078d0                I2C2_EV_IRQHandler
                0x080078d0                SPI1_IRQHandler
                0x080078d0                TAMPER_IRQHandler
                0x080078d0                TIM8_UP_IRQHandler
                0x080078d0                DMA2_Channel2_IRQHandler
                0x080078d0                DMA1_Channel4_IRQHandler
                0x080078d0                USART3_IRQHandler
                0x080078d0                RTC_IRQHandler
                0x080078d0                DMA1_Channel7_IRQHandler
                0x080078d0                CAN1_RX1_IRQHandler
                0x080078d0                UART5_IRQHandler
                0x080078d0                ADC3_IRQHandler
                0x080078d0                TIM4_IRQHandler
                0x080078d0                DMA2_Channel1_IRQHandler
                0x080078d0                I2C1_EV_IRQHandler
                0x080078d0                DMA1_Channel6_IRQHandler
                0x080078d0                UART4_IRQHandler
                0x080078d0                TIM3_IRQHandler
                0x080078d0                RCC_IRQHandler
                0x080078d0                TIM1_TRG_COM_IRQHandler
                0x080078d0                DMA1_Channel1_IRQHandler
                0x080078d0                Default_Handler
                0x080078d0                EXTI15_10_IRQHandler
                0x080078d0                TIM7_IRQHandler
                0x080078d0                TIM5_IRQHandler
                0x080078d0                EXTI9_5_IRQHandler
                0x080078d0                SPI2_IRQHandler
                0x080078d0                DMA1_Channel5_IRQHandler
                0x080078d0                EXTI4_IRQHandler
                0x080078d0                USB_LP_CAN1_RX0_IRQHandler
                0x080078d0                USB_HP_CAN1_TX_IRQHandler
                0x080078d0                DMA1_Channel3_IRQHandler
                0x080078d0                FSMC_IRQHandler
                0x080078d0                TIM1_UP_IRQHandler
                0x080078d0                WWDG_IRQHandler
                0x080078d0                TIM2_IRQHandler
                0x080078d0                TIM1_BRK_IRQHandler
                0x080078d0                EXTI1_IRQHandler
                0x080078d0                DMA2_Channel4_5_IRQHandler
                0x080078d0                USART2_IRQHandler
                0x080078d0                I2C2_ER_IRQHandler
                0x080078d0                DMA1_Channel2_IRQHandler
                0x080078d0                TIM8_BRK_IRQHandler
                0x080078d0                CAN1_SCE_IRQHandler
                0x080078d0                FLASH_IRQHandler
                0x080078d0                USART1_IRQHandler
                0x080078d0                SPI3_IRQHandler
                0x080078d0                I2C1_ER_IRQHandler
                0x080078d0                USBWakeUp_IRQHandler
                0x080078d0                DMA2_Channel3_IRQHandler
 *fill*         0x080078d2        0x2 
 .text.__libc_init_array
                0x080078d4       0x48 e:/gcc-arm-none-eabi-10.3-2021.10-win32/gcc-arm-none-eabi-10.3-2021.10/bin/../lib/gcc/arm-none-eabi/10.3.1/../../../../arm-none-eabi/lib/thumb/v7-m/nofp\libg.a(lib_a-init.o)
                0x080078d4                __libc_init_array
 .text.memset   0x0800791c       0xa4 e:/gcc-arm-none-eabi-10.3-2021.10-win32/gcc-arm-none-eabi-10.3-2021.10/bin/../lib/gcc/arm-none-eabi/10.3.1/../../../../arm-none-eabi/lib/thumb/v7-m/nofp\libg.a(lib_a-memset.o)
                0x0800791c                memset
 .text.startup.register_fini
                0x080079c0       0x14 e:/gcc-arm-none-eabi-10.3-2021.10-win32/gcc-arm-none-eabi-10.3-2021.10/bin/../lib/gcc/arm-none-eabi/10.3.1/../../../../arm-none-eabi/lib/thumb/v7-m/nofp\libg.a(lib_a-__call_atexit.o)
 .text.atexit   0x080079d4        0xc e:/gcc-arm-none-eabi-10.3-2021.10-win32/gcc-arm-none-eabi-10.3-2021.10/bin/../lib/gcc/arm-none-eabi/10.3.1/../../../../arm-none-eabi/lib/thumb/v7-m/nofp\libg.a(lib_a-atexit.o)
                0x080079d4                atexit
 .text.__libc_fini_array
                0x080079e0       0x2c e:/gcc-arm-none-eabi-10.3-2021.10-win32/gcc-arm-none-eabi-10.3-2021.10/bin/../lib/gcc/arm-none-eabi/10.3.1/../../../../arm-none-eabi/lib/thumb/v7-m/nofp\libg.a(lib_a-fini.o)
                0x080079e0                __libc_fini_array
 .text.__retarget_lock_acquire_recursive
                0x08007a0c        0x4 e:/gcc-arm-none-eabi-10.3-2021.10-win32/gcc-arm-none-eabi-10.3-2021.10/bin/../lib/gcc/arm-none-eabi/10.3.1/../../../../arm-none-eabi/lib/thumb/v7-m/nofp\libg.a(lib_a-lock.o)
                0x08007a0c                __retarget_lock_acquire_recursive
 .text.__retarget_lock_release_recursive
                0x08007a10        0x4 e:/gcc-arm-none-eabi-10.3-2021.10-win32/gcc-arm-none-eabi-10.3-2021.10/bin/../lib/gcc/arm-none-eabi/10.3.1/../../../../arm-none-eabi/lib/thumb/v7-m/nofp\libg.a(lib_a-lock.o)
                0x08007a10                __retarget_lock_release_recursive
 .text.__register_exitproc
                0x08007a14       0x8c e:/gcc-arm-none-eabi-10.3-2021.10-win32/gcc-arm-none-eabi-10.3-2021.10/bin/../lib/gcc/arm-none-eabi/10.3.1/../../../../arm-none-eabi/lib/thumb/v7-m/nofp\libg.a(lib_a-__atexit.o)
                0x08007a14                __register_exitproc
 *(.glue_7)
 .glue_7        0x08007aa0        0x0 linker stubs
 *(.glue_7t)
 .glue_7t       0x08007aa0        0x0 linker stubs
 *(.eh_frame)
 .eh_frame      0x08007aa0        0x0 e:/gcc-arm-none-eabi-10.3-2021.10-win32/gcc-arm-none-eabi-10.3-2021.10/bin/../lib/gcc/arm-none-eabi/10.3.1/thumb/v7-m/nofp/crtbegin.o
 *(.init)
 .init          0x08007aa0        0x4 e:/gcc-arm-none-eabi-10.3-2021.10-win32/gcc-arm-none-eabi-10.3-2021.10/bin/../lib/gcc/arm-none-eabi/10.3.1/thumb/v7-m/nofp/crti.o
                0x08007aa0                _init
 .init          0x08007aa4        0x8 e:/gcc-arm-none-eabi-10.3-2021.10-win32/gcc-arm-none-eabi-10.3-2021.10/bin/../lib/gcc/arm-none-eabi/10.3.1/thumb/v7-m/nofp/crtn.o
 *(.fini)
 .fini          0x08007aac        0x4 e:/gcc-arm-none-eabi-10.3-2021.10-win32/gcc-arm-none-eabi-10.3-2021.10/bin/../lib/gcc/arm-none-eabi/10.3.1/thumb/v7-m/nofp/crti.o
                0x08007aac                _fini
 .fini          0x08007ab0        0x8 e:/gcc-arm-none-eabi-10.3-2021.10-win32/gcc-arm-none-eabi-10.3-2021.10/bin/../lib/gcc/arm-none-eabi/10.3.1/thumb/v7-m/nofp/crtn.o
                0x08007ab8                . = ALIGN (0x4)
                0x08007ab8                _etext = .

.vfp11_veneer   0x08007ab8        0x0
 .vfp11_veneer  0x08007ab8        0x0 linker stubs

.v4_bx          0x08007ab8        0x0
 .v4_bx         0x08007ab8        0x0 linker stubs

.iplt           0x08007ab8        0x0
 .iplt          0x08007ab8        0x0 e:/gcc-arm-none-eabi-10.3-2021.10-win32/gcc-arm-none-eabi-10.3-2021.10/bin/../lib/gcc/arm-none-eabi/10.3.1/thumb/v7-m/nofp/crtbegin.o

.rodata         0x08007ab8     0x1888
                0x08007ab8                . = ALIGN (0x4)
 *(.rodata)
 *(.rodata*)
 .rodata.AppTask_Show.str1.4
                0x08007ab8       0x1a CMakeFiles/Demo5_1Binary.elf.dir/Core/Src/freertos.c.obj
 *fill*         0x08007ad2        0x2 
 .rodata.str1.4
                0x08007ad4       0x1e CMakeFiles/Demo5_1Binary.elf.dir/Core/Src/freertos.c.obj
 *fill*         0x08007af2        0x2 
 .rodata.BinSem_DataReady_attributes
                0x08007af4       0x10 CMakeFiles/Demo5_1Binary.elf.dir/Core/Src/freertos.c.obj
                0x08007af4                BinSem_DataReady_attributes
 .rodata.Task_Show_attributes
                0x08007b04       0x24 CMakeFiles/Demo5_1Binary.elf.dir/Core/Src/freertos.c.obj
                0x08007b04                Task_Show_attributes
 .rodata.asc2_1206
                0x08007b28      0x474 CMakeFiles/Demo5_1Binary.elf.dir/Core/Src/lcd.c.obj
                0x08007b28                asc2_1206
 .rodata.asc2_1608
                0x08007f9c      0x5f0 CMakeFiles/Demo5_1Binary.elf.dir/Core/Src/lcd.c.obj
                0x08007f9c                asc2_1608
 .rodata.asc2_2412
                0x0800858c      0xd5c CMakeFiles/Demo5_1Binary.elf.dir/Core/Src/lcd.c.obj
                0x0800858c                asc2_2412
 .rodata.main.str1.4
                0x080092e8        0xe CMakeFiles/Demo5_1Binary.elf.dir/Core/Src/main.c.obj
 *fill*         0x080092f6        0x2 
 .rodata.AHBPrescTable
                0x080092f8       0x10 CMakeFiles/Demo5_1Binary.elf.dir/Core/Src/system_stm32f1xx.c.obj
                0x080092f8                AHBPrescTable
 .rodata.APBPrescTable
                0x08009308        0x8 CMakeFiles/Demo5_1Binary.elf.dir/Core/Src/system_stm32f1xx.c.obj
                0x08009308                APBPrescTable
 .rodata.HAL_RCC_GetSysClockFreq.str1.4
                0x08009310       0x11 CMakeFiles/Demo5_1Binary.elf.dir/Drivers/STM32F1xx_HAL_Driver/Src/stm32f1xx_hal_rcc.c.obj
 *fill*         0x08009321        0x3 
 .rodata.vTaskStartScheduler.str1.4
                0x08009324        0x5 CMakeFiles/Demo5_1Binary.elf.dir/Middlewares/Third_Party/FreeRTOS/Source/tasks.c.obj
 *fill*         0x08009329        0x3 
 .rodata.prvCheckForValidListAndQueue.str1.4
                0x0800932c        0x5 CMakeFiles/Demo5_1Binary.elf.dir/Middlewares/Third_Party/FreeRTOS/Source/timers.c.obj
 *fill*         0x08009331        0x3 
 .rodata.xTimerCreateTimerTask.str1.4
                0x08009334        0x8 CMakeFiles/Demo5_1Binary.elf.dir/Middlewares/Third_Party/FreeRTOS/Source/timers.c.obj
 .rodata._global_impure_ptr
                0x0800933c        0x4 e:/gcc-arm-none-eabi-10.3-2021.10-win32/gcc-arm-none-eabi-10.3-2021.10/bin/../lib/gcc/arm-none-eabi/10.3.1/../../../../arm-none-eabi/lib/thumb/v7-m/nofp\libg.a(lib_a-impure.o)
                0x0800933c                _global_impure_ptr
                0x08009340                . = ALIGN (0x4)

.rel.dyn        0x08009340        0x0
 .rel.iplt      0x08009340        0x0 e:/gcc-arm-none-eabi-10.3-2021.10-win32/gcc-arm-none-eabi-10.3-2021.10/bin/../lib/gcc/arm-none-eabi/10.3.1/thumb/v7-m/nofp/crtbegin.o

.ARM.extab
 *(.ARM.extab* .gnu.linkonce.armextab.*)

.ARM            0x08009340        0x0
                0x08009340                __exidx_start = .
 *(.ARM.exidx*)
                0x08009340                __exidx_end = .

.preinit_array  0x08009340        0x0
                0x08009340                PROVIDE (__preinit_array_start = .)
 *(.preinit_array*)
                0x08009340                PROVIDE (__preinit_array_end = .)

.init_array     0x08009340        0x8
                0x08009340                PROVIDE (__init_array_start = .)
 *(SORT_BY_NAME(.init_array.*))
 .init_array.00000
                0x08009340        0x4 e:/gcc-arm-none-eabi-10.3-2021.10-win32/gcc-arm-none-eabi-10.3-2021.10/bin/../lib/gcc/arm-none-eabi/10.3.1/../../../../arm-none-eabi/lib/thumb/v7-m/nofp\libg.a(lib_a-__call_atexit.o)
 *(.init_array*)
 .init_array    0x08009344        0x4 e:/gcc-arm-none-eabi-10.3-2021.10-win32/gcc-arm-none-eabi-10.3-2021.10/bin/../lib/gcc/arm-none-eabi/10.3.1/thumb/v7-m/nofp/crtbegin.o
                0x08009348                PROVIDE (__init_array_end = .)

.fini_array     0x08009348        0x4
                0x08009348                PROVIDE (__fini_array_start = .)
 *(SORT_BY_NAME(.fini_array.*))
 *(.fini_array*)
 .fini_array    0x08009348        0x4 e:/gcc-arm-none-eabi-10.3-2021.10-win32/gcc-arm-none-eabi-10.3-2021.10/bin/../lib/gcc/arm-none-eabi/10.3.1/thumb/v7-m/nofp/crtbegin.o
                0x0800934c                PROVIDE (__fini_array_end = .)
                0x0800934c                _sidata = LOADADDR (.data)

.data           0x20000000      0x444 load address 0x0800934c
                0x20000000                . = ALIGN (0x4)
                0x20000000                _sdata = .
 *(.data)
 *(.data*)
 .data.BACK_COLOR
                0x20000000        0x2 CMakeFiles/Demo5_1Binary.elf.dir/Core/Src/lcd.c.obj
                0x20000000                BACK_COLOR
 *fill*         0x20000002        0x2 
 .data.SystemCoreClock
                0x20000004        0x4 CMakeFiles/Demo5_1Binary.elf.dir/Core/Src/system_stm32f1xx.c.obj
                0x20000004                SystemCoreClock
 .data.uwTickFreq
                0x20000008        0x1 CMakeFiles/Demo5_1Binary.elf.dir/Drivers/STM32F1xx_HAL_Driver/Src/stm32f1xx_hal.c.obj
                0x20000008                uwTickFreq
 *fill*         0x20000009        0x3 
 .data.uwTickPrio
                0x2000000c        0x4 CMakeFiles/Demo5_1Binary.elf.dir/Drivers/STM32F1xx_HAL_Driver/Src/stm32f1xx_hal.c.obj
                0x2000000c                uwTickPrio
 .data.uxCriticalNesting
                0x20000010        0x4 CMakeFiles/Demo5_1Binary.elf.dir/Middlewares/Third_Party/FreeRTOS/Source/portable/GCC/ARM_CM3/port.c.obj
 *fill*         0x20000014        0x4 
 .data.impure_data
                0x20000018      0x428 e:/gcc-arm-none-eabi-10.3-2021.10-win32/gcc-arm-none-eabi-10.3-2021.10/bin/../lib/gcc/arm-none-eabi/10.3.1/../../../../arm-none-eabi/lib/thumb/v7-m/nofp\libg.a(lib_a-impure.o)
 .data.__atexit_recursive_mutex
                0x20000440        0x4 e:/gcc-arm-none-eabi-10.3-2021.10-win32/gcc-arm-none-eabi-10.3-2021.10/bin/../lib/gcc/arm-none-eabi/10.3.1/../../../../arm-none-eabi/lib/thumb/v7-m/nofp\libg.a(lib_a-__call_atexit.o)
                0x20000440                __atexit_recursive_mutex
                0x20000444                . = ALIGN (0x4)
                0x20000444                _edata = .

.igot.plt       0x20000444        0x0 load address 0x08009790
 .igot.plt      0x20000444        0x0 e:/gcc-arm-none-eabi-10.3-2021.10-win32/gcc-arm-none-eabi-10.3-2021.10/bin/../lib/gcc/arm-none-eabi/10.3.1/thumb/v7-m/nofp/crtbegin.o
                0x20000444                . = ALIGN (0x4)

.bss            0x20000444     0x1a4c load address 0x08009790
                0x20000444                _sbss = .
                0x20000444                __bss_start__ = _sbss
 *(.bss)
 .bss           0x20000444       0x1c e:/gcc-arm-none-eabi-10.3-2021.10-win32/gcc-arm-none-eabi-10.3-2021.10/bin/../lib/gcc/arm-none-eabi/10.3.1/thumb/v7-m/nofp/crtbegin.o
 *(.bss*)
 .bss.hadc1     0x20000460       0x30 CMakeFiles/Demo5_1Binary.elf.dir/Core/Src/adc.c.obj
                0x20000460                hadc1
 .bss.BinSem_DataReadyHandle
                0x20000490        0x4 CMakeFiles/Demo5_1Binary.elf.dir/Core/Src/freertos.c.obj
                0x20000490                BinSem_DataReadyHandle
 .bss.Task_ShowHandle
                0x20000494        0x4 CMakeFiles/Demo5_1Binary.elf.dir/Core/Src/freertos.c.obj
                0x20000494                Task_ShowHandle
 .bss.adc_value
                0x20000498        0x4 CMakeFiles/Demo5_1Binary.elf.dir/Core/Src/freertos.c.obj
                0x20000498                adc_value
 .bss.POINT_COLOR
                0x2000049c        0x2 CMakeFiles/Demo5_1Binary.elf.dir/Core/Src/lcd.c.obj
                0x2000049c                POINT_COLOR
 *fill*         0x2000049e        0x2 
 .bss.lcddev    0x200004a0        0xe CMakeFiles/Demo5_1Binary.elf.dir/Core/Src/lcd.c.obj
                0x200004a0                lcddev
 *fill*         0x200004ae        0x2 
 .bss.htim6     0x200004b0       0x48 CMakeFiles/Demo5_1Binary.elf.dir/Core/Src/stm32f1xx_hal_timebase_tim.c.obj
                0x200004b0                htim6
 .bss.htim3     0x200004f8       0x48 CMakeFiles/Demo5_1Binary.elf.dir/Core/Src/tim.c.obj
                0x200004f8                htim3
 .bss.uwTick    0x20000540        0x4 CMakeFiles/Demo5_1Binary.elf.dir/Drivers/STM32F1xx_HAL_Driver/Src/stm32f1xx_hal.c.obj
                0x20000540                uwTick
 .bss.Idle_Stack
                0x20000544      0x200 CMakeFiles/Demo5_1Binary.elf.dir/Middlewares/Third_Party/FreeRTOS/Source/CMSIS_RTOS_V2/cmsis_os2.c.obj
 .bss.Idle_TCB  0x20000744       0x5c CMakeFiles/Demo5_1Binary.elf.dir/Middlewares/Third_Party/FreeRTOS/Source/CMSIS_RTOS_V2/cmsis_os2.c.obj
 .bss.KernelState
                0x200007a0        0x4 CMakeFiles/Demo5_1Binary.elf.dir/Middlewares/Third_Party/FreeRTOS/Source/CMSIS_RTOS_V2/cmsis_os2.c.obj
 .bss.Timer_Stack
                0x200007a4      0x400 CMakeFiles/Demo5_1Binary.elf.dir/Middlewares/Third_Party/FreeRTOS/Source/CMSIS_RTOS_V2/cmsis_os2.c.obj
 .bss.Timer_TCB
                0x20000ba4       0x5c CMakeFiles/Demo5_1Binary.elf.dir/Middlewares/Third_Party/FreeRTOS/Source/CMSIS_RTOS_V2/cmsis_os2.c.obj
 .bss.ucMaxSysCallPriority
                0x20000c00        0x1 CMakeFiles/Demo5_1Binary.elf.dir/Middlewares/Third_Party/FreeRTOS/Source/portable/GCC/ARM_CM3/port.c.obj
 *fill*         0x20000c01        0x3 
 .bss.ulMaxPRIGROUPValue
                0x20000c04        0x4 CMakeFiles/Demo5_1Binary.elf.dir/Middlewares/Third_Party/FreeRTOS/Source/portable/GCC/ARM_CM3/port.c.obj
 .bss.pxEnd     0x20000c08        0x4 CMakeFiles/Demo5_1Binary.elf.dir/Middlewares/Third_Party/FreeRTOS/Source/portable/MemMang/heap_4.c.obj
 .bss.ucHeap    0x20000c0c      0xc00 CMakeFiles/Demo5_1Binary.elf.dir/Middlewares/Third_Party/FreeRTOS/Source/portable/MemMang/heap_4.c.obj
 .bss.xBlockAllocatedBit
                0x2000180c        0x4 CMakeFiles/Demo5_1Binary.elf.dir/Middlewares/Third_Party/FreeRTOS/Source/portable/MemMang/heap_4.c.obj
 .bss.xFreeBytesRemaining
                0x20001810        0x4 CMakeFiles/Demo5_1Binary.elf.dir/Middlewares/Third_Party/FreeRTOS/Source/portable/MemMang/heap_4.c.obj
 .bss.xMinimumEverFreeBytesRemaining
                0x20001814        0x4 CMakeFiles/Demo5_1Binary.elf.dir/Middlewares/Third_Party/FreeRTOS/Source/portable/MemMang/heap_4.c.obj
 .bss.xStart    0x20001818        0x8 CMakeFiles/Demo5_1Binary.elf.dir/Middlewares/Third_Party/FreeRTOS/Source/portable/MemMang/heap_4.c.obj
 .bss.xQueueRegistry
                0x20001820       0x40 CMakeFiles/Demo5_1Binary.elf.dir/Middlewares/Third_Party/FreeRTOS/Source/queue.c.obj
                0x20001820                xQueueRegistry
 .bss.pxCurrentTCB
                0x20001860        0x4 CMakeFiles/Demo5_1Binary.elf.dir/Middlewares/Third_Party/FreeRTOS/Source/tasks.c.obj
                0x20001860                pxCurrentTCB
 .bss.pxDelayedTaskList
                0x20001864        0x4 CMakeFiles/Demo5_1Binary.elf.dir/Middlewares/Third_Party/FreeRTOS/Source/tasks.c.obj
 .bss.pxOverflowDelayedTaskList
                0x20001868        0x4 CMakeFiles/Demo5_1Binary.elf.dir/Middlewares/Third_Party/FreeRTOS/Source/tasks.c.obj
 .bss.pxReadyTasksLists
                0x2000186c      0x460 CMakeFiles/Demo5_1Binary.elf.dir/Middlewares/Third_Party/FreeRTOS/Source/tasks.c.obj
 .bss.uxCurrentNumberOfTasks
                0x20001ccc        0x4 CMakeFiles/Demo5_1Binary.elf.dir/Middlewares/Third_Party/FreeRTOS/Source/tasks.c.obj
 .bss.uxDeletedTasksWaitingCleanUp
                0x20001cd0        0x4 CMakeFiles/Demo5_1Binary.elf.dir/Middlewares/Third_Party/FreeRTOS/Source/tasks.c.obj
 .bss.uxPendedTicks
                0x20001cd4        0x4 CMakeFiles/Demo5_1Binary.elf.dir/Middlewares/Third_Party/FreeRTOS/Source/tasks.c.obj
 .bss.uxSchedulerSuspended
                0x20001cd8        0x4 CMakeFiles/Demo5_1Binary.elf.dir/Middlewares/Third_Party/FreeRTOS/Source/tasks.c.obj
 .bss.uxTaskNumber
                0x20001cdc        0x4 CMakeFiles/Demo5_1Binary.elf.dir/Middlewares/Third_Party/FreeRTOS/Source/tasks.c.obj
 .bss.uxTopReadyPriority
                0x20001ce0        0x4 CMakeFiles/Demo5_1Binary.elf.dir/Middlewares/Third_Party/FreeRTOS/Source/tasks.c.obj
 .bss.xDelayedTaskList1
                0x20001ce4       0x14 CMakeFiles/Demo5_1Binary.elf.dir/Middlewares/Third_Party/FreeRTOS/Source/tasks.c.obj
 .bss.xDelayedTaskList2
                0x20001cf8       0x14 CMakeFiles/Demo5_1Binary.elf.dir/Middlewares/Third_Party/FreeRTOS/Source/tasks.c.obj
 .bss.xIdleTaskHandle
                0x20001d0c        0x4 CMakeFiles/Demo5_1Binary.elf.dir/Middlewares/Third_Party/FreeRTOS/Source/tasks.c.obj
 .bss.xNextTaskUnblockTime
                0x20001d10        0x4 CMakeFiles/Demo5_1Binary.elf.dir/Middlewares/Third_Party/FreeRTOS/Source/tasks.c.obj
 .bss.xNumOfOverflows
                0x20001d14        0x4 CMakeFiles/Demo5_1Binary.elf.dir/Middlewares/Third_Party/FreeRTOS/Source/tasks.c.obj
 .bss.xPendingReadyList
                0x20001d18       0x14 CMakeFiles/Demo5_1Binary.elf.dir/Middlewares/Third_Party/FreeRTOS/Source/tasks.c.obj
 .bss.xSchedulerRunning
                0x20001d2c        0x4 CMakeFiles/Demo5_1Binary.elf.dir/Middlewares/Third_Party/FreeRTOS/Source/tasks.c.obj
 .bss.xSuspendedTaskList
                0x20001d30       0x14 CMakeFiles/Demo5_1Binary.elf.dir/Middlewares/Third_Party/FreeRTOS/Source/tasks.c.obj
 .bss.xTasksWaitingTermination
                0x20001d44       0x14 CMakeFiles/Demo5_1Binary.elf.dir/Middlewares/Third_Party/FreeRTOS/Source/tasks.c.obj
 .bss.xTickCount
                0x20001d58        0x4 CMakeFiles/Demo5_1Binary.elf.dir/Middlewares/Third_Party/FreeRTOS/Source/tasks.c.obj
 .bss.xYieldPending
                0x20001d5c        0x4 CMakeFiles/Demo5_1Binary.elf.dir/Middlewares/Third_Party/FreeRTOS/Source/tasks.c.obj
 .bss.pxCurrentTimerList
                0x20001d60        0x4 CMakeFiles/Demo5_1Binary.elf.dir/Middlewares/Third_Party/FreeRTOS/Source/timers.c.obj
 .bss.pxOverflowTimerList
                0x20001d64        0x4 CMakeFiles/Demo5_1Binary.elf.dir/Middlewares/Third_Party/FreeRTOS/Source/timers.c.obj
 .bss.ucStaticTimerQueueStorage.1
                0x20001d68       0xa0 CMakeFiles/Demo5_1Binary.elf.dir/Middlewares/Third_Party/FreeRTOS/Source/timers.c.obj
 .bss.xActiveTimerList1
                0x20001e08       0x14 CMakeFiles/Demo5_1Binary.elf.dir/Middlewares/Third_Party/FreeRTOS/Source/timers.c.obj
 .bss.xActiveTimerList2
                0x20001e1c       0x14 CMakeFiles/Demo5_1Binary.elf.dir/Middlewares/Third_Party/FreeRTOS/Source/timers.c.obj
 .bss.xLastTime.2
                0x20001e30        0x4 CMakeFiles/Demo5_1Binary.elf.dir/Middlewares/Third_Party/FreeRTOS/Source/timers.c.obj
 .bss.xStaticTimerQueue.0
                0x20001e34       0x50 CMakeFiles/Demo5_1Binary.elf.dir/Middlewares/Third_Party/FreeRTOS/Source/timers.c.obj
 .bss.xTimerQueue
                0x20001e84        0x4 CMakeFiles/Demo5_1Binary.elf.dir/Middlewares/Third_Party/FreeRTOS/Source/timers.c.obj
 .bss.xTimerTaskHandle
                0x20001e88        0x4 CMakeFiles/Demo5_1Binary.elf.dir/Middlewares/Third_Party/FreeRTOS/Source/timers.c.obj
 .bss.__lock___atexit_recursive_mutex
                0x20001e8c        0x1 e:/gcc-arm-none-eabi-10.3-2021.10-win32/gcc-arm-none-eabi-10.3-2021.10/bin/../lib/gcc/arm-none-eabi/10.3.1/../../../../arm-none-eabi/lib/thumb/v7-m/nofp\libg.a(lib_a-lock.o)
                0x20001e8c                __lock___atexit_recursive_mutex
 *(COMMON)
                0x20001e90                . = ALIGN (0x4)
 *fill*         0x20001e8d        0x3 
                0x20001e90                _ebss = .
                0x20001e90                __bss_end__ = _ebss

._user_heap_stack
                0x20001e90      0x600 load address 0x08009790
                0x20001e90                . = ALIGN (0x8)
                0x20001e90                PROVIDE (end = .)
                [!provide]                PROVIDE (_end = .)
                0x20002090                . = (. + _Min_Heap_Size)
 *fill*         0x20001e90      0x200 
                0x20002490                . = (. + _Min_Stack_Size)
 *fill*         0x20002090      0x400 
                0x20002490                . = ALIGN (0x8)

/DISCARD/
 libc.a(*)
 libm.a(*)
 libgcc.a(*)

.ARM.attributes
                0x00000000       0x29
 *(.ARM.attributes)
 .ARM.attributes
                0x00000000       0x1d e:/gcc-arm-none-eabi-10.3-2021.10-win32/gcc-arm-none-eabi-10.3-2021.10/bin/../lib/gcc/arm-none-eabi/10.3.1/thumb/v7-m/nofp/crti.o
 .ARM.attributes
                0x0000001d       0x2d e:/gcc-arm-none-eabi-10.3-2021.10-win32/gcc-arm-none-eabi-10.3-2021.10/bin/../lib/gcc/arm-none-eabi/10.3.1/thumb/v7-m/nofp/crtbegin.o
 .ARM.attributes
                0x0000004a       0x2d CMakeFiles/Demo5_1Binary.elf.dir/Core/Src/adc.c.obj
 .ARM.attributes
                0x00000077       0x2d CMakeFiles/Demo5_1Binary.elf.dir/Core/Src/freertos.c.obj
 .ARM.attributes
                0x000000a4       0x2d CMakeFiles/Demo5_1Binary.elf.dir/Core/Src/gpio.c.obj
 .ARM.attributes
                0x000000d1       0x2d CMakeFiles/Demo5_1Binary.elf.dir/Core/Src/lcd.c.obj
 .ARM.attributes
                0x000000fe       0x2d CMakeFiles/Demo5_1Binary.elf.dir/Core/Src/main.c.obj
 .ARM.attributes
                0x0000012b       0x2d CMakeFiles/Demo5_1Binary.elf.dir/Core/Src/stm32f1xx_hal_msp.c.obj
 .ARM.attributes
                0x00000158       0x2d CMakeFiles/Demo5_1Binary.elf.dir/Core/Src/stm32f1xx_hal_timebase_tim.c.obj
 .ARM.attributes
                0x00000185       0x2d CMakeFiles/Demo5_1Binary.elf.dir/Core/Src/stm32f1xx_it.c.obj
 .ARM.attributes
                0x000001b2       0x2d CMakeFiles/Demo5_1Binary.elf.dir/Core/Src/system_stm32f1xx.c.obj
 .ARM.attributes
                0x000001df       0x2d CMakeFiles/Demo5_1Binary.elf.dir/Core/Src/tim.c.obj
 .ARM.attributes
                0x0000020c       0x2d CMakeFiles/Demo5_1Binary.elf.dir/Drivers/STM32F1xx_HAL_Driver/Src/stm32f1xx_hal.c.obj
 .ARM.attributes
                0x00000239       0x2d CMakeFiles/Demo5_1Binary.elf.dir/Drivers/STM32F1xx_HAL_Driver/Src/stm32f1xx_hal_adc.c.obj
 .ARM.attributes
                0x00000266       0x2d CMakeFiles/Demo5_1Binary.elf.dir/Drivers/STM32F1xx_HAL_Driver/Src/stm32f1xx_hal_adc_ex.c.obj
 .ARM.attributes
                0x00000293       0x2d CMakeFiles/Demo5_1Binary.elf.dir/Drivers/STM32F1xx_HAL_Driver/Src/stm32f1xx_hal_cortex.c.obj
 .ARM.attributes
                0x000002c0       0x2d CMakeFiles/Demo5_1Binary.elf.dir/Drivers/STM32F1xx_HAL_Driver/Src/stm32f1xx_hal_gpio.c.obj
 .ARM.attributes
                0x000002ed       0x2d CMakeFiles/Demo5_1Binary.elf.dir/Drivers/STM32F1xx_HAL_Driver/Src/stm32f1xx_hal_rcc.c.obj
 .ARM.attributes
                0x0000031a       0x2d CMakeFiles/Demo5_1Binary.elf.dir/Drivers/STM32F1xx_HAL_Driver/Src/stm32f1xx_hal_rcc_ex.c.obj
 .ARM.attributes
                0x00000347       0x2d CMakeFiles/Demo5_1Binary.elf.dir/Drivers/STM32F1xx_HAL_Driver/Src/stm32f1xx_hal_tim.c.obj
 .ARM.attributes
                0x00000374       0x2d CMakeFiles/Demo5_1Binary.elf.dir/Drivers/STM32F1xx_HAL_Driver/Src/stm32f1xx_hal_tim_ex.c.obj
 .ARM.attributes
                0x000003a1       0x2d CMakeFiles/Demo5_1Binary.elf.dir/Middlewares/Third_Party/FreeRTOS/Source/CMSIS_RTOS_V2/cmsis_os2.c.obj
 .ARM.attributes
                0x000003ce       0x2d CMakeFiles/Demo5_1Binary.elf.dir/Middlewares/Third_Party/FreeRTOS/Source/list.c.obj
 .ARM.attributes
                0x000003fb       0x2d CMakeFiles/Demo5_1Binary.elf.dir/Middlewares/Third_Party/FreeRTOS/Source/portable/GCC/ARM_CM3/port.c.obj
 .ARM.attributes
                0x00000428       0x2d CMakeFiles/Demo5_1Binary.elf.dir/Middlewares/Third_Party/FreeRTOS/Source/portable/MemMang/heap_4.c.obj
 .ARM.attributes
                0x00000455       0x2d CMakeFiles/Demo5_1Binary.elf.dir/Middlewares/Third_Party/FreeRTOS/Source/queue.c.obj
 .ARM.attributes
                0x00000482       0x2d CMakeFiles/Demo5_1Binary.elf.dir/Middlewares/Third_Party/FreeRTOS/Source/tasks.c.obj
 .ARM.attributes
                0x000004af       0x2d CMakeFiles/Demo5_1Binary.elf.dir/Middlewares/Third_Party/FreeRTOS/Source/timers.c.obj
 .ARM.attributes
                0x000004dc       0x21 CMakeFiles/Demo5_1Binary.elf.dir/startup/startup_stm32f103xe.s.obj
 .ARM.attributes
                0x000004fd       0x1d e:/gcc-arm-none-eabi-10.3-2021.10-win32/gcc-arm-none-eabi-10.3-2021.10/bin/../lib/gcc/arm-none-eabi/10.3.1/thumb/v7-m/nofp\libgcc.a(_arm_muldf3.o)
 .ARM.attributes
                0x0000051a       0x1d e:/gcc-arm-none-eabi-10.3-2021.10-win32/gcc-arm-none-eabi-10.3-2021.10/bin/../lib/gcc/arm-none-eabi/10.3.1/thumb/v7-m/nofp\libgcc.a(_arm_addsubdf3.o)
 .ARM.attributes
                0x00000537       0x1d e:/gcc-arm-none-eabi-10.3-2021.10-win32/gcc-arm-none-eabi-10.3-2021.10/bin/../lib/gcc/arm-none-eabi/10.3.1/thumb/v7-m/nofp\libgcc.a(_arm_fixunsdfsi.o)
 .ARM.attributes
                0x00000554       0x2d e:/gcc-arm-none-eabi-10.3-2021.10-win32/gcc-arm-none-eabi-10.3-2021.10/bin/../lib/gcc/arm-none-eabi/10.3.1/../../../../arm-none-eabi/lib/thumb/v7-m/nofp\libg.a(lib_a-impure.o)
 .ARM.attributes
                0x00000581       0x2d e:/gcc-arm-none-eabi-10.3-2021.10-win32/gcc-arm-none-eabi-10.3-2021.10/bin/../lib/gcc/arm-none-eabi/10.3.1/../../../../arm-none-eabi/lib/thumb/v7-m/nofp\libg.a(lib_a-init.o)
 .ARM.attributes
                0x000005ae       0x1b e:/gcc-arm-none-eabi-10.3-2021.10-win32/gcc-arm-none-eabi-10.3-2021.10/bin/../lib/gcc/arm-none-eabi/10.3.1/../../../../arm-none-eabi/lib/thumb/v7-m/nofp\libg.a(lib_a-memcpy.o)
 .ARM.attributes
                0x000005c9       0x2d e:/gcc-arm-none-eabi-10.3-2021.10-win32/gcc-arm-none-eabi-10.3-2021.10/bin/../lib/gcc/arm-none-eabi/10.3.1/../../../../arm-none-eabi/lib/thumb/v7-m/nofp\libg.a(lib_a-memset.o)
 .ARM.attributes
                0x000005f6       0x2d e:/gcc-arm-none-eabi-10.3-2021.10-win32/gcc-arm-none-eabi-10.3-2021.10/bin/../lib/gcc/arm-none-eabi/10.3.1/../../../../arm-none-eabi/lib/thumb/v7-m/nofp\libg.a(lib_a-__call_atexit.o)
 .ARM.attributes
                0x00000623       0x2d e:/gcc-arm-none-eabi-10.3-2021.10-win32/gcc-arm-none-eabi-10.3-2021.10/bin/../lib/gcc/arm-none-eabi/10.3.1/../../../../arm-none-eabi/lib/thumb/v7-m/nofp\libg.a(lib_a-atexit.o)
 .ARM.attributes
                0x00000650       0x2d e:/gcc-arm-none-eabi-10.3-2021.10-win32/gcc-arm-none-eabi-10.3-2021.10/bin/../lib/gcc/arm-none-eabi/10.3.1/../../../../arm-none-eabi/lib/thumb/v7-m/nofp\libg.a(lib_a-fini.o)
 .ARM.attributes
                0x0000067d       0x2d e:/gcc-arm-none-eabi-10.3-2021.10-win32/gcc-arm-none-eabi-10.3-2021.10/bin/../lib/gcc/arm-none-eabi/10.3.1/../../../../arm-none-eabi/lib/thumb/v7-m/nofp\libg.a(lib_a-lock.o)
 .ARM.attributes
                0x000006aa       0x2d e:/gcc-arm-none-eabi-10.3-2021.10-win32/gcc-arm-none-eabi-10.3-2021.10/bin/../lib/gcc/arm-none-eabi/10.3.1/../../../../arm-none-eabi/lib/thumb/v7-m/nofp\libg.a(lib_a-__atexit.o)
 .ARM.attributes
                0x000006d7       0x1d e:/gcc-arm-none-eabi-10.3-2021.10-win32/gcc-arm-none-eabi-10.3-2021.10/bin/../lib/gcc/arm-none-eabi/10.3.1/thumb/v7-m/nofp/crtn.o
OUTPUT(Demo5_1Binary.elf elf32-littlearm)
LOAD linker stubs
LOAD e:/gcc-arm-none-eabi-10.3-2021.10-win32/gcc-arm-none-eabi-10.3-2021.10/bin/../lib/gcc/arm-none-eabi/10.3.1/../../../../arm-none-eabi/lib/thumb/v7-m/nofp\libc.a
LOAD e:/gcc-arm-none-eabi-10.3-2021.10-win32/gcc-arm-none-eabi-10.3-2021.10/bin/../lib/gcc/arm-none-eabi/10.3.1/../../../../arm-none-eabi/lib/thumb/v7-m/nofp\libm.a
LOAD e:/gcc-arm-none-eabi-10.3-2021.10-win32/gcc-arm-none-eabi-10.3-2021.10/bin/../lib/gcc/arm-none-eabi/10.3.1/thumb/v7-m/nofp\libgcc.a

.debug_info     0x00000000    0x22996
 .debug_info    0x00000000      0xa73 CMakeFiles/Demo5_1Binary.elf.dir/Core/Src/adc.c.obj
 .debug_info    0x00000a73      0xa84 CMakeFiles/Demo5_1Binary.elf.dir/Core/Src/freertos.c.obj
 .debug_info    0x000014f7      0x32f CMakeFiles/Demo5_1Binary.elf.dir/Core/Src/gpio.c.obj
 .debug_info    0x00001826     0x7ebb CMakeFiles/Demo5_1Binary.elf.dir/Core/Src/lcd.c.obj
 .debug_info    0x000096e1      0xcab CMakeFiles/Demo5_1Binary.elf.dir/Core/Src/main.c.obj
 .debug_info    0x0000a38c      0x3ed CMakeFiles/Demo5_1Binary.elf.dir/Core/Src/stm32f1xx_hal_msp.c.obj
 .debug_info    0x0000a779      0xa75 CMakeFiles/Demo5_1Binary.elf.dir/Core/Src/stm32f1xx_hal_timebase_tim.c.obj
 .debug_info    0x0000b1ee      0x900 CMakeFiles/Demo5_1Binary.elf.dir/Core/Src/stm32f1xx_it.c.obj
 .debug_info    0x0000baee      0x248 CMakeFiles/Demo5_1Binary.elf.dir/Core/Src/system_stm32f1xx.c.obj
 .debug_info    0x0000bd36      0x89e CMakeFiles/Demo5_1Binary.elf.dir/Core/Src/tim.c.obj
 .debug_info    0x0000c5d4      0x80e CMakeFiles/Demo5_1Binary.elf.dir/Drivers/STM32F1xx_HAL_Driver/Src/stm32f1xx_hal.c.obj
 .debug_info    0x0000cde2      0xf10 CMakeFiles/Demo5_1Binary.elf.dir/Drivers/STM32F1xx_HAL_Driver/Src/stm32f1xx_hal_adc.c.obj
 .debug_info    0x0000dcf2      0xc3b CMakeFiles/Demo5_1Binary.elf.dir/Drivers/STM32F1xx_HAL_Driver/Src/stm32f1xx_hal_adc_ex.c.obj
 .debug_info    0x0000e92d      0xdf0 CMakeFiles/Demo5_1Binary.elf.dir/Drivers/STM32F1xx_HAL_Driver/Src/stm32f1xx_hal_cortex.c.obj
 .debug_info    0x0000f71d      0x66f CMakeFiles/Demo5_1Binary.elf.dir/Drivers/STM32F1xx_HAL_Driver/Src/stm32f1xx_hal_gpio.c.obj
 .debug_info    0x0000fd8c      0xa36 CMakeFiles/Demo5_1Binary.elf.dir/Drivers/STM32F1xx_HAL_Driver/Src/stm32f1xx_hal_rcc.c.obj
 .debug_info    0x000107c2      0x47e CMakeFiles/Demo5_1Binary.elf.dir/Drivers/STM32F1xx_HAL_Driver/Src/stm32f1xx_hal_rcc_ex.c.obj
 .debug_info    0x00010c40     0x3b00 CMakeFiles/Demo5_1Binary.elf.dir/Drivers/STM32F1xx_HAL_Driver/Src/stm32f1xx_hal_tim.c.obj
 .debug_info    0x00014740     0x19e9 CMakeFiles/Demo5_1Binary.elf.dir/Drivers/STM32F1xx_HAL_Driver/Src/stm32f1xx_hal_tim_ex.c.obj
 .debug_info    0x00016129     0x4b1f CMakeFiles/Demo5_1Binary.elf.dir/Middlewares/Third_Party/FreeRTOS/Source/CMSIS_RTOS_V2/cmsis_os2.c.obj
 .debug_info    0x0001ac48      0x2da CMakeFiles/Demo5_1Binary.elf.dir/Middlewares/Third_Party/FreeRTOS/Source/list.c.obj
 .debug_info    0x0001af22      0x52b CMakeFiles/Demo5_1Binary.elf.dir/Middlewares/Third_Party/FreeRTOS/Source/portable/GCC/ARM_CM3/port.c.obj
 .debug_info    0x0001b44d      0x471 CMakeFiles/Demo5_1Binary.elf.dir/Middlewares/Third_Party/FreeRTOS/Source/portable/MemMang/heap_4.c.obj
 .debug_info    0x0001b8be     0x2733 CMakeFiles/Demo5_1Binary.elf.dir/Middlewares/Third_Party/FreeRTOS/Source/queue.c.obj
 .debug_info    0x0001dff1     0x301a CMakeFiles/Demo5_1Binary.elf.dir/Middlewares/Third_Party/FreeRTOS/Source/tasks.c.obj
 .debug_info    0x0002100b     0x1969 CMakeFiles/Demo5_1Binary.elf.dir/Middlewares/Third_Party/FreeRTOS/Source/timers.c.obj
 .debug_info    0x00022974       0x22 CMakeFiles/Demo5_1Binary.elf.dir/startup/startup_stm32f103xe.s.obj

.debug_abbrev   0x00000000     0x3936
 .debug_abbrev  0x00000000      0x1ca CMakeFiles/Demo5_1Binary.elf.dir/Core/Src/adc.c.obj
 .debug_abbrev  0x000001ca      0x20a CMakeFiles/Demo5_1Binary.elf.dir/Core/Src/freertos.c.obj
 .debug_abbrev  0x000003d4      0x13c CMakeFiles/Demo5_1Binary.elf.dir/Core/Src/gpio.c.obj
 .debug_abbrev  0x00000510      0x2b7 CMakeFiles/Demo5_1Binary.elf.dir/Core/Src/lcd.c.obj
 .debug_abbrev  0x000007c7      0x217 CMakeFiles/Demo5_1Binary.elf.dir/Core/Src/main.c.obj
 .debug_abbrev  0x000009de      0x12d CMakeFiles/Demo5_1Binary.elf.dir/Core/Src/stm32f1xx_hal_msp.c.obj
 .debug_abbrev  0x00000b0b      0x1ec CMakeFiles/Demo5_1Binary.elf.dir/Core/Src/stm32f1xx_hal_timebase_tim.c.obj
 .debug_abbrev  0x00000cf7      0x18a CMakeFiles/Demo5_1Binary.elf.dir/Core/Src/stm32f1xx_it.c.obj
 .debug_abbrev  0x00000e81      0x13e CMakeFiles/Demo5_1Binary.elf.dir/Core/Src/system_stm32f1xx.c.obj
 .debug_abbrev  0x00000fbf      0x1c5 CMakeFiles/Demo5_1Binary.elf.dir/Core/Src/tim.c.obj
 .debug_abbrev  0x00001184      0x1f4 CMakeFiles/Demo5_1Binary.elf.dir/Drivers/STM32F1xx_HAL_Driver/Src/stm32f1xx_hal.c.obj
 .debug_abbrev  0x00001378      0x1fc CMakeFiles/Demo5_1Binary.elf.dir/Drivers/STM32F1xx_HAL_Driver/Src/stm32f1xx_hal_adc.c.obj
 .debug_abbrev  0x00001574      0x248 CMakeFiles/Demo5_1Binary.elf.dir/Drivers/STM32F1xx_HAL_Driver/Src/stm32f1xx_hal_adc_ex.c.obj
 .debug_abbrev  0x000017bc      0x341 CMakeFiles/Demo5_1Binary.elf.dir/Drivers/STM32F1xx_HAL_Driver/Src/stm32f1xx_hal_cortex.c.obj
 .debug_abbrev  0x00001afd      0x1e6 CMakeFiles/Demo5_1Binary.elf.dir/Drivers/STM32F1xx_HAL_Driver/Src/stm32f1xx_hal_gpio.c.obj
 .debug_abbrev  0x00001ce3      0x27a CMakeFiles/Demo5_1Binary.elf.dir/Drivers/STM32F1xx_HAL_Driver/Src/stm32f1xx_hal_rcc.c.obj
 .debug_abbrev  0x00001f5d      0x1d2 CMakeFiles/Demo5_1Binary.elf.dir/Drivers/STM32F1xx_HAL_Driver/Src/stm32f1xx_hal_rcc_ex.c.obj
 .debug_abbrev  0x0000212f      0x23e CMakeFiles/Demo5_1Binary.elf.dir/Drivers/STM32F1xx_HAL_Driver/Src/stm32f1xx_hal_tim.c.obj
 .debug_abbrev  0x0000236d      0x241 CMakeFiles/Demo5_1Binary.elf.dir/Drivers/STM32F1xx_HAL_Driver/Src/stm32f1xx_hal_tim_ex.c.obj
 .debug_abbrev  0x000025ae      0x418 CMakeFiles/Demo5_1Binary.elf.dir/Middlewares/Third_Party/FreeRTOS/Source/CMSIS_RTOS_V2/cmsis_os2.c.obj
 .debug_abbrev  0x000029c6      0x106 CMakeFiles/Demo5_1Binary.elf.dir/Middlewares/Third_Party/FreeRTOS/Source/list.c.obj
 .debug_abbrev  0x00002acc      0x27e CMakeFiles/Demo5_1Binary.elf.dir/Middlewares/Third_Party/FreeRTOS/Source/portable/GCC/ARM_CM3/port.c.obj
 .debug_abbrev  0x00002d4a      0x238 CMakeFiles/Demo5_1Binary.elf.dir/Middlewares/Third_Party/FreeRTOS/Source/portable/MemMang/heap_4.c.obj
 .debug_abbrev  0x00002f82      0x38c CMakeFiles/Demo5_1Binary.elf.dir/Middlewares/Third_Party/FreeRTOS/Source/queue.c.obj
 .debug_abbrev  0x0000330e      0x313 CMakeFiles/Demo5_1Binary.elf.dir/Middlewares/Third_Party/FreeRTOS/Source/tasks.c.obj
 .debug_abbrev  0x00003621      0x303 CMakeFiles/Demo5_1Binary.elf.dir/Middlewares/Third_Party/FreeRTOS/Source/timers.c.obj
 .debug_abbrev  0x00003924       0x12 CMakeFiles/Demo5_1Binary.elf.dir/startup/startup_stm32f103xe.s.obj

.debug_loc      0x00000000    0x14f2e
 .debug_loc     0x00000000       0x84 CMakeFiles/Demo5_1Binary.elf.dir/Core/Src/adc.c.obj
 .debug_loc     0x00000084       0xa7 CMakeFiles/Demo5_1Binary.elf.dir/Core/Src/freertos.c.obj
 .debug_loc     0x0000012b     0x151c CMakeFiles/Demo5_1Binary.elf.dir/Core/Src/lcd.c.obj
 .debug_loc     0x00001647       0x42 CMakeFiles/Demo5_1Binary.elf.dir/Core/Src/main.c.obj
 .debug_loc     0x00001689       0x15 CMakeFiles/Demo5_1Binary.elf.dir/Core/Src/stm32f1xx_hal_msp.c.obj
 .debug_loc     0x0000169e       0x89 CMakeFiles/Demo5_1Binary.elf.dir/Core/Src/stm32f1xx_hal_timebase_tim.c.obj
 .debug_loc     0x00001727       0xff CMakeFiles/Demo5_1Binary.elf.dir/Core/Src/system_stm32f1xx.c.obj
 .debug_loc     0x00001826      0x141 CMakeFiles/Demo5_1Binary.elf.dir/Drivers/STM32F1xx_HAL_Driver/Src/stm32f1xx_hal.c.obj
 .debug_loc     0x00001967      0xad9 CMakeFiles/Demo5_1Binary.elf.dir/Drivers/STM32F1xx_HAL_Driver/Src/stm32f1xx_hal_adc.c.obj
 .debug_loc     0x00002440      0x801 CMakeFiles/Demo5_1Binary.elf.dir/Drivers/STM32F1xx_HAL_Driver/Src/stm32f1xx_hal_adc_ex.c.obj
 .debug_loc     0x00002c41      0x71f CMakeFiles/Demo5_1Binary.elf.dir/Drivers/STM32F1xx_HAL_Driver/Src/stm32f1xx_hal_cortex.c.obj
 .debug_loc     0x00003360      0x47d CMakeFiles/Demo5_1Binary.elf.dir/Drivers/STM32F1xx_HAL_Driver/Src/stm32f1xx_hal_gpio.c.obj
 .debug_loc     0x000037dd      0x63e CMakeFiles/Demo5_1Binary.elf.dir/Drivers/STM32F1xx_HAL_Driver/Src/stm32f1xx_hal_rcc.c.obj
 .debug_loc     0x00003e1b      0x42a CMakeFiles/Demo5_1Binary.elf.dir/Drivers/STM32F1xx_HAL_Driver/Src/stm32f1xx_hal_rcc_ex.c.obj
 .debug_loc     0x00004245     0x474c CMakeFiles/Demo5_1Binary.elf.dir/Drivers/STM32F1xx_HAL_Driver/Src/stm32f1xx_hal_tim.c.obj
 .debug_loc     0x00008991     0x1b12 CMakeFiles/Demo5_1Binary.elf.dir/Drivers/STM32F1xx_HAL_Driver/Src/stm32f1xx_hal_tim_ex.c.obj
 .debug_loc     0x0000a4a3     0x579d CMakeFiles/Demo5_1Binary.elf.dir/Middlewares/Third_Party/FreeRTOS/Source/CMSIS_RTOS_V2/cmsis_os2.c.obj
 .debug_loc     0x0000fc40       0xad CMakeFiles/Demo5_1Binary.elf.dir/Middlewares/Third_Party/FreeRTOS/Source/list.c.obj
 .debug_loc     0x0000fced       0xe8 CMakeFiles/Demo5_1Binary.elf.dir/Middlewares/Third_Party/FreeRTOS/Source/portable/GCC/ARM_CM3/port.c.obj
 .debug_loc     0x0000fdd5      0x331 CMakeFiles/Demo5_1Binary.elf.dir/Middlewares/Third_Party/FreeRTOS/Source/portable/MemMang/heap_4.c.obj
 .debug_loc     0x00010106     0x19de CMakeFiles/Demo5_1Binary.elf.dir/Middlewares/Third_Party/FreeRTOS/Source/queue.c.obj
 .debug_loc     0x00011ae4     0x24bc CMakeFiles/Demo5_1Binary.elf.dir/Middlewares/Third_Party/FreeRTOS/Source/tasks.c.obj
 .debug_loc     0x00013fa0      0xf8e CMakeFiles/Demo5_1Binary.elf.dir/Middlewares/Third_Party/FreeRTOS/Source/timers.c.obj

.debug_aranges  0x00000000     0x1380
 .debug_aranges
                0x00000000       0x30 CMakeFiles/Demo5_1Binary.elf.dir/Core/Src/adc.c.obj
 .debug_aranges
                0x00000030       0x30 CMakeFiles/Demo5_1Binary.elf.dir/Core/Src/freertos.c.obj
 .debug_aranges
                0x00000060       0x20 CMakeFiles/Demo5_1Binary.elf.dir/Core/Src/gpio.c.obj
 .debug_aranges
                0x00000080      0x110 CMakeFiles/Demo5_1Binary.elf.dir/Core/Src/lcd.c.obj
 .debug_aranges
                0x00000190       0x38 CMakeFiles/Demo5_1Binary.elf.dir/Core/Src/main.c.obj
 .debug_aranges
                0x000001c8       0x20 CMakeFiles/Demo5_1Binary.elf.dir/Core/Src/stm32f1xx_hal_msp.c.obj
 .debug_aranges
                0x000001e8       0x30 CMakeFiles/Demo5_1Binary.elf.dir/Core/Src/stm32f1xx_hal_timebase_tim.c.obj
 .debug_aranges
                0x00000218       0x58 CMakeFiles/Demo5_1Binary.elf.dir/Core/Src/stm32f1xx_it.c.obj
 .debug_aranges
                0x00000270       0x28 CMakeFiles/Demo5_1Binary.elf.dir/Core/Src/system_stm32f1xx.c.obj
 .debug_aranges
                0x00000298       0x30 CMakeFiles/Demo5_1Binary.elf.dir/Core/Src/tim.c.obj
 .debug_aranges
                0x000002c8       0xe0 CMakeFiles/Demo5_1Binary.elf.dir/Drivers/STM32F1xx_HAL_Driver/Src/stm32f1xx_hal.c.obj
 .debug_aranges
                0x000003a8       0xf0 CMakeFiles/Demo5_1Binary.elf.dir/Drivers/STM32F1xx_HAL_Driver/Src/stm32f1xx_hal_adc.c.obj
 .debug_aranges
                0x00000498       0x80 CMakeFiles/Demo5_1Binary.elf.dir/Drivers/STM32F1xx_HAL_Driver/Src/stm32f1xx_hal_adc_ex.c.obj
 .debug_aranges
                0x00000518       0x90 CMakeFiles/Demo5_1Binary.elf.dir/Drivers/STM32F1xx_HAL_Driver/Src/stm32f1xx_hal_cortex.c.obj
 .debug_aranges
                0x000005a8       0x58 CMakeFiles/Demo5_1Binary.elf.dir/Drivers/STM32F1xx_HAL_Driver/Src/stm32f1xx_hal_gpio.c.obj
 .debug_aranges
                0x00000600       0x90 CMakeFiles/Demo5_1Binary.elf.dir/Drivers/STM32F1xx_HAL_Driver/Src/stm32f1xx_hal_rcc.c.obj
 .debug_aranges
                0x00000690       0x30 CMakeFiles/Demo5_1Binary.elf.dir/Drivers/STM32F1xx_HAL_Driver/Src/stm32f1xx_hal_rcc_ex.c.obj
 .debug_aranges
                0x000006c0      0x3d0 CMakeFiles/Demo5_1Binary.elf.dir/Drivers/STM32F1xx_HAL_Driver/Src/stm32f1xx_hal_tim.c.obj
 .debug_aranges
                0x00000a90      0x168 CMakeFiles/Demo5_1Binary.elf.dir/Drivers/STM32F1xx_HAL_Driver/Src/stm32f1xx_hal_tim_ex.c.obj
 .debug_aranges
                0x00000bf8      0x228 CMakeFiles/Demo5_1Binary.elf.dir/Middlewares/Third_Party/FreeRTOS/Source/CMSIS_RTOS_V2/cmsis_os2.c.obj
 .debug_aranges
                0x00000e20       0x40 CMakeFiles/Demo5_1Binary.elf.dir/Middlewares/Third_Party/FreeRTOS/Source/list.c.obj
 .debug_aranges
                0x00000e60       0x78 CMakeFiles/Demo5_1Binary.elf.dir/Middlewares/Third_Party/FreeRTOS/Source/portable/GCC/ARM_CM3/port.c.obj
 .debug_aranges
                0x00000ed8       0x50 CMakeFiles/Demo5_1Binary.elf.dir/Middlewares/Third_Party/FreeRTOS/Source/portable/MemMang/heap_4.c.obj
 .debug_aranges
                0x00000f28      0x158 CMakeFiles/Demo5_1Binary.elf.dir/Middlewares/Third_Party/FreeRTOS/Source/queue.c.obj
 .debug_aranges
                0x00001080      0x1f8 CMakeFiles/Demo5_1Binary.elf.dir/Middlewares/Third_Party/FreeRTOS/Source/tasks.c.obj
 .debug_aranges
                0x00001278       0xe0 CMakeFiles/Demo5_1Binary.elf.dir/Middlewares/Third_Party/FreeRTOS/Source/timers.c.obj
 .debug_aranges
                0x00001358       0x28 CMakeFiles/Demo5_1Binary.elf.dir/startup/startup_stm32f103xe.s.obj

.debug_ranges   0x00000000     0x1478
 .debug_ranges  0x00000000       0x20 CMakeFiles/Demo5_1Binary.elf.dir/Core/Src/adc.c.obj
 .debug_ranges  0x00000020       0x20 CMakeFiles/Demo5_1Binary.elf.dir/Core/Src/freertos.c.obj
 .debug_ranges  0x00000040       0x10 CMakeFiles/Demo5_1Binary.elf.dir/Core/Src/gpio.c.obj
 .debug_ranges  0x00000050      0x100 CMakeFiles/Demo5_1Binary.elf.dir/Core/Src/lcd.c.obj
 .debug_ranges  0x00000150       0x28 CMakeFiles/Demo5_1Binary.elf.dir/Core/Src/main.c.obj
 .debug_ranges  0x00000178       0x10 CMakeFiles/Demo5_1Binary.elf.dir/Core/Src/stm32f1xx_hal_msp.c.obj
 .debug_ranges  0x00000188       0x20 CMakeFiles/Demo5_1Binary.elf.dir/Core/Src/stm32f1xx_hal_timebase_tim.c.obj
 .debug_ranges  0x000001a8       0x48 CMakeFiles/Demo5_1Binary.elf.dir/Core/Src/stm32f1xx_it.c.obj
 .debug_ranges  0x000001f0       0x18 CMakeFiles/Demo5_1Binary.elf.dir/Core/Src/system_stm32f1xx.c.obj
 .debug_ranges  0x00000208       0x20 CMakeFiles/Demo5_1Binary.elf.dir/Core/Src/tim.c.obj
 .debug_ranges  0x00000228       0xd0 CMakeFiles/Demo5_1Binary.elf.dir/Drivers/STM32F1xx_HAL_Driver/Src/stm32f1xx_hal.c.obj
 .debug_ranges  0x000002f8       0xe0 CMakeFiles/Demo5_1Binary.elf.dir/Drivers/STM32F1xx_HAL_Driver/Src/stm32f1xx_hal_adc.c.obj
 .debug_ranges  0x000003d8       0x70 CMakeFiles/Demo5_1Binary.elf.dir/Drivers/STM32F1xx_HAL_Driver/Src/stm32f1xx_hal_adc_ex.c.obj
 .debug_ranges  0x00000448       0xe0 CMakeFiles/Demo5_1Binary.elf.dir/Drivers/STM32F1xx_HAL_Driver/Src/stm32f1xx_hal_cortex.c.obj
 .debug_ranges  0x00000528       0x48 CMakeFiles/Demo5_1Binary.elf.dir/Drivers/STM32F1xx_HAL_Driver/Src/stm32f1xx_hal_gpio.c.obj
 .debug_ranges  0x00000570       0xa0 CMakeFiles/Demo5_1Binary.elf.dir/Drivers/STM32F1xx_HAL_Driver/Src/stm32f1xx_hal_rcc.c.obj
 .debug_ranges  0x00000610       0x38 CMakeFiles/Demo5_1Binary.elf.dir/Drivers/STM32F1xx_HAL_Driver/Src/stm32f1xx_hal_rcc_ex.c.obj
 .debug_ranges  0x00000648      0x3c0 CMakeFiles/Demo5_1Binary.elf.dir/Drivers/STM32F1xx_HAL_Driver/Src/stm32f1xx_hal_tim.c.obj
 .debug_ranges  0x00000a08      0x158 CMakeFiles/Demo5_1Binary.elf.dir/Drivers/STM32F1xx_HAL_Driver/Src/stm32f1xx_hal_tim_ex.c.obj
 .debug_ranges  0x00000b60      0x218 CMakeFiles/Demo5_1Binary.elf.dir/Middlewares/Third_Party/FreeRTOS/Source/CMSIS_RTOS_V2/cmsis_os2.c.obj
 .debug_ranges  0x00000d78       0x30 CMakeFiles/Demo5_1Binary.elf.dir/Middlewares/Third_Party/FreeRTOS/Source/list.c.obj
 .debug_ranges  0x00000da8       0x68 CMakeFiles/Demo5_1Binary.elf.dir/Middlewares/Third_Party/FreeRTOS/Source/portable/GCC/ARM_CM3/port.c.obj
 .debug_ranges  0x00000e10       0x40 CMakeFiles/Demo5_1Binary.elf.dir/Middlewares/Third_Party/FreeRTOS/Source/portable/MemMang/heap_4.c.obj
 .debug_ranges  0x00000e50      0x218 CMakeFiles/Demo5_1Binary.elf.dir/Middlewares/Third_Party/FreeRTOS/Source/queue.c.obj
 .debug_ranges  0x00001068      0x320 CMakeFiles/Demo5_1Binary.elf.dir/Middlewares/Third_Party/FreeRTOS/Source/tasks.c.obj
 .debug_ranges  0x00001388       0xd0 CMakeFiles/Demo5_1Binary.elf.dir/Middlewares/Third_Party/FreeRTOS/Source/timers.c.obj
 .debug_ranges  0x00001458       0x20 CMakeFiles/Demo5_1Binary.elf.dir/startup/startup_stm32f103xe.s.obj

.debug_line     0x00000000    0x181b5
 .debug_line    0x00000000      0x3fc CMakeFiles/Demo5_1Binary.elf.dir/Core/Src/adc.c.obj
 .debug_line    0x000003fc      0x4fa CMakeFiles/Demo5_1Binary.elf.dir/Core/Src/freertos.c.obj
 .debug_line    0x000008f6      0x29c CMakeFiles/Demo5_1Binary.elf.dir/Core/Src/gpio.c.obj
 .debug_line    0x00000b92     0x1e03 CMakeFiles/Demo5_1Binary.elf.dir/Core/Src/lcd.c.obj
 .debug_line    0x00002995      0x54f CMakeFiles/Demo5_1Binary.elf.dir/Core/Src/main.c.obj
 .debug_line    0x00002ee4      0x260 CMakeFiles/Demo5_1Binary.elf.dir/Core/Src/stm32f1xx_hal_msp.c.obj
 .debug_line    0x00003144      0x349 CMakeFiles/Demo5_1Binary.elf.dir/Core/Src/stm32f1xx_hal_timebase_tim.c.obj
 .debug_line    0x0000348d      0x380 CMakeFiles/Demo5_1Binary.elf.dir/Core/Src/stm32f1xx_it.c.obj
 .debug_line    0x0000380d      0x2ba CMakeFiles/Demo5_1Binary.elf.dir/Core/Src/system_stm32f1xx.c.obj
 .debug_line    0x00003ac7      0x3aa CMakeFiles/Demo5_1Binary.elf.dir/Core/Src/tim.c.obj
 .debug_line    0x00003e71      0x60a CMakeFiles/Demo5_1Binary.elf.dir/Drivers/STM32F1xx_HAL_Driver/Src/stm32f1xx_hal.c.obj
 .debug_line    0x0000447b      0xf9f CMakeFiles/Demo5_1Binary.elf.dir/Drivers/STM32F1xx_HAL_Driver/Src/stm32f1xx_hal_adc.c.obj
 .debug_line    0x0000541a      0xc80 CMakeFiles/Demo5_1Binary.elf.dir/Drivers/STM32F1xx_HAL_Driver/Src/stm32f1xx_hal_adc_ex.c.obj
 .debug_line    0x0000609a      0x6e1 CMakeFiles/Demo5_1Binary.elf.dir/Drivers/STM32F1xx_HAL_Driver/Src/stm32f1xx_hal_cortex.c.obj
 .debug_line    0x0000677b      0x69f CMakeFiles/Demo5_1Binary.elf.dir/Drivers/STM32F1xx_HAL_Driver/Src/stm32f1xx_hal_gpio.c.obj
 .debug_line    0x00006e1a      0xcd4 CMakeFiles/Demo5_1Binary.elf.dir/Drivers/STM32F1xx_HAL_Driver/Src/stm32f1xx_hal_rcc.c.obj
 .debug_line    0x00007aee      0x57c CMakeFiles/Demo5_1Binary.elf.dir/Drivers/STM32F1xx_HAL_Driver/Src/stm32f1xx_hal_rcc_ex.c.obj
 .debug_line    0x0000806a     0x47e5 CMakeFiles/Demo5_1Binary.elf.dir/Drivers/STM32F1xx_HAL_Driver/Src/stm32f1xx_hal_tim.c.obj
 .debug_line    0x0000c84f     0x1c6e CMakeFiles/Demo5_1Binary.elf.dir/Drivers/STM32F1xx_HAL_Driver/Src/stm32f1xx_hal_tim_ex.c.obj
 .debug_line    0x0000e4bd     0x2e01 CMakeFiles/Demo5_1Binary.elf.dir/Middlewares/Third_Party/FreeRTOS/Source/CMSIS_RTOS_V2/cmsis_os2.c.obj
 .debug_line    0x000112be      0x41c CMakeFiles/Demo5_1Binary.elf.dir/Middlewares/Third_Party/FreeRTOS/Source/list.c.obj
 .debug_line    0x000116da      0x6cd CMakeFiles/Demo5_1Binary.elf.dir/Middlewares/Third_Party/FreeRTOS/Source/portable/GCC/ARM_CM3/port.c.obj
 .debug_line    0x00011da7      0x72c CMakeFiles/Demo5_1Binary.elf.dir/Middlewares/Third_Party/FreeRTOS/Source/portable/MemMang/heap_4.c.obj
 .debug_line    0x000124d3     0x20d0 CMakeFiles/Demo5_1Binary.elf.dir/Middlewares/Third_Party/FreeRTOS/Source/queue.c.obj
 .debug_line    0x000145a3     0x2cbd CMakeFiles/Demo5_1Binary.elf.dir/Middlewares/Third_Party/FreeRTOS/Source/tasks.c.obj
 .debug_line    0x00017260      0xea4 CMakeFiles/Demo5_1Binary.elf.dir/Middlewares/Third_Party/FreeRTOS/Source/timers.c.obj
 .debug_line    0x00018104       0xb1 CMakeFiles/Demo5_1Binary.elf.dir/startup/startup_stm32f103xe.s.obj

.debug_str      0x00000000     0x6d99
 .debug_str     0x00000000      0x9ac CMakeFiles/Demo5_1Binary.elf.dir/Core/Src/adc.c.obj
                                0xa74 (size before relaxing)
 .debug_str     0x000009ac      0x638 CMakeFiles/Demo5_1Binary.elf.dir/Core/Src/freertos.c.obj
                                0xb16 (size before relaxing)
 .debug_str     0x00000fe4       0x7f CMakeFiles/Demo5_1Binary.elf.dir/Core/Src/gpio.c.obj
                                0x2dd (size before relaxing)
 .debug_str     0x00001063      0x33c CMakeFiles/Demo5_1Binary.elf.dir/Core/Src/lcd.c.obj
                                0x5e5 (size before relaxing)
 .debug_str     0x0000139f      0x591 CMakeFiles/Demo5_1Binary.elf.dir/Core/Src/main.c.obj
                                0xb20 (size before relaxing)
 .debug_str     0x00001930       0x5d CMakeFiles/Demo5_1Binary.elf.dir/Core/Src/stm32f1xx_hal_msp.c.obj
                                0x64d (size before relaxing)
 .debug_str     0x0000198d      0x119 CMakeFiles/Demo5_1Binary.elf.dir/Core/Src/stm32f1xx_hal_timebase_tim.c.obj
                                0xc34 (size before relaxing)
 .debug_str     0x00001aa6       0xf9 CMakeFiles/Demo5_1Binary.elf.dir/Core/Src/stm32f1xx_it.c.obj
                                0x894 (size before relaxing)
 .debug_str     0x00001b9f       0xaf CMakeFiles/Demo5_1Binary.elf.dir/Core/Src/system_stm32f1xx.c.obj
                                0x2b4 (size before relaxing)
 .debug_str     0x00001c4e      0x15b CMakeFiles/Demo5_1Binary.elf.dir/Core/Src/tim.c.obj
                                0x868 (size before relaxing)
 .debug_str     0x00001da9      0x2ea CMakeFiles/Demo5_1Binary.elf.dir/Drivers/STM32F1xx_HAL_Driver/Src/stm32f1xx_hal.c.obj
                                0x968 (size before relaxing)
 .debug_str     0x00002093      0x316 CMakeFiles/Demo5_1Binary.elf.dir/Drivers/STM32F1xx_HAL_Driver/Src/stm32f1xx_hal_adc.c.obj
                                0x933 (size before relaxing)
 .debug_str     0x000023a9      0x2c2 CMakeFiles/Demo5_1Binary.elf.dir/Drivers/STM32F1xx_HAL_Driver/Src/stm32f1xx_hal_adc_ex.c.obj
                                0x8ec (size before relaxing)
 .debug_str     0x0000266b      0x3c6 CMakeFiles/Demo5_1Binary.elf.dir/Drivers/STM32F1xx_HAL_Driver/Src/stm32f1xx_hal_cortex.c.obj
                                0xa17 (size before relaxing)
 .debug_str     0x00002a31      0x146 CMakeFiles/Demo5_1Binary.elf.dir/Drivers/STM32F1xx_HAL_Driver/Src/stm32f1xx_hal_gpio.c.obj
                                0x460 (size before relaxing)
 .debug_str     0x00002b77      0x1e0 CMakeFiles/Demo5_1Binary.elf.dir/Drivers/STM32F1xx_HAL_Driver/Src/stm32f1xx_hal_rcc.c.obj
                                0x68b (size before relaxing)