Archive member included to satisfy reference by file (symbol)

e:/gcc-arm-none-eabi-10.3-2021.10-win32/gcc-arm-none-eabi-10.3-2021.10/bin/../lib/gcc/arm-none-eabi/10.3.1/thumb/v7-m/nofp\libgcc.a(_arm_muldf3.o)
                              CMakeFiles/Demo3_1TaskISR.elf.dir/Core/Src/lcd.c.obj (__aeabi_dmul)
e:/gcc-arm-none-eabi-10.3-2021.10-win32/gcc-arm-none-eabi-10.3-2021.10/bin/../lib/gcc/arm-none-eabi/10.3.1/thumb/v7-m/nofp\libgcc.a(_arm_addsubdf3.o)
                              CMakeFiles/Demo3_1TaskISR.elf.dir/Core/Src/lcd.c.obj (__aeabi_i2d)
e:/gcc-arm-none-eabi-10.3-2021.10-win32/gcc-arm-none-eabi-10.3-2021.10/bin/../lib/gcc/arm-none-eabi/10.3.1/thumb/v7-m/nofp\libgcc.a(_arm_fixunsdfsi.o)
                              CMakeFiles/Demo3_1TaskISR.elf.dir/Core/Src/lcd.c.obj (__aeabi_d2uiz)
e:/gcc-arm-none-eabi-10.3-2021.10-win32/gcc-arm-none-eabi-10.3-2021.10/bin/../lib/gcc/arm-none-eabi/10.3.1/../../../../arm-none-eabi/lib/thumb/v7-m/nofp\libg.a(lib_a-errno.o)
                              CMakeFiles/Demo3_1TaskISR.elf.dir/Core/Src/syscalls.c.obj (__errno)
e:/gcc-arm-none-eabi-10.3-2021.10-win32/gcc-arm-none-eabi-10.3-2021.10/bin/../lib/gcc/arm-none-eabi/10.3.1/../../../../arm-none-eabi/lib/thumb/v7-m/nofp\libg.a(lib_a-exit.o)
                              e:/gcc-arm-none-eabi-10.3-2021.10-win32/gcc-arm-none-eabi-10.3-2021.10/bin/../lib/gcc/arm-none-eabi/10.3.1/../../../../arm-none-eabi/lib/thumb/v7-m/nofp/crt0.o (exit)
e:/gcc-arm-none-eabi-10.3-2021.10-win32/gcc-arm-none-eabi-10.3-2021.10/bin/../lib/gcc/arm-none-eabi/10.3.1/../../../../arm-none-eabi/lib/thumb/v7-m/nofp\libg.a(lib_a-impure.o)
                              e:/gcc-arm-none-eabi-10.3-2021.10-win32/gcc-arm-none-eabi-10.3-2021.10/bin/../lib/gcc/arm-none-eabi/10.3.1/../../../../arm-none-eabi/lib/thumb/v7-m/nofp\libg.a(lib_a-exit.o) (_global_impure_ptr)
e:/gcc-arm-none-eabi-10.3-2021.10-win32/gcc-arm-none-eabi-10.3-2021.10/bin/../lib/gcc/arm-none-eabi/10.3.1/../../../../arm-none-eabi/lib/thumb/v7-m/nofp\libg.a(lib_a-init.o)
                              e:/gcc-arm-none-eabi-10.3-2021.10-win32/gcc-arm-none-eabi-10.3-2021.10/bin/../lib/gcc/arm-none-eabi/10.3.1/../../../../arm-none-eabi/lib/thumb/v7-m/nofp/crt0.o (__libc_init_array)
e:/gcc-arm-none-eabi-10.3-2021.10-win32/gcc-arm-none-eabi-10.3-2021.10/bin/../lib/gcc/arm-none-eabi/10.3.1/../../../../arm-none-eabi/lib/thumb/v7-m/nofp\libg.a(lib_a-memcpy.o)
                              CMakeFiles/Demo3_1TaskISR.elf.dir/Middlewares/Third_Party/FreeRTOS/Source/CMSIS_RTOS_V2/cmsis_os2.c.obj (memcpy)
e:/gcc-arm-none-eabi-10.3-2021.10-win32/gcc-arm-none-eabi-10.3-2021.10/bin/../lib/gcc/arm-none-eabi/10.3.1/../../../../arm-none-eabi/lib/thumb/v7-m/nofp\libg.a(lib_a-memset.o)
                              e:/gcc-arm-none-eabi-10.3-2021.10-win32/gcc-arm-none-eabi-10.3-2021.10/bin/../lib/gcc/arm-none-eabi/10.3.1/../../../../arm-none-eabi/lib/thumb/v7-m/nofp/crt0.o (memset)
e:/gcc-arm-none-eabi-10.3-2021.10-win32/gcc-arm-none-eabi-10.3-2021.10/bin/../lib/gcc/arm-none-eabi/10.3.1/../../../../arm-none-eabi/lib/thumb/v7-m/nofp\libg.a(lib_a-__call_atexit.o)
                              e:/gcc-arm-none-eabi-10.3-2021.10-win32/gcc-arm-none-eabi-10.3-2021.10/bin/../lib/gcc/arm-none-eabi/10.3.1/../../../../arm-none-eabi/lib/thumb/v7-m/nofp\libg.a(lib_a-exit.o) (__call_exitprocs)
e:/gcc-arm-none-eabi-10.3-2021.10-win32/gcc-arm-none-eabi-10.3-2021.10/bin/../lib/gcc/arm-none-eabi/10.3.1/../../../../arm-none-eabi/lib/thumb/v7-m/nofp\libg.a(lib_a-atexit.o)
                              e:/gcc-arm-none-eabi-10.3-2021.10-win32/gcc-arm-none-eabi-10.3-2021.10/bin/../lib/gcc/arm-none-eabi/10.3.1/../../../../arm-none-eabi/lib/thumb/v7-m/nofp\libg.a(lib_a-__call_atexit.o) (atexit)
e:/gcc-arm-none-eabi-10.3-2021.10-win32/gcc-arm-none-eabi-10.3-2021.10/bin/../lib/gcc/arm-none-eabi/10.3.1/../../../../arm-none-eabi/lib/thumb/v7-m/nofp\libg.a(lib_a-fini.o)
                              e:/gcc-arm-none-eabi-10.3-2021.10-win32/gcc-arm-none-eabi-10.3-2021.10/bin/../lib/gcc/arm-none-eabi/10.3.1/../../../../arm-none-eabi/lib/thumb/v7-m/nofp\libg.a(lib_a-__call_atexit.o) (__libc_fini_array)
e:/gcc-arm-none-eabi-10.3-2021.10-win32/gcc-arm-none-eabi-10.3-2021.10/bin/../lib/gcc/arm-none-eabi/10.3.1/../../../../arm-none-eabi/lib/thumb/v7-m/nofp\libg.a(lib_a-lock.o)
                              e:/gcc-arm-none-eabi-10.3-2021.10-win32/gcc-arm-none-eabi-10.3-2021.10/bin/../lib/gcc/arm-none-eabi/10.3.1/../../../../arm-none-eabi/lib/thumb/v7-m/nofp\libg.a(lib_a-__call_atexit.o) (__retarget_lock_acquire_recursive)
e:/gcc-arm-none-eabi-10.3-2021.10-win32/gcc-arm-none-eabi-10.3-2021.10/bin/../lib/gcc/arm-none-eabi/10.3.1/../../../../arm-none-eabi/lib/thumb/v7-m/nofp\libg.a(lib_a-__atexit.o)
                              e:/gcc-arm-none-eabi-10.3-2021.10-win32/gcc-arm-none-eabi-10.3-2021.10/bin/../lib/gcc/arm-none-eabi/10.3.1/../../../../arm-none-eabi/lib/thumb/v7-m/nofp\libg.a(lib_a-atexit.o) (__register_exitproc)

Discarded input sections

[...]
Memory Configuration

Name             Origin             Length             Attributes
RAM              0x20000000         0x0000c000         xrw
FLASH            0x08000000         0x00040000         xr
*default*        0x00000000         0xffffffff

Linker script and memory map

LOAD e:/gcc-arm-none-eabi-10.3-2021.10-win32/gcc-arm-none-eabi-10.3-2021.10/bin/../lib/gcc/arm-none-eabi/10.3.1/thumb/v7-m/nofp/crti.o
LOAD e:/gcc-arm-none-eabi-10.3-2021.10-win32/gcc-arm-none-eabi-10.3-2021.10/bin/../lib/gcc/arm-none-eabi/10.3.1/thumb/v7-m/nofp/crtbegin.o
LOAD e:/gcc-arm-none-eabi-10.3-2021.10-win32/gcc-arm-none-eabi-10.3-2021.10/bin/../lib/gcc/arm-none-eabi/10.3.1/../../../../arm-none-eabi/lib/thumb/v7-m/nofp/crt0.o
LOAD CMakeFiles/Demo3_1TaskISR.elf.dir/Core/Src/freertos.c.obj
LOAD CMakeFiles/Demo3_1TaskISR.elf.dir/Core/Src/gpio.c.obj
LOAD CMakeFiles/Demo3_1TaskISR.elf.dir/Core/Src/lcd.c.obj
LOAD CMakeFiles/Demo3_1TaskISR.elf.dir/Core/Src/main.c.obj
LOAD CMakeFiles/Demo3_1TaskISR.elf.dir/Core/Src/rtc.c.obj
LOAD CMakeFiles/Demo3_1TaskISR.elf.dir/Core/Src/stm32f1xx_hal_msp.c.obj
LOAD CMakeFiles/Demo3_1TaskISR.elf.dir/Core/Src/stm32f1xx_hal_timebase_tim.c.obj
LOAD CMakeFiles/Demo3_1TaskISR.elf.dir/Core/Src/stm32f1xx_it.c.obj
LOAD CMakeFiles/Demo3_1TaskISR.elf.dir/Core/Src/sys.c.obj
LOAD CMakeFiles/Demo3_1TaskISR.elf.dir/Core/Src/syscalls.c.obj
LOAD CMakeFiles/Demo3_1TaskISR.elf.dir/Core/Src/system_stm32f1xx.c.obj
LOAD CMakeFiles/Demo3_1TaskISR.elf.dir/Drivers/STM32F1xx_HAL_Driver/Src/stm32f1xx_hal.c.obj
LOAD CMakeFiles/Demo3_1TaskISR.elf.dir/Drivers/STM32F1xx_HAL_Driver/Src/stm32f1xx_hal_cortex.c.obj
LOAD CMakeFiles/Demo3_1TaskISR.elf.dir/Drivers/STM32F1xx_HAL_Driver/Src/stm32f1xx_hal_dma.c.obj
LOAD CMakeFiles/Demo3_1TaskISR.elf.dir/Drivers/STM32F1xx_HAL_Driver/Src/stm32f1xx_hal_exti.c.obj
LOAD CMakeFiles/Demo3_1TaskISR.elf.dir/Drivers/STM32F1xx_HAL_Driver/Src/stm32f1xx_hal_flash.c.obj
LOAD CMakeFiles/Demo3_1TaskISR.elf.dir/Drivers/STM32F1xx_HAL_Driver/Src/stm32f1xx_hal_flash_ex.c.obj
LOAD CMakeFiles/Demo3_1TaskISR.elf.dir/Drivers/STM32F1xx_HAL_Driver/Src/stm32f1xx_hal_gpio.c.obj
LOAD CMakeFiles/Demo3_1TaskISR.elf.dir/Drivers/STM32F1xx_HAL_Driver/Src/stm32f1xx_hal_gpio_ex.c.obj
LOAD CMakeFiles/Demo3_1TaskISR.elf.dir/Drivers/STM32F1xx_HAL_Driver/Src/stm32f1xx_hal_pwr.c.obj
LOAD CMakeFiles/Demo3_1TaskISR.elf.dir/Drivers/STM32F1xx_HAL_Driver/Src/stm32f1xx_hal_rcc.c.obj
LOAD CMakeFiles/Demo3_1TaskISR.elf.dir/Drivers/STM32F1xx_HAL_Driver/Src/stm32f1xx_hal_rcc_ex.c.obj
LOAD CMakeFiles/Demo3_1TaskISR.elf.dir/Drivers/STM32F1xx_HAL_Driver/Src/stm32f1xx_hal_rtc.c.obj
LOAD CMakeFiles/Demo3_1TaskISR.elf.dir/Drivers/STM32F1xx_HAL_Driver/Src/stm32f1xx_hal_rtc_ex.c.obj
LOAD CMakeFiles/Demo3_1TaskISR.elf.dir/Drivers/STM32F1xx_HAL_Driver/Src/stm32f1xx_hal_tim.c.obj
LOAD CMakeFiles/Demo3_1TaskISR.elf.dir/Drivers/STM32F1xx_HAL_Driver/Src/stm32f1xx_hal_tim_ex.c.obj
LOAD CMakeFiles/Demo3_1TaskISR.elf.dir/Middlewares/Third_Party/FreeRTOS/Source/CMSIS_RTOS_V2/cmsis_os2.c.obj
LOAD CMakeFiles/Demo3_1TaskISR.elf.dir/Middlewares/Third_Party/FreeRTOS/Source/croutine.c.obj
LOAD CMakeFiles/Demo3_1TaskISR.elf.dir/Middlewares/Third_Party/FreeRTOS/Source/event_groups.c.obj
LOAD CMakeFiles/Demo3_1TaskISR.elf.dir/Middlewares/Third_Party/FreeRTOS/Source/list.c.obj
LOAD CMakeFiles/Demo3_1TaskISR.elf.dir/Middlewares/Third_Party/FreeRTOS/Source/portable/GCC/ARM_CM3/port.c.obj
LOAD CMakeFiles/Demo3_1TaskISR.elf.dir/Middlewares/Third_Party/FreeRTOS/Source/portable/MemMang/heap_4.c.obj
LOAD CMakeFiles/Demo3_1TaskISR.elf.dir/Middlewares/Third_Party/FreeRTOS/Source/queue.c.obj
LOAD CMakeFiles/Demo3_1TaskISR.elf.dir/Middlewares/Third_Party/FreeRTOS/Source/stream_buffer.c.obj
LOAD CMakeFiles/Demo3_1TaskISR.elf.dir/Middlewares/Third_Party/FreeRTOS/Source/tasks.c.obj
LOAD CMakeFiles/Demo3_1TaskISR.elf.dir/Middlewares/Third_Party/FreeRTOS/Source/timers.c.obj
LOAD CMakeFiles/Demo3_1TaskISR.elf.dir/startup/startup_stm32f103xe.s.obj
START GROUP
LOAD e:/gcc-arm-none-eabi-10.3-2021.10-win32/gcc-arm-none-eabi-10.3-2021.10/bin/../lib/gcc/arm-none-eabi/10.3.1/thumb/v7-m/nofp\libgcc.a
LOAD e:/gcc-arm-none-eabi-10.3-2021.10-win32/gcc-arm-none-eabi-10.3-2021.10/bin/../lib/gcc/arm-none-eabi/10.3.1/../../../../arm-none-eabi/lib/thumb/v7-m/nofp\libg.a
LOAD e:/gcc-arm-none-eabi-10.3-2021.10-win32/gcc-arm-none-eabi-10.3-2021.10/bin/../lib/gcc/arm-none-eabi/10.3.1/../../../../arm-none-eabi/lib/thumb/v7-m/nofp\libc.a
END GROUP
LOAD e:/gcc-arm-none-eabi-10.3-2021.10-win32/gcc-arm-none-eabi-10.3-2021.10/bin/../lib/gcc/arm-none-eabi/10.3.1/thumb/v7-m/nofp/crtend.o
LOAD e:/gcc-arm-none-eabi-10.3-2021.10-win32/gcc-arm-none-eabi-10.3-2021.10/bin/../lib/gcc/arm-none-eabi/10.3.1/thumb/v7-m/nofp/crtn.o
                0x2000c000                _estack = (ORIGIN (RAM) + LENGTH (RAM))
                0x00000200                _Min_Heap_Size = 0x200
                0x00000400                _Min_Stack_Size = 0x400

.isr_vector     0x08000000      0x1e4
                0x08000000                . = ALIGN (0x4)
 *(.isr_vector)
 .isr_vector    0x08000000      0x1e4 CMakeFiles/Demo3_1TaskISR.elf.dir/startup/startup_stm32f103xe.s.obj
                0x08000000                g_pfnVectors
                0x080001e4                . = ALIGN (0x4)

.text           0x080001f0     0x7374
                0x080001f0                . = ALIGN (0x4)
 *(.text)
 .text          0x080001f0       0x40 e:/gcc-arm-none-eabi-10.3-2021.10-win32/gcc-arm-none-eabi-10.3-2021.10/bin/../lib/gcc/arm-none-eabi/10.3.1/thumb/v7-m/nofp/crtbegin.o
 .text          0x08000230      0x254 e:/gcc-arm-none-eabi-10.3-2021.10-win32/gcc-arm-none-eabi-10.3-2021.10/bin/../lib/gcc/arm-none-eabi/10.3.1/thumb/v7-m/nofp\libgcc.a(_arm_muldf3.o)
                0x08000230                __muldf3
                0x08000230                __aeabi_dmul
 .text          0x08000484      0x378 e:/gcc-arm-none-eabi-10.3-2021.10-win32/gcc-arm-none-eabi-10.3-2021.10/bin/../lib/gcc/arm-none-eabi/10.3.1/thumb/v7-m/nofp\libgcc.a(_arm_addsubdf3.o)
                0x08000484                __aeabi_drsub
                0x0800048c                __aeabi_dsub
                0x0800048c                __subdf3
                0x08000490                __aeabi_dadd
                0x08000490                __adddf3
                0x08000708                __floatunsidf
                0x08000708                __aeabi_ui2d
                0x08000728                __floatsidf
                0x08000728                __aeabi_i2d
                0x0800074c                __aeabi_f2d
                0x0800074c                __extendsfdf2
                0x08000790                __floatundidf
                0x08000790                __aeabi_ul2d
                0x080007a0                __floatdidf
                0x080007a0                __aeabi_l2d
 .text          0x080007fc       0x40 e:/gcc-arm-none-eabi-10.3-2021.10-win32/gcc-arm-none-eabi-10.3-2021.10/bin/../lib/gcc/arm-none-eabi/10.3.1/thumb/v7-m/nofp\libgcc.a(_arm_fixunsdfsi.o)
                0x080007fc                __aeabi_d2uiz
                0x080007fc                __fixunsdfsi
 .text          0x0800083c       0xec e:/gcc-arm-none-eabi-10.3-2021.10-win32/gcc-arm-none-eabi-10.3-2021.10/bin/../lib/gcc/arm-none-eabi/10.3.1/../../../../arm-none-eabi/lib/thumb/v7-m/nofp\libg.a(lib_a-memcpy.o)
                0x0800083c                memcpy
 *(.text*)
 .text.TaskAppLED
                0x08000928       0xc4 CMakeFiles/Demo3_1TaskISR.elf.dir/Core/Src/freertos.c.obj
                0x08000928                TaskAppLED
 .text.MX_FREERTOS_Init
                0x080009ec       0x20 CMakeFiles/Demo3_1TaskISR.elf.dir/Core/Src/freertos.c.obj
                0x080009ec                MX_FREERTOS_Init
 .text.MX_GPIO_Init
                0x08000a0c       0x78 CMakeFiles/Demo3_1TaskISR.elf.dir/Core/Src/gpio.c.obj
                0x08000a0c                MX_GPIO_Init
 .text.LCD_WR_REG
                0x08000a84       0x24 CMakeFiles/Demo3_1TaskISR.elf.dir/Core/Src/lcd.c.obj
                0x08000a84                LCD_WR_REG
 .text.LCD_WR_DATAX
                0x08000aa8       0x24 CMakeFiles/Demo3_1TaskISR.elf.dir/Core/Src/lcd.c.obj
                0x08000aa8                LCD_WR_DATAX
 .text.LCD_RD_DATA
                0x08000acc       0x48 CMakeFiles/Demo3_1TaskISR.elf.dir/Core/Src/lcd.c.obj
                0x08000acc                LCD_RD_DATA
 .text.LCD_WriteReg
                0x08000b14       0x2c CMakeFiles/Demo3_1TaskISR.elf.dir/Core/Src/lcd.c.obj
                0x08000b14                LCD_WriteReg
 .text.LCD_WriteRAM_Prepare
                0x08000b40       0x10 CMakeFiles/Demo3_1TaskISR.elf.dir/Core/Src/lcd.c.obj
                0x08000b40                LCD_WriteRAM_Prepare
 .text.LCD_SetCursor
                0x08000b50      0x250 CMakeFiles/Demo3_1TaskISR.elf.dir/Core/Src/lcd.c.obj
                0x08000b50                LCD_SetCursor
 .text.LCD_Scan_Dir
                0x08000da0      0x2c0 CMakeFiles/Demo3_1TaskISR.elf.dir/Core/Src/lcd.c.obj
                0x08000da0                LCD_Scan_Dir
 .text.LCD_Fast_DrawPoint
                0x08001060      0x25c CMakeFiles/Demo3_1TaskISR.elf.dir/Core/Src/lcd.c.obj
                0x08001060                LCD_Fast_DrawPoint
 *fill*         0x080012bc        0x4 
 .text.LCD_SSD_BackLightSet
                0x080012c0       0xa0 CMakeFiles/Demo3_1TaskISR.elf.dir/Core/Src/lcd.c.obj
                0x080012c0                LCD_SSD_BackLightSet
 .text.LCD_Display_Dir
                0x08001360      0x118 CMakeFiles/Demo3_1TaskISR.elf.dir/Core/Src/lcd.c.obj
                0x08001360                LCD_Display_Dir
 .text.LCD_Clear
                0x08001478       0x4c CMakeFiles/Demo3_1TaskISR.elf.dir/Core/Src/lcd.c.obj
                0x08001478                LCD_Clear
 .text.LCD_Init
                0x080014c4     0x2714 CMakeFiles/Demo3_1TaskISR.elf.dir/Core/Src/lcd.c.obj
                0x080014c4                LCD_Init
 .text.LCD_ShowChar
                0x08003bd8       0xf8 CMakeFiles/Demo3_1TaskISR.elf.dir/Core/Src/lcd.c.obj
                0x08003bd8                LCD_ShowChar
 .text.LCD_Pow  0x08003cd0       0x16 CMakeFiles/Demo3_1TaskISR.elf.dir/Core/Src/lcd.c.obj
                0x08003cd0                LCD_Pow
 *fill*         0x08003ce6        0x2 
 .text.LCD_ShowNum
                0x08003ce8       0x94 CMakeFiles/Demo3_1TaskISR.elf.dir/Core/Src/lcd.c.obj
                0x08003ce8                LCD_ShowNum
 .text.LCD_ShowString
                0x08003d7c       0x5a CMakeFiles/Demo3_1TaskISR.elf.dir/Core/Src/lcd.c.obj
                0x08003d7c                LCD_ShowString
 *fill*         0x08003dd6        0x2 
 .text.HAL_TIM_PeriodElapsedCallback
                0x08003dd8       0x18 CMakeFiles/Demo3_1TaskISR.elf.dir/Core/Src/main.c.obj
                0x08003dd8                HAL_TIM_PeriodElapsedCallback
 .text.Error_Handler
                0x08003df0        0x4 CMakeFiles/Demo3_1TaskISR.elf.dir/Core/Src/main.c.obj
                0x08003df0                Error_Handler
 .text.SystemClock_Config
                0x08003df4       0x8e CMakeFiles/Demo3_1TaskISR.elf.dir/Core/Src/main.c.obj
                0x08003df4                SystemClock_Config
 *fill*         0x08003e82        0x2 
 .text.main     0x08003e84       0x40 CMakeFiles/Demo3_1TaskISR.elf.dir/Core/Src/main.c.obj
                0x08003e84                main
 .text.MX_RTC_Init
                0x08003ec4       0x8c CMakeFiles/Demo3_1TaskISR.elf.dir/Core/Src/rtc.c.obj
                0x08003ec4                MX_RTC_Init
 .text.HAL_RTC_MspInit
                0x08003f50       0x50 CMakeFiles/Demo3_1TaskISR.elf.dir/Core/Src/rtc.c.obj
                0x08003f50                HAL_RTC_MspInit
 .text.HAL_RTC_AlarmAEventCallback
                0x08003fa0       0x20 CMakeFiles/Demo3_1TaskISR.elf.dir/Core/Src/rtc.c.obj
                0x08003fa0                HAL_RTC_AlarmAEventCallback
 .text.HAL_MspInit
                0x08003fc0       0x54 CMakeFiles/Demo3_1TaskISR.elf.dir/Core/Src/stm32f1xx_hal_msp.c.obj
                0x08003fc0                HAL_MspInit
 .text.HAL_InitTick
                0x08004014       0x7c CMakeFiles/Demo3_1TaskISR.elf.dir/Core/Src/stm32f1xx_hal_timebase_tim.c.obj
                0x08004014                HAL_InitTick
 .text.NMI_Handler
                0x08004090        0x8 CMakeFiles/Demo3_1TaskISR.elf.dir/Core/Src/stm32f1xx_it.c.obj
                0x08004090                NMI_Handler
 .text.HardFault_Handler
                0x08004098        0x2 CMakeFiles/Demo3_1TaskISR.elf.dir/Core/Src/stm32f1xx_it.c.obj
                0x08004098                HardFault_Handler
 .text.MemManage_Handler
                0x0800409a        0x2 CMakeFiles/Demo3_1TaskISR.elf.dir/Core/Src/stm32f1xx_it.c.obj
                0x0800409a                MemManage_Handler
 .text.BusFault_Handler
                0x0800409c        0x2 CMakeFiles/Demo3_1TaskISR.elf.dir/Core/Src/stm32f1xx_it.c.obj
                0x0800409c                BusFault_Handler
 .text.UsageFault_Handler
                0x0800409e        0x2 CMakeFiles/Demo3_1TaskISR.elf.dir/Core/Src/stm32f1xx_it.c.obj
                0x0800409e                UsageFault_Handler
 .text.DebugMon_Handler
                0x080040a0        0x2 CMakeFiles/Demo3_1TaskISR.elf.dir/Core/Src/stm32f1xx_it.c.obj
                0x080040a0                DebugMon_Handler
 *fill*         0x080040a2        0x2 
 .text.RTC_Alarm_IRQHandler
                0x080040a4       0x10 CMakeFiles/Demo3_1TaskISR.elf.dir/Core/Src/stm32f1xx_it.c.obj
                0x080040a4                RTC_Alarm_IRQHandler
 .text.TIM6_IRQHandler
                0x080040b4       0x10 CMakeFiles/Demo3_1TaskISR.elf.dir/Core/Src/stm32f1xx_it.c.obj
                0x080040b4                TIM6_IRQHandler
 .text.SystemInit
                0x080040c4        0x2 CMakeFiles/Demo3_1TaskISR.elf.dir/Core/Src/system_stm32f1xx.c.obj
                0x080040c4                SystemInit
 *fill*         0x080040c6        0x2 
 .text.HAL_Init
                0x080040c8       0x24 CMakeFiles/Demo3_1TaskISR.elf.dir/Drivers/STM32F1xx_HAL_Driver/Src/stm32f1xx_hal.c.obj
                0x080040c8                HAL_Init
 .text.HAL_IncTick
                0x080040ec       0x18 CMakeFiles/Demo3_1TaskISR.elf.dir/Drivers/STM32F1xx_HAL_Driver/Src/stm32f1xx_hal.c.obj
                0x080040ec                HAL_IncTick
 .text.HAL_GetTick
                0x08004104        0xc CMakeFiles/Demo3_1TaskISR.elf.dir/Drivers/STM32F1xx_HAL_Driver/Src/stm32f1xx_hal.c.obj
                0x08004104                HAL_GetTick
 .text.HAL_Delay
                0x08004110       0x28 CMakeFiles/Demo3_1TaskISR.elf.dir/Drivers/STM32F1xx_HAL_Driver/Src/stm32f1xx_hal.c.obj
                0x08004110                HAL_Delay
 .text.HAL_NVIC_SetPriorityGrouping
                0x08004138       0x24 CMakeFiles/Demo3_1TaskISR.elf.dir/Drivers/STM32F1xx_HAL_Driver/Src/stm32f1xx_hal_cortex.c.obj
                0x08004138                HAL_NVIC_SetPriorityGrouping
 .text.HAL_NVIC_SetPriority
                0x0800415c       0x70 CMakeFiles/Demo3_1TaskISR.elf.dir/Drivers/STM32F1xx_HAL_Driver/Src/stm32f1xx_hal_cortex.c.obj
                0x0800415c                HAL_NVIC_SetPriority
 .text.HAL_NVIC_EnableIRQ
                0x080041cc       0x1c CMakeFiles/Demo3_1TaskISR.elf.dir/Drivers/STM32F1xx_HAL_Driver/Src/stm32f1xx_hal_cortex.c.obj
                0x080041cc                HAL_NVIC_EnableIRQ
 .text.HAL_GPIO_Init
                0x080041e8      0x240 CMakeFiles/Demo3_1TaskISR.elf.dir/Drivers/STM32F1xx_HAL_Driver/Src/stm32f1xx_hal_gpio.c.obj
                0x080041e8                HAL_GPIO_Init
 .text.HAL_GPIO_WritePin
                0x08004428        0xc CMakeFiles/Demo3_1TaskISR.elf.dir/Drivers/STM32F1xx_HAL_Driver/Src/stm32f1xx_hal_gpio.c.obj
                0x08004428                HAL_GPIO_WritePin
 .text.HAL_PWR_EnableBkUpAccess
                0x08004434        0xc CMakeFiles/Demo3_1TaskISR.elf.dir/Drivers/STM32F1xx_HAL_Driver/Src/stm32f1xx_hal_pwr.c.obj
                0x08004434                HAL_PWR_EnableBkUpAccess
 .text.RCC_Delay
                0x08004440       0x2c CMakeFiles/Demo3_1TaskISR.elf.dir/Drivers/STM32F1xx_HAL_Driver/Src/stm32f1xx_hal_rcc.c.obj
 .text.HAL_RCC_OscConfig
                0x0800446c      0x410 CMakeFiles/Demo3_1TaskISR.elf.dir/Drivers/STM32F1xx_HAL_Driver/Src/stm32f1xx_hal_rcc.c.obj
                0x0800446c                HAL_RCC_OscConfig
 .text.HAL_RCC_EnableCSS
                0x0800487c        0xc CMakeFiles/Demo3_1TaskISR.elf.dir/Drivers/STM32F1xx_HAL_Driver/Src/stm32f1xx_hal_rcc.c.obj
                0x0800487c                HAL_RCC_EnableCSS
 .text.HAL_RCC_GetSysClockFreq
                0x08004888       0x70 CMakeFiles/Demo3_1TaskISR.elf.dir/Drivers/STM32F1xx_HAL_Driver/Src/stm32f1xx_hal_rcc.c.obj
                0x08004888                HAL_RCC_GetSysClockFreq
 .text.HAL_RCC_ClockConfig
                0x080048f8      0x16c CMakeFiles/Demo3_1TaskISR.elf.dir/Drivers/STM32F1xx_HAL_Driver/Src/stm32f1xx_hal_rcc.c.obj
                0x080048f8                HAL_RCC_ClockConfig
 .text.HAL_RCC_GetHCLKFreq
                0x08004a64        0xc CMakeFiles/Demo3_1TaskISR.elf.dir/Drivers/STM32F1xx_HAL_Driver/Src/stm32f1xx_hal_rcc.c.obj
                0x08004a64                HAL_RCC_GetHCLKFreq
 .text.HAL_RCC_GetPCLK1Freq
                0x08004a70       0x20 CMakeFiles/Demo3_1TaskISR.elf.dir/Drivers/STM32F1xx_HAL_Driver/Src/stm32f1xx_hal_rcc.c.obj
                0x08004a70                HAL_RCC_GetPCLK1Freq
 .text.HAL_RCC_GetPCLK2Freq
                0x08004a90       0x20 CMakeFiles/Demo3_1TaskISR.elf.dir/Drivers/STM32F1xx_HAL_Driver/Src/stm32f1xx_hal_rcc.c.obj
                0x08004a90                HAL_RCC_GetPCLK2Freq
 .text.HAL_RCC_GetClockConfig
                0x08004ab0       0x3c CMakeFiles/Demo3_1TaskISR.elf.dir/Drivers/STM32F1xx_HAL_Driver/Src/stm32f1xx_hal_rcc.c.obj
                0x08004ab0                HAL_RCC_GetClockConfig
 .text.HAL_RCC_CSSCallback
                0x08004aec        0x2 CMakeFiles/Demo3_1TaskISR.elf.dir/Drivers/STM32F1xx_HAL_Driver/Src/stm32f1xx_hal_rcc.c.obj
                0x08004aec                HAL_RCC_CSSCallback
 *fill*         0x08004aee        0x2 
 .text.HAL_RCC_NMI_IRQHandler
                0x08004af0       0x20 CMakeFiles/Demo3_1TaskISR.elf.dir/Drivers/STM32F1xx_HAL_Driver/Src/stm32f1xx_hal_rcc.c.obj
                0x08004af0                HAL_RCC_NMI_IRQHandler
 .text.HAL_RCCEx_PeriphCLKConfig
                0x08004b10      0x118 CMakeFiles/Demo3_1TaskISR.elf.dir/Drivers/STM32F1xx_HAL_Driver/Src/stm32f1xx_hal_rcc_ex.c.obj
                0x08004b10                HAL_RCCEx_PeriphCLKConfig
 .text.HAL_RCCEx_GetPeriphCLKFreq
                0x08004c28      0x114 CMakeFiles/Demo3_1TaskISR.elf.dir/Drivers/STM32F1xx_HAL_Driver/Src/stm32f1xx_hal_rcc_ex.c.obj
                0x08004c28                HAL_RCCEx_GetPeriphCLKFreq
 .text.RTC_ReadTimeCounter
                0x08004d3c       0x28 CMakeFiles/Demo3_1TaskISR.elf.dir/Drivers/STM32F1xx_HAL_Driver/Src/stm32f1xx_hal_rtc.c.obj
 .text.RTC_ReadAlarmCounter
                0x08004d64        0xe CMakeFiles/Demo3_1TaskISR.elf.dir/Drivers/STM32F1xx_HAL_Driver/Src/stm32f1xx_hal_rtc.c.obj
 .text.RTC_ByteToBcd2
                0x08004d72       0x16 CMakeFiles/Demo3_1TaskISR.elf.dir/Drivers/STM32F1xx_HAL_Driver/Src/stm32f1xx_hal_rtc.c.obj
 .text.RTC_Bcd2ToByte
                0x08004d88       0x12 CMakeFiles/Demo3_1TaskISR.elf.dir/Drivers/STM32F1xx_HAL_Driver/Src/stm32f1xx_hal_rtc.c.obj
 *fill*         0x08004d9a        0x2 
 .text.RTC_IsLeapYear
                0x08004d9c       0x40 CMakeFiles/Demo3_1TaskISR.elf.dir/Drivers/STM32F1xx_HAL_Driver/Src/stm32f1xx_hal_rtc.c.obj
 .text.RTC_WeekDayNum
                0x08004ddc       0x98 CMakeFiles/Demo3_1TaskISR.elf.dir/Drivers/STM32F1xx_HAL_Driver/Src/stm32f1xx_hal_rtc.c.obj
 .text.RTC_DateUpdate
                0x08004e74       0xba CMakeFiles/Demo3_1TaskISR.elf.dir/Drivers/STM32F1xx_HAL_Driver/Src/stm32f1xx_hal_rtc.c.obj
 .text.RTC_EnterInitMode
                0x08004f2e       0x30 CMakeFiles/Demo3_1TaskISR.elf.dir/Drivers/STM32F1xx_HAL_Driver/Src/stm32f1xx_hal_rtc.c.obj
 .text.RTC_ExitInitMode
                0x08004f5e       0x32 CMakeFiles/Demo3_1TaskISR.elf.dir/Drivers/STM32F1xx_HAL_Driver/Src/stm32f1xx_hal_rtc.c.obj
 .text.RTC_WriteTimeCounter
                0x08004f90       0x2a CMakeFiles/Demo3_1TaskISR.elf.dir/Drivers/STM32F1xx_HAL_Driver/Src/stm32f1xx_hal_rtc.c.obj
 .text.RTC_WriteAlarmCounter
                0x08004fba       0x2a CMakeFiles/Demo3_1TaskISR.elf.dir/Drivers/STM32F1xx_HAL_Driver/Src/stm32f1xx_hal_rtc.c.obj
 .text.HAL_RTC_SetTime
                0x08004fe4       0xc2 CMakeFiles/Demo3_1TaskISR.elf.dir/Drivers/STM32F1xx_HAL_Driver/Src/stm32f1xx_hal_rtc.c.obj
                0x08004fe4                HAL_RTC_SetTime
 *fill*         0x080050a6        0x2 
 .text.HAL_RTC_GetTime
                0x080050a8      0x10c CMakeFiles/Demo3_1TaskISR.elf.dir/Drivers/STM32F1xx_HAL_Driver/Src/stm32f1xx_hal_rtc.c.obj
                0x080050a8                HAL_RTC_GetTime
 .text.HAL_RTC_SetDate
                0x080051b4       0xd4 CMakeFiles/Demo3_1TaskISR.elf.dir/Drivers/STM32F1xx_HAL_Driver/Src/stm32f1xx_hal_rtc.c.obj
                0x080051b4                HAL_RTC_SetDate
 .text.HAL_RTC_GetDate
                0x08005288       0x66 CMakeFiles/Demo3_1TaskISR.elf.dir/Drivers/STM32F1xx_HAL_Driver/Src/stm32f1xx_hal_rtc.c.obj
                0x08005288                HAL_RTC_GetDate
 *fill*         0x080052ee        0x2 
 .text.HAL_RTC_AlarmIRQHandler
                0x080052f0       0x38 CMakeFiles/Demo3_1TaskISR.elf.dir/Drivers/STM32F1xx_HAL_Driver/Src/stm32f1xx_hal_rtc.c.obj
                0x080052f0                HAL_RTC_AlarmIRQHandler
 .text.HAL_RTC_WaitForSynchro
                0x08005328       0x38 CMakeFiles/Demo3_1TaskISR.elf.dir/Drivers/STM32F1xx_HAL_Driver/Src/stm32f1xx_hal_rtc.c.obj
                0x08005328                HAL_RTC_WaitForSynchro
 .text.HAL_RTC_Init
                0x08005360       0xbc CMakeFiles/Demo3_1TaskISR.elf.dir/Drivers/STM32F1xx_HAL_Driver/Src/stm32f1xx_hal_rtc.c.obj
                0x08005360                HAL_RTC_Init
 .text.HAL_TIM_Base_MspInit
                0x0800541c        0x2 CMakeFiles/Demo3_1TaskISR.elf.dir/Drivers/STM32F1xx_HAL_Driver/Src/stm32f1xx_hal_tim.c.obj
                0x0800541c                HAL_TIM_Base_MspInit
 *fill*         0x0800541e        0x2 
 .text.HAL_TIM_Base_Start_IT
                0x08005420       0x78 CMakeFiles/Demo3_1TaskISR.elf.dir/Drivers/STM32F1xx_HAL_Driver/Src/stm32f1xx_hal_tim.c.obj
                0x08005420                HAL_TIM_Base_Start_IT
 .text.HAL_TIM_OC_DelayElapsedCallback
                0x08005498        0x2 CMakeFiles/Demo3_1TaskISR.elf.dir/Drivers/STM32F1xx_HAL_Driver/Src/stm32f1xx_hal_tim.c.obj
                0x08005498                HAL_TIM_OC_DelayElapsedCallback
 .text.HAL_TIM_IC_CaptureCallback
                0x0800549a        0x2 CMakeFiles/Demo3_1TaskISR.elf.dir/Drivers/STM32F1xx_HAL_Driver/Src/stm32f1xx_hal_tim.c.obj
                0x0800549a                HAL_TIM_IC_CaptureCallback
 .text.HAL_TIM_PWM_PulseFinishedCallback
                0x0800549c        0x2 CMakeFiles/Demo3_1TaskISR.elf.dir/Drivers/STM32F1xx_HAL_Driver/Src/stm32f1xx_hal_tim.c.obj
                0x0800549c                HAL_TIM_PWM_PulseFinishedCallback
 .text.HAL_TIM_TriggerCallback
                0x0800549e        0x2 CMakeFiles/Demo3_1TaskISR.elf.dir/Drivers/STM32F1xx_HAL_Driver/Src/stm32f1xx_hal_tim.c.obj
                0x0800549e                HAL_TIM_TriggerCallback
 .text.HAL_TIM_IRQHandler
                0x080054a0      0x17a CMakeFiles/Demo3_1TaskISR.elf.dir/Drivers/STM32F1xx_HAL_Driver/Src/stm32f1xx_hal_tim.c.obj
                0x080054a0                HAL_TIM_IRQHandler
 *fill*         0x0800561a        0x2 
 .text.TIM_Base_SetConfig
                0x0800561c       0x98 CMakeFiles/Demo3_1TaskISR.elf.dir/Drivers/STM32F1xx_HAL_Driver/Src/stm32f1xx_hal_tim.c.obj
                0x0800561c                TIM_Base_SetConfig
 .text.HAL_TIM_Base_Init
                0x080056b4       0x58 CMakeFiles/Demo3_1TaskISR.elf.dir/Drivers/STM32F1xx_HAL_Driver/Src/stm32f1xx_hal_tim.c.obj
                0x080056b4                HAL_TIM_Base_Init
 .text.HAL_TIMEx_CommutCallback
                0x0800570c        0x2 CMakeFiles/Demo3_1TaskISR.elf.dir/Drivers/STM32F1xx_HAL_Driver/Src/stm32f1xx_hal_tim_ex.c.obj
                0x0800570c                HAL_TIMEx_CommutCallback
 .text.HAL_TIMEx_BreakCallback
                0x0800570e        0x2 CMakeFiles/Demo3_1TaskISR.elf.dir/Drivers/STM32F1xx_HAL_Driver/Src/stm32f1xx_hal_tim_ex.c.obj
                0x0800570e                HAL_TIMEx_BreakCallback
 .text.osKernelInitialize
                0x08005710       0x44 CMakeFiles/Demo3_1TaskISR.elf.dir/Middlewares/Third_Party/FreeRTOS/Source/CMSIS_RTOS_V2/cmsis_os2.c.obj
                0x08005710                osKernelInitialize
 .text.osKernelStart
                0x08005754       0x4c CMakeFiles/Demo3_1TaskISR.elf.dir/Middlewares/Third_Party/FreeRTOS/Source/CMSIS_RTOS_V2/cmsis_os2.c.obj
                0x08005754                osKernelStart
 .text.osThreadNew
                0x080057a0       0xec CMakeFiles/Demo3_1TaskISR.elf.dir/Middlewares/Third_Party/FreeRTOS/Source/CMSIS_RTOS_V2/cmsis_os2.c.obj
                0x080057a0                osThreadNew
 .text.osDelay  0x0800588c       0x44 CMakeFiles/Demo3_1TaskISR.elf.dir/Middlewares/Third_Party/FreeRTOS/Source/CMSIS_RTOS_V2/cmsis_os2.c.obj
                0x0800588c                osDelay
 .text.vApplicationGetIdleTaskMemory
                0x080058d0       0x18 CMakeFiles/Demo3_1TaskISR.elf.dir/Middlewares/Third_Party/FreeRTOS/Source/CMSIS_RTOS_V2/cmsis_os2.c.obj
                0x080058d0                vApplicationGetIdleTaskMemory
 .text.vApplicationGetTimerTaskMemory
                0x080058e8       0x18 CMakeFiles/Demo3_1TaskISR.elf.dir/Middlewares/Third_Party/FreeRTOS/Source/CMSIS_RTOS_V2/cmsis_os2.c.obj
                0x080058e8                vApplicationGetTimerTaskMemory
 .text.vListInitialise
                0x08005900       0x16 CMakeFiles/Demo3_1TaskISR.elf.dir/Middlewares/Third_Party/FreeRTOS/Source/list.c.obj
                0x08005900                vListInitialise
 .text.vListInitialiseItem
                0x08005916        0x6 CMakeFiles/Demo3_1TaskISR.elf.dir/Middlewares/Third_Party/FreeRTOS/Source/list.c.obj
                0x08005916                vListInitialiseItem
 .text.vListInsertEnd
                0x0800591c       0x16 CMakeFiles/Demo3_1TaskISR.elf.dir/Middlewares/Third_Party/FreeRTOS/Source/list.c.obj
                0x0800591c                vListInsertEnd
 .text.vListInsert
                0x08005932       0x32 CMakeFiles/Demo3_1TaskISR.elf.dir/Middlewares/Third_Party/FreeRTOS/Source/list.c.obj
                0x08005932                vListInsert
 .text.uxListRemove
                0x08005964       0x26 CMakeFiles/Demo3_1TaskISR.elf.dir/Middlewares/Third_Party/FreeRTOS/Source/list.c.obj
                0x08005964                uxListRemove
 *fill*         0x0800598a        0x2 
 .text.prvTaskExitError
                0x0800598c       0x40 CMakeFiles/Demo3_1TaskISR.elf.dir/Middlewares/Third_Party/FreeRTOS/Source/portable/GCC/ARM_CM3/port.c.obj
 .text.prvPortStartFirstTask
                0x080059cc       0x20 CMakeFiles/Demo3_1TaskISR.elf.dir/Middlewares/Third_Party/FreeRTOS/Source/portable/GCC/ARM_CM3/port.c.obj
 .text.pxPortInitialiseStack
                0x080059ec       0x24 CMakeFiles/Demo3_1TaskISR.elf.dir/Middlewares/Third_Party/FreeRTOS/Source/portable/GCC/ARM_CM3/port.c.obj
                0x080059ec                pxPortInitialiseStack
 .text.SVC_Handler
                0x08005a10       0x24 CMakeFiles/Demo3_1TaskISR.elf.dir/Middlewares/Third_Party/FreeRTOS/Source/portable/GCC/ARM_CM3/port.c.obj
                0x08005a10                SVC_Handler
 .text.vPortEnterCritical
                0x08005a34       0x44 CMakeFiles/Demo3_1TaskISR.elf.dir/Middlewares/Third_Party/FreeRTOS/Source/portable/GCC/ARM_CM3/port.c.obj
                0x08005a34                vPortEnterCritical
 .text.vPortExitCritical
                0x08005a78       0x2c CMakeFiles/Demo3_1TaskISR.elf.dir/Middlewares/Third_Party/FreeRTOS/Source/portable/GCC/ARM_CM3/port.c.obj
                0x08005a78                vPortExitCritical
 *fill*         0x08005aa4        0xc 
 .text.PendSV_Handler
                0x08005ab0       0x44 CMakeFiles/Demo3_1TaskISR.elf.dir/Middlewares/Third_Party/FreeRTOS/Source/portable/GCC/ARM_CM3/port.c.obj
                0x08005ab0                PendSV_Handler
 .text.SysTick_Handler
                0x08005af4       0x2c CMakeFiles/Demo3_1TaskISR.elf.dir/Middlewares/Third_Party/FreeRTOS/Source/portable/GCC/ARM_CM3/port.c.obj
                0x08005af4                SysTick_Handler
 .text.vPortSetupTimerInterrupt
                0x08005b20       0x28 CMakeFiles/Demo3_1TaskISR.elf.dir/Middlewares/Third_Party/FreeRTOS/Source/portable/GCC/ARM_CM3/port.c.obj
                0x08005b20                vPortSetupTimerInterrupt
 .text.xPortStartScheduler
                0x08005b48       0xc0 CMakeFiles/Demo3_1TaskISR.elf.dir/Middlewares/Third_Party/FreeRTOS/Source/portable/GCC/ARM_CM3/port.c.obj
                0x08005b48                xPortStartScheduler
 .text.vPortValidateInterruptPriority
                0x08005c08       0x5c CMakeFiles/Demo3_1TaskISR.elf.dir/Middlewares/Third_Party/FreeRTOS/Source/portable/GCC/ARM_CM3/port.c.obj
                0x08005c08                vPortValidateInterruptPriority
 .text.prvHeapInit
                0x08005c64       0x64 CMakeFiles/Demo3_1TaskISR.elf.dir/Middlewares/Third_Party/FreeRTOS/Source/portable/MemMang/heap_4.c.obj
 .text.prvInsertBlockIntoFreeList
                0x08005cc8       0x60 CMakeFiles/Demo3_1TaskISR.elf.dir/Middlewares/Third_Party/FreeRTOS/Source/portable/MemMang/heap_4.c.obj
 .text.pvPortMalloc
                0x08005d28       0xf0 CMakeFiles/Demo3_1TaskISR.elf.dir/Middlewares/Third_Party/FreeRTOS/Source/portable/MemMang/heap_4.c.obj
                0x08005d28                pvPortMalloc
 .text.vPortFree
                0x08005e18       0x70 CMakeFiles/Demo3_1TaskISR.elf.dir/Middlewares/Third_Party/FreeRTOS/Source/portable/MemMang/heap_4.c.obj
                0x08005e18                vPortFree
 .text.prvIsQueueFull
                0x08005e88       0x1e CMakeFiles/Demo3_1TaskISR.elf.dir/Middlewares/Third_Party/FreeRTOS/Source/queue.c.obj
 .text.prvIsQueueEmpty
                0x08005ea6       0x1a CMakeFiles/Demo3_1TaskISR.elf.dir/Middlewares/Third_Party/FreeRTOS/Source/queue.c.obj
 .text.prvCopyDataToQueue
                0x08005ec0       0x76 CMakeFiles/Demo3_1TaskISR.elf.dir/Middlewares/Third_Party/FreeRTOS/Source/queue.c.obj
 .text.prvCopyDataFromQueue
                0x08005f36       0x24 CMakeFiles/Demo3_1TaskISR.elf.dir/Middlewares/Third_Party/FreeRTOS/Source/queue.c.obj
 .text.prvUnlockQueue
                0x08005f5a       0x6e CMakeFiles/Demo3_1TaskISR.elf.dir/Middlewares/Third_Party/FreeRTOS/Source/queue.c.obj
 .text.xQueueGenericReset
                0x08005fc8       0x84 CMakeFiles/Demo3_1TaskISR.elf.dir/Middlewares/Third_Party/FreeRTOS/Source/queue.c.obj
                0x08005fc8                xQueueGenericReset
 .text.prvInitialiseNewQueue
                0x0800604c       0x22 CMakeFiles/Demo3_1TaskISR.elf.dir/Middlewares/Third_Party/FreeRTOS/Source/queue.c.obj
 .text.xQueueGenericCreateStatic
                0x0800606e       0x92 CMakeFiles/Demo3_1TaskISR.elf.dir/Middlewares/Third_Party/FreeRTOS/Source/queue.c.obj
                0x0800606e                xQueueGenericCreateStatic
 .text.xQueueGenericSend
                0x08006100      0x188 CMakeFiles/Demo3_1TaskISR.elf.dir/Middlewares/Third_Party/FreeRTOS/Source/queue.c.obj
                0x08006100                xQueueGenericSend
 .text.xQueueGenericSendFromISR
                0x08006288       0xcc CMakeFiles/Demo3_1TaskISR.elf.dir/Middlewares/Third_Party/FreeRTOS/Source/queue.c.obj
                0x08006288                xQueueGenericSendFromISR
 .text.xQueueReceive
                0x08006354      0x15e CMakeFiles/Demo3_1TaskISR.elf.dir/Middlewares/Third_Party/FreeRTOS/Source/queue.c.obj
                0x08006354                xQueueReceive
 *fill*         0x080064b2        0x2 
 .text.vQueueAddToRegistry
                0x080064b4       0x28 CMakeFiles/Demo3_1TaskISR.elf.dir/Middlewares/Third_Party/FreeRTOS/Source/queue.c.obj
                0x080064b4                vQueueAddToRegistry
 .text.vQueueWaitForMessageRestricted
                0x080064dc       0x52 CMakeFiles/Demo3_1TaskISR.elf.dir/Middlewares/Third_Party/FreeRTOS/Source/queue.c.obj
                0x080064dc                vQueueWaitForMessageRestricted
 *fill*         0x0800652e        0x2 
 .text.prvResetNextTaskUnblockTime
                0x08006530       0x2c CMakeFiles/Demo3_1TaskISR.elf.dir/Middlewares/Third_Party/FreeRTOS/Source/tasks.c.obj
 .text.prvInitialiseNewTask
                0x0800655c       0x9c CMakeFiles/Demo3_1TaskISR.elf.dir/Middlewares/Third_Party/FreeRTOS/Source/tasks.c.obj
 .text.prvInitialiseTaskLists
                0x080065f8       0x68 CMakeFiles/Demo3_1TaskISR.elf.dir/Middlewares/Third_Party/FreeRTOS/Source/tasks.c.obj
 .text.prvAddNewTaskToReadyList
                0x08006660       0xac CMakeFiles/Demo3_1TaskISR.elf.dir/Middlewares/Third_Party/FreeRTOS/Source/tasks.c.obj
 .text.prvDeleteTCB
                0x0800670c       0x38 CMakeFiles/Demo3_1TaskISR.elf.dir/Middlewares/Third_Party/FreeRTOS/Source/tasks.c.obj
 .text.prvCheckTasksWaitingTermination
                0x08006744       0x4c CMakeFiles/Demo3_1TaskISR.elf.dir/Middlewares/Third_Party/FreeRTOS/Source/tasks.c.obj
 .text.prvIdleTask
                0x08006790       0x28 CMakeFiles/Demo3_1TaskISR.elf.dir/Middlewares/Third_Party/FreeRTOS/Source/tasks.c.obj
 .text.prvAddCurrentTaskToDelayedList
                0x080067b8       0x7c CMakeFiles/Demo3_1TaskISR.elf.dir/Middlewares/Third_Party/FreeRTOS/Source/tasks.c.obj
 .text.xTaskCreateStatic
                0x08006834       0x74 CMakeFiles/Demo3_1TaskISR.elf.dir/Middlewares/Third_Party/FreeRTOS/Source/tasks.c.obj
                0x08006834                xTaskCreateStatic
 .text.xTaskCreate
                0x080068a8       0x68 CMakeFiles/Demo3_1TaskISR.elf.dir/Middlewares/Third_Party/FreeRTOS/Source/tasks.c.obj
                0x080068a8                xTaskCreate
 .text.vTaskStartScheduler
                0x08006910       0x9c CMakeFiles/Demo3_1TaskISR.elf.dir/Middlewares/Third_Party/FreeRTOS/Source/tasks.c.obj
                0x08006910                vTaskStartScheduler
 .text.vTaskSuspendAll
                0x080069ac       0x10 CMakeFiles/Demo3_1TaskISR.elf.dir/Middlewares/Third_Party/FreeRTOS/Source/tasks.c.obj
                0x080069ac                vTaskSuspendAll
 .text.xTaskGetTickCount
                0x080069bc        0xc CMakeFiles/Demo3_1TaskISR.elf.dir/Middlewares/Third_Party/FreeRTOS/Source/tasks.c.obj
                0x080069bc                xTaskGetTickCount
 .text.xTaskIncrementTick
                0x080069c8      0x118 CMakeFiles/Demo3_1TaskISR.elf.dir/Middlewares/Third_Party/FreeRTOS/Source/tasks.c.obj
                0x080069c8                xTaskIncrementTick
 .text.xTaskResumeAll
                0x08006ae0       0xf8 CMakeFiles/Demo3_1TaskISR.elf.dir/Middlewares/Third_Party/FreeRTOS/Source/tasks.c.obj
                0x08006ae0                xTaskResumeAll
 .text.vTaskDelay
                0x08006bd8       0x4c CMakeFiles/Demo3_1TaskISR.elf.dir/Middlewares/Third_Party/FreeRTOS/Source/tasks.c.obj
                0x08006bd8                vTaskDelay
 .text.vTaskSwitchContext
                0x08006c24       0x94 CMakeFiles/Demo3_1TaskISR.elf.dir/Middlewares/Third_Party/FreeRTOS/Source/tasks.c.obj
                0x08006c24                vTaskSwitchContext
 .text.vTaskPlaceOnEventList
                0x08006cb8       0x30 CMakeFiles/Demo3_1TaskISR.elf.dir/Middlewares/Third_Party/FreeRTOS/Source/tasks.c.obj
                0x08006cb8                vTaskPlaceOnEventList
 .text.vTaskPlaceOnEventListRestricted
                0x08006ce8       0x38 CMakeFiles/Demo3_1TaskISR.elf.dir/Middlewares/Third_Party/FreeRTOS/Source/tasks.c.obj
                0x08006ce8                vTaskPlaceOnEventListRestricted
 .text.xTaskRemoveFromEventList
                0x08006d20       0x8c CMakeFiles/Demo3_1TaskISR.elf.dir/Middlewares/Third_Party/FreeRTOS/Source/tasks.c.obj
                0x08006d20                xTaskRemoveFromEventList
 .text.vTaskInternalSetTimeOutState
                0x08006dac       0x18 CMakeFiles/Demo3_1TaskISR.elf.dir/Middlewares/Third_Party/FreeRTOS/Source/tasks.c.obj
                0x08006dac                vTaskInternalSetTimeOutState
 .text.xTaskCheckForTimeOut
                0x08006dc4       0x84 CMakeFiles/Demo3_1TaskISR.elf.dir/Middlewares/Third_Party/FreeRTOS/Source/tasks.c.obj
                0x08006dc4                xTaskCheckForTimeOut
 .text.vTaskMissedYield
                0x08006e48        0xc CMakeFiles/Demo3_1TaskISR.elf.dir/Middlewares/Third_Party/FreeRTOS/Source/tasks.c.obj
                0x08006e48                vTaskMissedYield
 .text.xTaskGetSchedulerState
                0x08006e54       0x20 CMakeFiles/Demo3_1TaskISR.elf.dir/Middlewares/Third_Party/FreeRTOS/Source/tasks.c.obj
                0x08006e54                xTaskGetSchedulerState
 .text.xTaskPriorityDisinherit
                0x08006e74       0x90 CMakeFiles/Demo3_1TaskISR.elf.dir/Middlewares/Third_Party/FreeRTOS/Source/tasks.c.obj
                0x08006e74                xTaskPriorityDisinherit
 .text.prvGetNextExpireTime
                0x08006f04       0x20 CMakeFiles/Demo3_1TaskISR.elf.dir/Middlewares/Third_Party/FreeRTOS/Source/timers.c.obj
 .text.prvInsertTimerInActiveList
                0x08006f24       0x48 CMakeFiles/Demo3_1TaskISR.elf.dir/Middlewares/Third_Party/FreeRTOS/Source/timers.c.obj
 .text.prvCheckForValidListAndQueue
                0x08006f6c       0x70 CMakeFiles/Demo3_1TaskISR.elf.dir/Middlewares/Third_Party/FreeRTOS/Source/timers.c.obj
 .text.xTimerCreateTimerTask
                0x08006fdc       0x64 CMakeFiles/Demo3_1TaskISR.elf.dir/Middlewares/Third_Party/FreeRTOS/Source/timers.c.obj
                0x08006fdc                xTimerCreateTimerTask
 .text.xTimerGenericCommand
                0x08007040       0x6c CMakeFiles/Demo3_1TaskISR.elf.dir/Middlewares/Third_Party/FreeRTOS/Source/timers.c.obj
                0x08007040                xTimerGenericCommand
 .text.prvSwitchTimerLists
                0x080070ac       0x78 CMakeFiles/Demo3_1TaskISR.elf.dir/Middlewares/Third_Party/FreeRTOS/Source/timers.c.obj
 .text.prvSampleTimeNow
                0x08007124       0x2c CMakeFiles/Demo3_1TaskISR.elf.dir/Middlewares/Third_Party/FreeRTOS/Source/timers.c.obj
 .text.prvProcessExpiredTimer
                0x08007150       0x60 CMakeFiles/Demo3_1TaskISR.elf.dir/Middlewares/Third_Party/FreeRTOS/Source/timers.c.obj
 .text.prvProcessTimerOrBlockTask
                0x080071b0       0x74 CMakeFiles/Demo3_1TaskISR.elf.dir/Middlewares/Third_Party/FreeRTOS/Source/timers.c.obj
 .text.prvProcessReceivedCommands
                0x08007224       0xf8 CMakeFiles/Demo3_1TaskISR.elf.dir/Middlewares/Third_Party/FreeRTOS/Source/timers.c.obj
 .text.prvTimerTask
                0x0800731c       0x16 CMakeFiles/Demo3_1TaskISR.elf.dir/Middlewares/Third_Party/FreeRTOS/Source/timers.c.obj
 *fill*         0x08007332        0x2 
 .text.Reset_Handler
                0x08007334       0x48 CMakeFiles/Demo3_1TaskISR.elf.dir/startup/startup_stm32f103xe.s.obj
                0x08007334                Reset_Handler
 .text.Default_Handler
                0x0800737c        0x2 CMakeFiles/Demo3_1TaskISR.elf.dir/startup/startup_stm32f103xe.s.obj
                0x0800737c                EXTI2_IRQHandler
                0x0800737c                TIM8_TRG_COM_IRQHandler
                0x0800737c                TIM8_CC_IRQHandler
                0x0800737c                TIM1_CC_IRQHandler
                0x0800737c                PVD_IRQHandler
                0x0800737c                SDIO_IRQHandler
                0x0800737c                EXTI3_IRQHandler
                0x0800737c                EXTI0_IRQHandler
                0x0800737c                I2C2_EV_IRQHandler
                0x0800737c                ADC1_2_IRQHandler
                0x0800737c                SPI1_IRQHandler
                0x0800737c                TAMPER_IRQHandler
                0x0800737c                TIM8_UP_IRQHandler
                0x0800737c                DMA2_Channel2_IRQHandler
                0x0800737c                DMA1_Channel4_IRQHandler
                0x0800737c                USART3_IRQHandler
                0x0800737c                RTC_IRQHandler
                0x0800737c                DMA1_Channel7_IRQHandler
                0x0800737c                CAN1_RX1_IRQHandler
                0x0800737c                UART5_IRQHandler
                0x0800737c                ADC3_IRQHandler
                0x0800737c                TIM4_IRQHandler
                0x0800737c                DMA2_Channel1_IRQHandler
                0x0800737c                I2C1_EV_IRQHandler
                0x0800737c                DMA1_Channel6_IRQHandler
                0x0800737c                UART4_IRQHandler
                0x0800737c                TIM3_IRQHandler
                0x0800737c                RCC_IRQHandler
                0x0800737c                TIM1_TRG_COM_IRQHandler
                0x0800737c                DMA1_Channel1_IRQHandler
                0x0800737c                Default_Handler
                0x0800737c                EXTI15_10_IRQHandler
                0x0800737c                TIM7_IRQHandler
                0x0800737c                TIM5_IRQHandler
                0x0800737c                EXTI9_5_IRQHandler
                0x0800737c                SPI2_IRQHandler
                0x0800737c                DMA1_Channel5_IRQHandler
                0x0800737c                EXTI4_IRQHandler
                0x0800737c                USB_LP_CAN1_RX0_IRQHandler
                0x0800737c                USB_HP_CAN1_TX_IRQHandler
                0x0800737c                DMA1_Channel3_IRQHandler
                0x0800737c                FSMC_IRQHandler
                0x0800737c                TIM1_UP_IRQHandler
                0x0800737c                WWDG_IRQHandler
                0x0800737c                TIM2_IRQHandler
                0x0800737c                TIM1_BRK_IRQHandler
                0x0800737c                EXTI1_IRQHandler
                0x0800737c                DMA2_Channel4_5_IRQHandler
                0x0800737c                USART2_IRQHandler
                0x0800737c                I2C2_ER_IRQHandler
                0x0800737c                DMA1_Channel2_IRQHandler
                0x0800737c                TIM8_BRK_IRQHandler
                0x0800737c                CAN1_SCE_IRQHandler
                0x0800737c                FLASH_IRQHandler
                0x0800737c                USART1_IRQHandler
                0x0800737c                SPI3_IRQHandler
                0x0800737c                I2C1_ER_IRQHandler
                0x0800737c                USBWakeUp_IRQHandler
                0x0800737c                DMA2_Channel3_IRQHandler
 *fill*         0x0800737e        0x2 
 .text.__libc_init_array
                0x08007380       0x48 e:/gcc-arm-none-eabi-10.3-2021.10-win32/gcc-arm-none-eabi-10.3-2021.10/bin/../lib/gcc/arm-none-eabi/10.3.1/../../../../arm-none-eabi/lib/thumb/v7-m/nofp\libg.a(lib_a-init.o)
                0x08007380                __libc_init_array
 .text.memset   0x080073c8       0xa4 e:/gcc-arm-none-eabi-10.3-2021.10-win32/gcc-arm-none-eabi-10.3-2021.10/bin/../lib/gcc/arm-none-eabi/10.3.1/../../../../arm-none-eabi/lib/thumb/v7-m/nofp\libg.a(lib_a-memset.o)
                0x080073c8                memset
 .text.startup.register_fini
                0x0800746c       0x14 e:/gcc-arm-none-eabi-10.3-2021.10-win32/gcc-arm-none-eabi-10.3-2021.10/bin/../lib/gcc/arm-none-eabi/10.3.1/../../../../arm-none-eabi/lib/thumb/v7-m/nofp\libg.a(lib_a-__call_atexit.o)
 .text.atexit   0x08007480        0xc e:/gcc-arm-none-eabi-10.3-2021.10-win32/gcc-arm-none-eabi-10.3-2021.10/bin/../lib/gcc/arm-none-eabi/10.3.1/../../../../arm-none-eabi/lib/thumb/v7-m/nofp\libg.a(lib_a-atexit.o)
                0x08007480                atexit
 .text.__libc_fini_array
                0x0800748c       0x2c e:/gcc-arm-none-eabi-10.3-2021.10-win32/gcc-arm-none-eabi-10.3-2021.10/bin/../lib/gcc/arm-none-eabi/10.3.1/../../../../arm-none-eabi/lib/thumb/v7-m/nofp\libg.a(lib_a-fini.o)
                0x0800748c                __libc_fini_array
 .text.__retarget_lock_acquire_recursive
                0x080074b8        0x4 e:/gcc-arm-none-eabi-10.3-2021.10-win32/gcc-arm-none-eabi-10.3-2021.10/bin/../lib/gcc/arm-none-eabi/10.3.1/../../../../arm-none-eabi/lib/thumb/v7-m/nofp\libg.a(lib_a-lock.o)
                0x080074b8                __retarget_lock_acquire_recursive
 .text.__retarget_lock_release_recursive
                0x080074bc        0x4 e:/gcc-arm-none-eabi-10.3-2021.10-win32/gcc-arm-none-eabi-10.3-2021.10/bin/../lib/gcc/arm-none-eabi/10.3.1/../../../../arm-none-eabi/lib/thumb/v7-m/nofp\libg.a(lib_a-lock.o)
                0x080074bc                __retarget_lock_release_recursive
 .text.__register_exitproc
                0x080074c0       0x8c e:/gcc-arm-none-eabi-10.3-2021.10-win32/gcc-arm-none-eabi-10.3-2021.10/bin/../lib/gcc/arm-none-eabi/10.3.1/../../../../arm-none-eabi/lib/thumb/v7-m/nofp\libg.a(lib_a-__atexit.o)
                0x080074c0                __register_exitproc
 *(.glue_7)
 .glue_7        0x0800754c        0x0 linker stubs
 *(.glue_7t)
 .glue_7t       0x0800754c        0x0 linker stubs
 *(.eh_frame)
 .eh_frame      0x0800754c        0x0 e:/gcc-arm-none-eabi-10.3-2021.10-win32/gcc-arm-none-eabi-10.3-2021.10/bin/../lib/gcc/arm-none-eabi/10.3.1/thumb/v7-m/nofp/crtbegin.o
 *(.init)
 .init          0x0800754c        0x4 e:/gcc-arm-none-eabi-10.3-2021.10-win32/gcc-arm-none-eabi-10.3-2021.10/bin/../lib/gcc/arm-none-eabi/10.3.1/thumb/v7-m/nofp/crti.o
                0x0800754c                _init
 .init          0x08007550        0x8 e:/gcc-arm-none-eabi-10.3-2021.10-win32/gcc-arm-none-eabi-10.3-2021.10/bin/../lib/gcc/arm-none-eabi/10.3.1/thumb/v7-m/nofp/crtn.o
 *(.fini)
 .fini          0x08007558        0x4 e:/gcc-arm-none-eabi-10.3-2021.10-win32/gcc-arm-none-eabi-10.3-2021.10/bin/../lib/gcc/arm-none-eabi/10.3.1/thumb/v7-m/nofp/crti.o
                0x08007558                _fini
 .fini          0x0800755c        0x8 e:/gcc-arm-none-eabi-10.3-2021.10-win32/gcc-arm-none-eabi-10.3-2021.10/bin/../lib/gcc/arm-none-eabi/10.3.1/thumb/v7-m/nofp/crtn.o
                0x08007564                . = ALIGN (0x4)
                0x08007564                _etext = .

.vfp11_veneer   0x08007564        0x0
 .vfp11_veneer  0x08007564        0x0 linker stubs

.v4_bx          0x08007564        0x0
 .v4_bx         0x08007564        0x0 linker stubs

.iplt           0x08007564        0x0
 .iplt          0x08007564        0x0 e:/gcc-arm-none-eabi-10.3-2021.10-win32/gcc-arm-none-eabi-10.3-2021.10/bin/../lib/gcc/arm-none-eabi/10.3.1/thumb/v7-m/nofp/crtbegin.o

.rodata         0x08007564     0x185c
                0x08007564                . = ALIGN (0x4)
 *(.rodata)
 *(.rodata*)
 .rodata.TaskAppLED.str1.4
                0x08007564        0xe CMakeFiles/Demo3_1TaskISR.elf.dir/Core/Src/freertos.c.obj
 *fill*         0x08007572        0x2 
 .rodata.str1.4
                0x08007574        0x8 CMakeFiles/Demo3_1TaskISR.elf.dir/Core/Src/freertos.c.obj
 .rodata.LEDTask_attributes
                0x0800757c       0x24 CMakeFiles/Demo3_1TaskISR.elf.dir/Core/Src/freertos.c.obj
                0x0800757c                LEDTask_attributes
 .rodata.asc2_1206
                0x080075a0      0x474 CMakeFiles/Demo3_1TaskISR.elf.dir/Core/Src/lcd.c.obj
                0x080075a0                asc2_1206
 .rodata.asc2_1608
                0x08007a14      0x5f0 CMakeFiles/Demo3_1TaskISR.elf.dir/Core/Src/lcd.c.obj
                0x08007a14                asc2_1608
 .rodata.asc2_2412
                0x08008004      0xd5c CMakeFiles/Demo3_1TaskISR.elf.dir/Core/Src/lcd.c.obj
                0x08008004                asc2_2412
 .rodata.main.str1.4
                0x08008d60       0x15 CMakeFiles/Demo3_1TaskISR.elf.dir/Core/Src/main.c.obj
 *fill*         0x08008d75        0x3 
 .rodata.AHBPrescTable
                0x08008d78       0x10 CMakeFiles/Demo3_1TaskISR.elf.dir/Core/Src/system_stm32f1xx.c.obj
                0x08008d78                AHBPrescTable
 .rodata.APBPrescTable
                0x08008d88        0x8 CMakeFiles/Demo3_1TaskISR.elf.dir/Core/Src/system_stm32f1xx.c.obj
                0x08008d88                APBPrescTable
 .rodata.HAL_RCC_GetSysClockFreq.str1.4
                0x08008d90       0x11 CMakeFiles/Demo3_1TaskISR.elf.dir/Drivers/STM32F1xx_HAL_Driver/Src/stm32f1xx_hal_rcc.c.obj
 .rodata.HAL_RCCEx_GetPeriphCLKFreq.str1.4
                0x08008da1       0x11 CMakeFiles/Demo3_1TaskISR.elf.dir/Drivers/STM32F1xx_HAL_Driver/Src/stm32f1xx_hal_rcc_ex.c.obj
 *fill*         0x08008da1        0x3 
 .rodata.vTaskStartScheduler.str1.4
                0x08008da4        0x5 CMakeFiles/Demo3_1TaskISR.elf.dir/Middlewares/Third_Party/FreeRTOS/Source/tasks.c.obj
 *fill*         0x08008da9        0x3 
 .rodata.prvCheckForValidListAndQueue.str1.4
                0x08008dac        0x5 CMakeFiles/Demo3_1TaskISR.elf.dir/Middlewares/Third_Party/FreeRTOS/Source/timers.c.obj
 *fill*         0x08008db1        0x3 
 .rodata.xTimerCreateTimerTask.str1.4
                0x08008db4        0x8 CMakeFiles/Demo3_1TaskISR.elf.dir/Middlewares/Third_Party/FreeRTOS/Source/timers.c.obj
 .rodata._global_impure_ptr
                0x08008dbc        0x4 e:/gcc-arm-none-eabi-10.3-2021.10-win32/gcc-arm-none-eabi-10.3-2021.10/bin/../lib/gcc/arm-none-eabi/10.3.1/../../../../arm-none-eabi/lib/thumb/v7-m/nofp\libg.a(lib_a-impure.o)
                0x08008dbc                _global_impure_ptr
                0x08008dc0                . = ALIGN (0x4)

.rel.dyn        0x08008dc0        0x0
 .rel.iplt      0x08008dc0        0x0 e:/gcc-arm-none-eabi-10.3-2021.10-win32/gcc-arm-none-eabi-10.3-2021.10/bin/../lib/gcc/arm-none-eabi/10.3.1/thumb/v7-m/nofp/crtbegin.o

.ARM.extab
 *(.ARM.extab* .gnu.linkonce.armextab.*)

.ARM            0x08008dc0        0x0
                0x08008dc0                __exidx_start = .
 *(.ARM.exidx*)
                0x08008dc0                __exidx_end = .

.preinit_array  0x08008dc0        0x0
                0x08008dc0                PROVIDE (__preinit_array_start = .)
 *(.preinit_array*)
                0x08008dc0                PROVIDE (__preinit_array_end = .)

.init_array     0x08008dc0        0x8
                0x08008dc0                PROVIDE (__init_array_start = .)
 *(SORT_BY_NAME(.init_array.*))
 .init_array.00000
                0x08008dc0        0x4 e:/gcc-arm-none-eabi-10.3-2021.10-win32/gcc-arm-none-eabi-10.3-2021.10/bin/../lib/gcc/arm-none-eabi/10.3.1/../../../../arm-none-eabi/lib/thumb/v7-m/nofp\libg.a(lib_a-__call_atexit.o)
 *(.init_array*)
 .init_array    0x08008dc4        0x4 e:/gcc-arm-none-eabi-10.3-2021.10-win32/gcc-arm-none-eabi-10.3-2021.10/bin/../lib/gcc/arm-none-eabi/10.3.1/thumb/v7-m/nofp/crtbegin.o
                0x08008dc8                PROVIDE (__init_array_end = .)

.fini_array     0x08008dc8        0x4
                0x08008dc8                PROVIDE (__fini_array_start = .)
 *(SORT_BY_NAME(.fini_array.*))
 *(.fini_array*)
 .fini_array    0x08008dc8        0x4 e:/gcc-arm-none-eabi-10.3-2021.10-win32/gcc-arm-none-eabi-10.3-2021.10/bin/../lib/gcc/arm-none-eabi/10.3.1/thumb/v7-m/nofp/crtbegin.o
                0x08008dcc                PROVIDE (__fini_array_end = .)
                0x08008dcc                _sidata = LOADADDR (.data)

.data           0x20000000      0x444 load address 0x08008dcc
                0x20000000                . = ALIGN (0x4)
                0x20000000                _sdata = .
 *(.data)
 *(.data*)
 .data.BACK_COLOR
                0x20000000        0x2 CMakeFiles/Demo3_1TaskISR.elf.dir/Core/Src/lcd.c.obj
                0x20000000                BACK_COLOR
 *fill*         0x20000002        0x2 
 .data.SystemCoreClock
                0x20000004        0x4 CMakeFiles/Demo3_1TaskISR.elf.dir/Core/Src/system_stm32f1xx.c.obj
                0x20000004                SystemCoreClock
 .data.uwTickFreq
                0x20000008        0x1 CMakeFiles/Demo3_1TaskISR.elf.dir/Drivers/STM32F1xx_HAL_Driver/Src/stm32f1xx_hal.c.obj
                0x20000008                uwTickFreq
 *fill*         0x20000009        0x3 
 .data.uwTickPrio
                0x2000000c        0x4 CMakeFiles/Demo3_1TaskISR.elf.dir/Drivers/STM32F1xx_HAL_Driver/Src/stm32f1xx_hal.c.obj
                0x2000000c                uwTickPrio
 .data.uxCriticalNesting
                0x20000010        0x4 CMakeFiles/Demo3_1TaskISR.elf.dir/Middlewares/Third_Party/FreeRTOS/Source/portable/GCC/ARM_CM3/port.c.obj
 *fill*         0x20000014        0x4 
 .data.impure_data
                0x20000018      0x428 e:/gcc-arm-none-eabi-10.3-2021.10-win32/gcc-arm-none-eabi-10.3-2021.10/bin/../lib/gcc/arm-none-eabi/10.3.1/../../../../arm-none-eabi/lib/thumb/v7-m/nofp\libg.a(lib_a-impure.o)
 .data.__atexit_recursive_mutex
                0x20000440        0x4 e:/gcc-arm-none-eabi-10.3-2021.10-win32/gcc-arm-none-eabi-10.3-2021.10/bin/../lib/gcc/arm-none-eabi/10.3.1/../../../../arm-none-eabi/lib/thumb/v7-m/nofp\libg.a(lib_a-__call_atexit.o)
                0x20000440                __atexit_recursive_mutex
                0x20000444                . = ALIGN (0x4)
                0x20000444                _edata = .

.igot.plt       0x20000444        0x0 load address 0x08009210
 .igot.plt      0x20000444        0x0 e:/gcc-arm-none-eabi-10.3-2021.10-win32/gcc-arm-none-eabi-10.3-2021.10/bin/../lib/gcc/arm-none-eabi/10.3.1/thumb/v7-m/nofp/crtbegin.o
                0x20000444                . = ALIGN (0x4)

.bss            0x20000444     0x19e0 load address 0x08009210
                0x20000444                _sbss = .
                0x20000444                __bss_start__ = _sbss
 *(.bss)
 .bss           0x20000444       0x1c e:/gcc-arm-none-eabi-10.3-2021.10-win32/gcc-arm-none-eabi-10.3-2021.10/bin/../lib/gcc/arm-none-eabi/10.3.1/thumb/v7-m/nofp/crtbegin.o
 *(.bss*)
 .bss.LEDTaskHandle
                0x20000460        0x4 CMakeFiles/Demo3_1TaskISR.elf.dir/Core/Src/freertos.c.obj
                0x20000460                LEDTaskHandle
 .bss.POINT_COLOR
                0x20000464        0x2 CMakeFiles/Demo3_1TaskISR.elf.dir/Core/Src/lcd.c.obj
                0x20000464                POINT_COLOR
 *fill*         0x20000466        0x2 
 .bss.lcddev    0x20000468        0xe CMakeFiles/Demo3_1TaskISR.elf.dir/Core/Src/lcd.c.obj
                0x20000468                lcddev
 *fill*         0x20000476        0x2 
 .bss.hrtc      0x20000478       0x14 CMakeFiles/Demo3_1TaskISR.elf.dir/Core/Src/rtc.c.obj
                0x20000478                hrtc
 .bss.htim6     0x2000048c       0x48 CMakeFiles/Demo3_1TaskISR.elf.dir/Core/Src/stm32f1xx_hal_timebase_tim.c.obj
                0x2000048c                htim6
 .bss.uwTick    0x200004d4        0x4 CMakeFiles/Demo3_1TaskISR.elf.dir/Drivers/STM32F1xx_HAL_Driver/Src/stm32f1xx_hal.c.obj
                0x200004d4                uwTick
 .bss.Idle_Stack
                0x200004d8      0x200 CMakeFiles/Demo3_1TaskISR.elf.dir/Middlewares/Third_Party/FreeRTOS/Source/CMSIS_RTOS_V2/cmsis_os2.c.obj
 .bss.Idle_TCB  0x200006d8       0x5c CMakeFiles/Demo3_1TaskISR.elf.dir/Middlewares/Third_Party/FreeRTOS/Source/CMSIS_RTOS_V2/cmsis_os2.c.obj
 .bss.KernelState
                0x20000734        0x4 CMakeFiles/Demo3_1TaskISR.elf.dir/Middlewares/Third_Party/FreeRTOS/Source/CMSIS_RTOS_V2/cmsis_os2.c.obj
 .bss.Timer_Stack
                0x20000738      0x400 CMakeFiles/Demo3_1TaskISR.elf.dir/Middlewares/Third_Party/FreeRTOS/Source/CMSIS_RTOS_V2/cmsis_os2.c.obj
 .bss.Timer_TCB
                0x20000b38       0x5c CMakeFiles/Demo3_1TaskISR.elf.dir/Middlewares/Third_Party/FreeRTOS/Source/CMSIS_RTOS_V2/cmsis_os2.c.obj
 .bss.ucMaxSysCallPriority
                0x20000b94        0x1 CMakeFiles/Demo3_1TaskISR.elf.dir/Middlewares/Third_Party/FreeRTOS/Source/portable/GCC/ARM_CM3/port.c.obj
 *fill*         0x20000b95        0x3 
 .bss.ulMaxPRIGROUPValue
                0x20000b98        0x4 CMakeFiles/Demo3_1TaskISR.elf.dir/Middlewares/Third_Party/FreeRTOS/Source/portable/GCC/ARM_CM3/port.c.obj
 .bss.pxEnd     0x20000b9c        0x4 CMakeFiles/Demo3_1TaskISR.elf.dir/Middlewares/Third_Party/FreeRTOS/Source/portable/MemMang/heap_4.c.obj
 .bss.ucHeap    0x20000ba0      0xc00 CMakeFiles/Demo3_1TaskISR.elf.dir/Middlewares/Third_Party/FreeRTOS/Source/portable/MemMang/heap_4.c.obj
 .bss.xBlockAllocatedBit
                0x200017a0        0x4 CMakeFiles/Demo3_1TaskISR.elf.dir/Middlewares/Third_Party/FreeRTOS/Source/portable/MemMang/heap_4.c.obj
 .bss.xFreeBytesRemaining
                0x200017a4        0x4 CMakeFiles/Demo3_1TaskISR.elf.dir/Middlewares/Third_Party/FreeRTOS/Source/portable/MemMang/heap_4.c.obj
 .bss.xMinimumEverFreeBytesRemaining
                0x200017a8        0x4 CMakeFiles/Demo3_1TaskISR.elf.dir/Middlewares/Third_Party/FreeRTOS/Source/portable/MemMang/heap_4.c.obj
 .bss.xStart    0x200017ac        0x8 CMakeFiles/Demo3_1TaskISR.elf.dir/Middlewares/Third_Party/FreeRTOS/Source/portable/MemMang/heap_4.c.obj
 .bss.xQueueRegistry
                0x200017b4       0x40 CMakeFiles/Demo3_1TaskISR.elf.dir/Middlewares/Third_Party/FreeRTOS/Source/queue.c.obj
                0x200017b4                xQueueRegistry
 .bss.pxCurrentTCB
                0x200017f4        0x4 CMakeFiles/Demo3_1TaskISR.elf.dir/Middlewares/Third_Party/FreeRTOS/Source/tasks.c.obj
                0x200017f4                pxCurrentTCB
 .bss.pxDelayedTaskList
                0x200017f8        0x4 CMakeFiles/Demo3_1TaskISR.elf.dir/Middlewares/Third_Party/FreeRTOS/Source/tasks.c.obj
 .bss.pxOverflowDelayedTaskList
                0x200017fc        0x4 CMakeFiles/Demo3_1TaskISR.elf.dir/Middlewares/Third_Party/FreeRTOS/Source/tasks.c.obj
 .bss.pxReadyTasksLists
                0x20001800      0x460 CMakeFiles/Demo3_1TaskISR.elf.dir/Middlewares/Third_Party/FreeRTOS/Source/tasks.c.obj
 .bss.uxCurrentNumberOfTasks
                0x20001c60        0x4 CMakeFiles/Demo3_1TaskISR.elf.dir/Middlewares/Third_Party/FreeRTOS/Source/tasks.c.obj
 .bss.uxDeletedTasksWaitingCleanUp
                0x20001c64        0x4 CMakeFiles/Demo3_1TaskISR.elf.dir/Middlewares/Third_Party/FreeRTOS/Source/tasks.c.obj
 .bss.uxPendedTicks
                0x20001c68        0x4 CMakeFiles/Demo3_1TaskISR.elf.dir/Middlewares/Third_Party/FreeRTOS/Source/tasks.c.obj
 .bss.uxSchedulerSuspended
                0x20001c6c        0x4 CMakeFiles/Demo3_1TaskISR.elf.dir/Middlewares/Third_Party/FreeRTOS/Source/tasks.c.obj
 .bss.uxTaskNumber
                0x20001c70        0x4 CMakeFiles/Demo3_1TaskISR.elf.dir/Middlewares/Third_Party/FreeRTOS/Source/tasks.c.obj
 .bss.uxTopReadyPriority
                0x20001c74        0x4 CMakeFiles/Demo3_1TaskISR.elf.dir/Middlewares/Third_Party/FreeRTOS/Source/tasks.c.obj
 .bss.xDelayedTaskList1
                0x20001c78       0x14 CMakeFiles/Demo3_1TaskISR.elf.dir/Middlewares/Third_Party/FreeRTOS/Source/tasks.c.obj
 .bss.xDelayedTaskList2
                0x20001c8c       0x14 CMakeFiles/Demo3_1TaskISR.elf.dir/Middlewares/Third_Party/FreeRTOS/Source/tasks.c.obj
 .bss.xIdleTaskHandle
                0x20001ca0        0x4 CMakeFiles/Demo3_1TaskISR.elf.dir/Middlewares/Third_Party/FreeRTOS/Source/tasks.c.obj
 .bss.xNextTaskUnblockTime
                0x20001ca4        0x4 CMakeFiles/Demo3_1TaskISR.elf.dir/Middlewares/Third_Party/FreeRTOS/Source/tasks.c.obj
 .bss.xNumOfOverflows
                0x20001ca8        0x4 CMakeFiles/Demo3_1TaskISR.elf.dir/Middlewares/Third_Party/FreeRTOS/Source/tasks.c.obj
 .bss.xPendingReadyList
                0x20001cac       0x14 CMakeFiles/Demo3_1TaskISR.elf.dir/Middlewares/Third_Party/FreeRTOS/Source/tasks.c.obj
 .bss.xSchedulerRunning
                0x20001cc0        0x4 CMakeFiles/Demo3_1TaskISR.elf.dir/Middlewares/Third_Party/FreeRTOS/Source/tasks.c.obj
 .bss.xSuspendedTaskList
                0x20001cc4       0x14 CMakeFiles/Demo3_1TaskISR.elf.dir/Middlewares/Third_Party/FreeRTOS/Source/tasks.c.obj
 .bss.xTasksWaitingTermination
                0x20001cd8       0x14 CMakeFiles/Demo3_1TaskISR.elf.dir/Middlewares/Third_Party/FreeRTOS/Source/tasks.c.obj
 .bss.xTickCount
                0x20001cec        0x4 CMakeFiles/Demo3_1TaskISR.elf.dir/Middlewares/Third_Party/FreeRTOS/Source/tasks.c.obj
 .bss.xYieldPending
                0x20001cf0        0x4 CMakeFiles/Demo3_1TaskISR.elf.dir/Middlewares/Third_Party/FreeRTOS/Source/tasks.c.obj
 .bss.pxCurrentTimerList
                0x20001cf4        0x4 CMakeFiles/Demo3_1TaskISR.elf.dir/Middlewares/Third_Party/FreeRTOS/Source/timers.c.obj
 .bss.pxOverflowTimerList
                0x20001cf8        0x4 CMakeFiles/Demo3_1TaskISR.elf.dir/Middlewares/Third_Party/FreeRTOS/Source/timers.c.obj
 .bss.ucStaticTimerQueueStorage.1
                0x20001cfc       0xa0 CMakeFiles/Demo3_1TaskISR.elf.dir/Middlewares/Third_Party/FreeRTOS/Source/timers.c.obj
 .bss.xActiveTimerList1
                0x20001d9c       0x14 CMakeFiles/Demo3_1TaskISR.elf.dir/Middlewares/Third_Party/FreeRTOS/Source/timers.c.obj
 .bss.xActiveTimerList2
                0x20001db0       0x14 CMakeFiles/Demo3_1TaskISR.elf.dir/Middlewares/Third_Party/FreeRTOS/Source/timers.c.obj
 .bss.xLastTime.2
                0x20001dc4        0x4 CMakeFiles/Demo3_1TaskISR.elf.dir/Middlewares/Third_Party/FreeRTOS/Source/timers.c.obj
 .bss.xStaticTimerQueue.0
                0x20001dc8       0x50 CMakeFiles/Demo3_1TaskISR.elf.dir/Middlewares/Third_Party/FreeRTOS/Source/timers.c.obj
 .bss.xTimerQueue
                0x20001e18        0x4 CMakeFiles/Demo3_1TaskISR.elf.dir/Middlewares/Third_Party/FreeRTOS/Source/timers.c.obj
 .bss.xTimerTaskHandle
                0x20001e1c        0x4 CMakeFiles/Demo3_1TaskISR.elf.dir/Middlewares/Third_Party/FreeRTOS/Source/timers.c.obj
 .bss.__lock___atexit_recursive_mutex
                0x20001e20        0x1 e:/gcc-arm-none-eabi-10.3-2021.10-win32/gcc-arm-none-eabi-10.3-2021.10/bin/../lib/gcc/arm-none-eabi/10.3.1/../../../../arm-none-eabi/lib/thumb/v7-m/nofp\libg.a(lib_a-lock.o)
                0x20001e20                __lock___atexit_recursive_mutex
 *(COMMON)
                0x20001e24                . = ALIGN (0x4)
 *fill*         0x20001e21        0x3 
                0x20001e24                _ebss = .
                0x20001e24                __bss_end__ = _ebss

._user_heap_stack
                0x20001e24      0x604 load address 0x08009210
                0x20001e28                . = ALIGN (0x8)
 *fill*         0x20001e24        0x4 
                0x20001e28                PROVIDE (end = .)
                [!provide]                PROVIDE (_end = .)
                0x20002028                . = (. + _Min_Heap_Size)
 *fill*         0x20001e28      0x200 
                0x20002428                . = (. + _Min_Stack_Size)
 *fill*         0x20002028      0x400 
                0x20002428                . = ALIGN (0x8)

/DISCARD/
 libc.a(*)
 libm.a(*)
 libgcc.a(*)

.ARM.attributes
                0x00000000       0x29
 *(.ARM.attributes)
 .ARM.attributes
                0x00000000       0x1d e:/gcc-arm-none-eabi-10.3-2021.10-win32/gcc-arm-none-eabi-10.3-2021.10/bin/../lib/gcc/arm-none-eabi/10.3.1/thumb/v7-m/nofp/crti.o
 .ARM.attributes
                0x0000001d       0x2d e:/gcc-arm-none-eabi-10.3-2021.10-win32/gcc-arm-none-eabi-10.3-2021.10/bin/../lib/gcc/arm-none-eabi/10.3.1/thumb/v7-m/nofp/crtbegin.o
 .ARM.attributes
                0x0000004a       0x2d CMakeFiles/Demo3_1TaskISR.elf.dir/Core/Src/freertos.c.obj
 .ARM.attributes
                0x00000077       0x2d CMakeFiles/Demo3_1TaskISR.elf.dir/Core/Src/gpio.c.obj
 .ARM.attributes
                0x000000a4       0x2d CMakeFiles/Demo3_1TaskISR.elf.dir/Core/Src/lcd.c.obj
 .ARM.attributes
                0x000000d1       0x2d CMakeFiles/Demo3_1TaskISR.elf.dir/Core/Src/main.c.obj
 .ARM.attributes
                0x000000fe       0x2d CMakeFiles/Demo3_1TaskISR.elf.dir/Core/Src/rtc.c.obj
 .ARM.attributes
                0x0000012b       0x2d CMakeFiles/Demo3_1TaskISR.elf.dir/Core/Src/stm32f1xx_hal_msp.c.obj
 .ARM.attributes
                0x00000158       0x2d CMakeFiles/Demo3_1TaskISR.elf.dir/Core/Src/stm32f1xx_hal_timebase_tim.c.obj
 .ARM.attributes
                0x00000185       0x2d CMakeFiles/Demo3_1TaskISR.elf.dir/Core/Src/stm32f1xx_it.c.obj
 .ARM.attributes
                0x000001b2       0x2d CMakeFiles/Demo3_1TaskISR.elf.dir/Core/Src/system_stm32f1xx.c.obj
 .ARM.attributes
                0x000001df       0x2d CMakeFiles/Demo3_1TaskISR.elf.dir/Drivers/STM32F1xx_HAL_Driver/Src/stm32f1xx_hal.c.obj
 .ARM.attributes
                0x0000020c       0x2d CMakeFiles/Demo3_1TaskISR.elf.dir/Drivers/STM32F1xx_HAL_Driver/Src/stm32f1xx_hal_cortex.c.obj
 .ARM.attributes
                0x00000239       0x2d CMakeFiles/Demo3_1TaskISR.elf.dir/Drivers/STM32F1xx_HAL_Driver/Src/stm32f1xx_hal_gpio.c.obj
 .ARM.attributes
                0x00000266       0x2d CMakeFiles/Demo3_1TaskISR.elf.dir/Drivers/STM32F1xx_HAL_Driver/Src/stm32f1xx_hal_pwr.c.obj
 .ARM.attributes
                0x00000293       0x2d CMakeFiles/Demo3_1TaskISR.elf.dir/Drivers/STM32F1xx_HAL_Driver/Src/stm32f1xx_hal_rcc.c.obj
 .ARM.attributes
                0x000002c0       0x2d CMakeFiles/Demo3_1TaskISR.elf.dir/Drivers/STM32F1xx_HAL_Driver/Src/stm32f1xx_hal_rcc_ex.c.obj
 .ARM.attributes
                0x000002ed       0x2d CMakeFiles/Demo3_1TaskISR.elf.dir/Drivers/STM32F1xx_HAL_Driver/Src/stm32f1xx_hal_rtc.c.obj
 .ARM.attributes
                0x0000031a       0x2d CMakeFiles/Demo3_1TaskISR.elf.dir/Drivers/STM32F1xx_HAL_Driver/Src/stm32f1xx_hal_tim.c.obj
 .ARM.attributes
                0x00000347       0x2d CMakeFiles/Demo3_1TaskISR.elf.dir/Drivers/STM32F1xx_HAL_Driver/Src/stm32f1xx_hal_tim_ex.c.obj
 .ARM.attributes
                0x00000374       0x2d CMakeFiles/Demo3_1TaskISR.elf.dir/Middlewares/Third_Party/FreeRTOS/Source/CMSIS_RTOS_V2/cmsis_os2.c.obj
 .ARM.attributes
                0x000003a1       0x2d CMakeFiles/Demo3_1TaskISR.elf.dir/Middlewares/Third_Party/FreeRTOS/Source/list.c.obj
 .ARM.attributes
                0x000003ce       0x2d CMakeFiles/Demo3_1TaskISR.elf.dir/Middlewares/Third_Party/FreeRTOS/Source/portable/GCC/ARM_CM3/port.c.obj
 .ARM.attributes
                0x000003fb       0x2d CMakeFiles/Demo3_1TaskISR.elf.dir/Middlewares/Third_Party/FreeRTOS/Source/portable/MemMang/heap_4.c.obj
 .ARM.attributes
                0x00000428       0x2d CMakeFiles/Demo3_1TaskISR.elf.dir/Middlewares/Third_Party/FreeRTOS/Source/queue.c.obj
 .ARM.attributes
                0x00000455       0x2d CMakeFiles/Demo3_1TaskISR.elf.dir/Middlewares/Third_Party/FreeRTOS/Source/tasks.c.obj
 .ARM.attributes
                0x00000482       0x2d CMakeFiles/Demo3_1TaskISR.elf.dir/Middlewares/Third_Party/FreeRTOS/Source/timers.c.obj
 .ARM.attributes
                0x000004af       0x21 CMakeFiles/Demo3_1TaskISR.elf.dir/startup/startup_stm32f103xe.s.obj
 .ARM.attributes
                0x000004d0       0x1d e:/gcc-arm-none-eabi-10.3-2021.10-win32/gcc-arm-none-eabi-10.3-2021.10/bin/../lib/gcc/arm-none-eabi/10.3.1/thumb/v7-m/nofp\libgcc.a(_arm_muldf3.o)
 .ARM.attributes
                0x000004ed       0x1d e:/gcc-arm-none-eabi-10.3-2021.10-win32/gcc-arm-none-eabi-10.3-2021.10/bin/../lib/gcc/arm-none-eabi/10.3.1/thumb/v7-m/nofp\libgcc.a(_arm_addsubdf3.o)
 .ARM.attributes
                0x0000050a       0x1d e:/gcc-arm-none-eabi-10.3-2021.10-win32/gcc-arm-none-eabi-10.3-2021.10/bin/../lib/gcc/arm-none-eabi/10.3.1/thumb/v7-m/nofp\libgcc.a(_arm_fixunsdfsi.o)
 .ARM.attributes
                0x00000527       0x2d e:/gcc-arm-none-eabi-10.3-2021.10-win32/gcc-arm-none-eabi-10.3-2021.10/bin/../lib/gcc/arm-none-eabi/10.3.1/../../../../arm-none-eabi/lib/thumb/v7-m/nofp\libg.a(lib_a-impure.o)
 .ARM.attributes
                0x00000554       0x2d e:/gcc-arm-none-eabi-10.3-2021.10-win32/gcc-arm-none-eabi-10.3-2021.10/bin/../lib/gcc/arm-none-eabi/10.3.1/../../../../arm-none-eabi/lib/thumb/v7-m/nofp\libg.a(lib_a-init.o)
 .ARM.attributes
                0x00000581       0x1b e:/gcc-arm-none-eabi-10.3-2021.10-win32/gcc-arm-none-eabi-10.3-2021.10/bin/../lib/gcc/arm-none-eabi/10.3.1/../../../../arm-none-eabi/lib/thumb/v7-m/nofp\libg.a(lib_a-memcpy.o)
 .ARM.attributes
                0x0000059c       0x2d e:/gcc-arm-none-eabi-10.3-2021.10-win32/gcc-arm-none-eabi-10.3-2021.10/bin/../lib/gcc/arm-none-eabi/10.3.1/../../../../arm-none-eabi/lib/thumb/v7-m/nofp\libg.a(lib_a-memset.o)
 .ARM.attributes
                0x000005c9       0x2d e:/gcc-arm-none-eabi-10.3-2021.10-win32/gcc-arm-none-eabi-10.3-2021.10/bin/../lib/gcc/arm-none-eabi/10.3.1/../../../../arm-none-eabi/lib/thumb/v7-m/nofp\libg.a(lib_a-__call_atexit.o)
 .ARM.attributes
                0x000005f6       0x2d e:/gcc-arm-none-eabi-10.3-2021.10-win32/gcc-arm-none-eabi-10.3-2021.10/bin/../lib/gcc/arm-none-eabi/10.3.1/../../../../arm-none-eabi/lib/thumb/v7-m/nofp\libg.a(lib_a-atexit.o)
 .ARM.attributes
                0x00000623       0x2d e:/gcc-arm-none-eabi-10.3-2021.10-win32/gcc-arm-none-eabi-10.3-2021.10/bin/../lib/gcc/arm-none-eabi/10.3.1/../../../../arm-none-eabi/lib/thumb/v7-m/nofp\libg.a(lib_a-fini.o)
 .ARM.attributes
                0x00000650       0x2d e:/gcc-arm-none-eabi-10.3-2021.10-win32/gcc-arm-none-eabi-10.3-2021.10/bin/../lib/gcc/arm-none-eabi/10.3.1/../../../../arm-none-eabi/lib/thumb/v7-m/nofp\libg.a(lib_a-lock.o)
 .ARM.attributes
                0x0000067d       0x2d e:/gcc-arm-none-eabi-10.3-2021.10-win32/gcc-arm-none-eabi-10.3-2021.10/bin/../lib/gcc/arm-none-eabi/10.3.1/../../../../arm-none-eabi/lib/thumb/v7-m/nofp\libg.a(lib_a-__atexit.o)
 .ARM.attributes
                0x000006aa       0x1d e:/gcc-arm-none-eabi-10.3-2021.10-win32/gcc-arm-none-eabi-10.3-2021.10/bin/../lib/gcc/arm-none-eabi/10.3.1/thumb/v7-m/nofp/crtn.o
OUTPUT(Demo3_1TaskISR.elf elf32-littlearm)
LOAD linker stubs
LOAD e:/gcc-arm-none-eabi-10.3-2021.10-win32/gcc-arm-none-eabi-10.3-2021.10/bin/../lib/gcc/arm-none-eabi/10.3.1/../../../../arm-none-eabi/lib/thumb/v7-m/nofp\libc.a
LOAD e:/gcc-arm-none-eabi-10.3-2021.10-win32/gcc-arm-none-eabi-10.3-2021.10/bin/../lib/gcc/arm-none-eabi/10.3.1/../../../../arm-none-eabi/lib/thumb/v7-m/nofp\libm.a
LOAD e:/gcc-arm-none-eabi-10.3-2021.10-win32/gcc-arm-none-eabi-10.3-2021.10/bin/../lib/gcc/arm-none-eabi/10.3.1/thumb/v7-m/nofp\libgcc.a

.debug_info     0x00000000    0x218d6
 .debug_info    0x00000000      0x79b CMakeFiles/Demo3_1TaskISR.elf.dir/Core/Src/freertos.c.obj
 .debug_info    0x0000079b      0x2f6 CMakeFiles/Demo3_1TaskISR.elf.dir/Core/Src/gpio.c.obj
 .debug_info    0x00000a91     0x7ebb CMakeFiles/Demo3_1TaskISR.elf.dir/Core/Src/lcd.c.obj
 .debug_info    0x0000894c      0xa4a CMakeFiles/Demo3_1TaskISR.elf.dir/Core/Src/main.c.obj
 .debug_info    0x00009396      0x7e7 CMakeFiles/Demo3_1TaskISR.elf.dir/Core/Src/rtc.c.obj
 .debug_info    0x00009b7d      0x3ed CMakeFiles/Demo3_1TaskISR.elf.dir/Core/Src/stm32f1xx_hal_msp.c.obj
 .debug_info    0x00009f6a      0xa75 CMakeFiles/Demo3_1TaskISR.elf.dir/Core/Src/stm32f1xx_hal_timebase_tim.c.obj
 .debug_info    0x0000a9df      0x8ce CMakeFiles/Demo3_1TaskISR.elf.dir/Core/Src/stm32f1xx_it.c.obj
 .debug_info    0x0000b2ad      0x248 CMakeFiles/Demo3_1TaskISR.elf.dir/Core/Src/system_stm32f1xx.c.obj
 .debug_info    0x0000b4f5      0x80e CMakeFiles/Demo3_1TaskISR.elf.dir/Drivers/STM32F1xx_HAL_Driver/Src/stm32f1xx_hal.c.obj
 .debug_info    0x0000bd03      0xdf0 CMakeFiles/Demo3_1TaskISR.elf.dir/Drivers/STM32F1xx_HAL_Driver/Src/stm32f1xx_hal_cortex.c.obj
 .debug_info    0x0000caf3      0x66f CMakeFiles/Demo3_1TaskISR.elf.dir/Drivers/STM32F1xx_HAL_Driver/Src/stm32f1xx_hal_gpio.c.obj
 .debug_info    0x0000d162      0x6a7 CMakeFiles/Demo3_1TaskISR.elf.dir/Drivers/STM32F1xx_HAL_Driver/Src/stm32f1xx_hal_pwr.c.obj
 .debug_info    0x0000d809      0xa36 CMakeFiles/Demo3_1TaskISR.elf.dir/Drivers/STM32F1xx_HAL_Driver/Src/stm32f1xx_hal_rcc.c.obj
 .debug_info    0x0000e23f      0x47e CMakeFiles/Demo3_1TaskISR.elf.dir/Drivers/STM32F1xx_HAL_Driver/Src/stm32f1xx_hal_rcc_ex.c.obj
 .debug_info    0x0000e6bd     0x14c3 CMakeFiles/Demo3_1TaskISR.elf.dir/Drivers/STM32F1xx_HAL_Driver/Src/stm32f1xx_hal_rtc.c.obj
 .debug_info    0x0000fb80     0x3b00 CMakeFiles/Demo3_1TaskISR.elf.dir/Drivers/STM32F1xx_HAL_Driver/Src/stm32f1xx_hal_tim.c.obj
 .debug_info    0x00013680     0x19e9 CMakeFiles/Demo3_1TaskISR.elf.dir/Drivers/STM32F1xx_HAL_Driver/Src/stm32f1xx_hal_tim_ex.c.obj
 .debug_info    0x00015069     0x4b1f CMakeFiles/Demo3_1TaskISR.elf.dir/Middlewares/Third_Party/FreeRTOS/Source/CMSIS_RTOS_V2/cmsis_os2.c.obj
 .debug_info    0x00019b88      0x2da CMakeFiles/Demo3_1TaskISR.elf.dir/Middlewares/Third_Party/FreeRTOS/Source/list.c.obj
 .debug_info    0x00019e62      0x52b CMakeFiles/Demo3_1TaskISR.elf.dir/Middlewares/Third_Party/FreeRTOS/Source/portable/GCC/ARM_CM3/port.c.obj
 .debug_info    0x0001a38d      0x471 CMakeFiles/Demo3_1TaskISR.elf.dir/Middlewares/Third_Party/FreeRTOS/Source/portable/MemMang/heap_4.c.obj
 .debug_info    0x0001a7fe     0x2733 CMakeFiles/Demo3_1TaskISR.elf.dir/Middlewares/Third_Party/FreeRTOS/Source/queue.c.obj
 .debug_info    0x0001cf31     0x301a CMakeFiles/Demo3_1TaskISR.elf.dir/Middlewares/Third_Party/FreeRTOS/Source/tasks.c.obj
 .debug_info    0x0001ff4b     0x1969 CMakeFiles/Demo3_1TaskISR.elf.dir/Middlewares/Third_Party/FreeRTOS/Source/timers.c.obj
 .debug_info    0x000218b4       0x22 CMakeFiles/Demo3_1TaskISR.elf.dir/startup/startup_stm32f103xe.s.obj

.debug_abbrev   0x00000000     0x362a
 .debug_abbrev  0x00000000      0x196 CMakeFiles/Demo3_1TaskISR.elf.dir/Core/Src/freertos.c.obj
 .debug_abbrev  0x00000196      0x13c CMakeFiles/Demo3_1TaskISR.elf.dir/Core/Src/gpio.c.obj
 .debug_abbrev  0x000002d2      0x2b7 CMakeFiles/Demo3_1TaskISR.elf.dir/Core/Src/lcd.c.obj
 .debug_abbrev  0x00000589      0x1f3 CMakeFiles/Demo3_1TaskISR.elf.dir/Core/Src/main.c.obj
 .debug_abbrev  0x0000077c      0x191 CMakeFiles/Demo3_1TaskISR.elf.dir/Core/Src/rtc.c.obj
 .debug_abbrev  0x0000090d      0x12d CMakeFiles/Demo3_1TaskISR.elf.dir/Core/Src/stm32f1xx_hal_msp.c.obj
 .debug_abbrev  0x00000a3a      0x1ec CMakeFiles/Demo3_1TaskISR.elf.dir/Core/Src/stm32f1xx_hal_timebase_tim.c.obj
 .debug_abbrev  0x00000c26      0x179 CMakeFiles/Demo3_1TaskISR.elf.dir/Core/Src/stm32f1xx_it.c.obj
 .debug_abbrev  0x00000d9f      0x13e CMakeFiles/Demo3_1TaskISR.elf.dir/Core/Src/system_stm32f1xx.c.obj
 .debug_abbrev  0x00000edd      0x1f4 CMakeFiles/Demo3_1TaskISR.elf.dir/Drivers/STM32F1xx_HAL_Driver/Src/stm32f1xx_hal.c.obj
 .debug_abbrev  0x000010d1      0x341 CMakeFiles/Demo3_1TaskISR.elf.dir/Drivers/STM32F1xx_HAL_Driver/Src/stm32f1xx_hal_cortex.c.obj
 .debug_abbrev  0x00001412      0x1e6 CMakeFiles/Demo3_1TaskISR.elf.dir/Drivers/STM32F1xx_HAL_Driver/Src/stm32f1xx_hal_gpio.c.obj
 .debug_abbrev  0x000015f8      0x1de CMakeFiles/Demo3_1TaskISR.elf.dir/Drivers/STM32F1xx_HAL_Driver/Src/stm32f1xx_hal_pwr.c.obj
 .debug_abbrev  0x000017d6      0x27a CMakeFiles/Demo3_1TaskISR.elf.dir/Drivers/STM32F1xx_HAL_Driver/Src/stm32f1xx_hal_rcc.c.obj
 .debug_abbrev  0x00001a50      0x1d2 CMakeFiles/Demo3_1TaskISR.elf.dir/Drivers/STM32F1xx_HAL_Driver/Src/stm32f1xx_hal_rcc_ex.c.obj
 .debug_abbrev  0x00001c22      0x201 CMakeFiles/Demo3_1TaskISR.elf.dir/Drivers/STM32F1xx_HAL_Driver/Src/stm32f1xx_hal_rtc.c.obj
 .debug_abbrev  0x00001e23      0x23e CMakeFiles/Demo3_1TaskISR.elf.dir/Drivers/STM32F1xx_HAL_Driver/Src/stm32f1xx_hal_tim.c.obj
 .debug_abbrev  0x00002061      0x241 CMakeFiles/Demo3_1TaskISR.elf.dir/Drivers/STM32F1xx_HAL_Driver/Src/stm32f1xx_hal_tim_ex.c.obj
 .debug_abbrev  0x000022a2      0x418 CMakeFiles/Demo3_1TaskISR.elf.dir/Middlewares/Third_Party/FreeRTOS/Source/CMSIS_RTOS_V2/cmsis_os2.c.obj
 .debug_abbrev  0x000026ba      0x106 CMakeFiles/Demo3_1TaskISR.elf.dir/Middlewares/Third_Party/FreeRTOS/Source/list.c.obj
 .debug_abbrev  0x000027c0      0x27e CMakeFiles/Demo3_1TaskISR.elf.dir/Middlewares/Third_Party/FreeRTOS/Source/portable/GCC/ARM_CM3/port.c.obj
 .debug_abbrev  0x00002a3e      0x238 CMakeFiles/Demo3_1TaskISR.elf.dir/Middlewares/Third_Party/FreeRTOS/Source/portable/MemMang/heap_4.c.obj
 .debug_abbrev  0x00002c76      0x38c CMakeFiles/Demo3_1TaskISR.elf.dir/Middlewares/Third_Party/FreeRTOS/Source/queue.c.obj
 .debug_abbrev  0x00003002      0x313 CMakeFiles/Demo3_1TaskISR.elf.dir/Middlewares/Third_Party/FreeRTOS/Source/tasks.c.obj
 .debug_abbrev  0x00003315      0x303 CMakeFiles/Demo3_1TaskISR.elf.dir/Middlewares/Third_Party/FreeRTOS/Source/timers.c.obj
 .debug_abbrev  0x00003618       0x12 CMakeFiles/Demo3_1TaskISR.elf.dir/startup/startup_stm32f103xe.s.obj

.debug_loc      0x00000000    0x154b5
 .debug_loc     0x00000000       0x25 CMakeFiles/Demo3_1TaskISR.elf.dir/Core/Src/freertos.c.obj
 .debug_loc     0x00000025     0x151c CMakeFiles/Demo3_1TaskISR.elf.dir/Core/Src/lcd.c.obj
 .debug_loc     0x00001541       0x42 CMakeFiles/Demo3_1TaskISR.elf.dir/Core/Src/main.c.obj
 .debug_loc     0x00001583       0x89 CMakeFiles/Demo3_1TaskISR.elf.dir/Core/Src/rtc.c.obj
 .debug_loc     0x0000160c       0x15 CMakeFiles/Demo3_1TaskISR.elf.dir/Core/Src/stm32f1xx_hal_msp.c.obj
 .debug_loc     0x00001621       0x89 CMakeFiles/Demo3_1TaskISR.elf.dir/Core/Src/stm32f1xx_hal_timebase_tim.c.obj
 .debug_loc     0x000016aa       0xff CMakeFiles/Demo3_1TaskISR.elf.dir/Core/Src/system_stm32f1xx.c.obj
 .debug_loc     0x000017a9      0x141 CMakeFiles/Demo3_1TaskISR.elf.dir/Drivers/STM32F1xx_HAL_Driver/Src/stm32f1xx_hal.c.obj
 .debug_loc     0x000018ea      0x71f CMakeFiles/Demo3_1TaskISR.elf.dir/Drivers/STM32F1xx_HAL_Driver/Src/stm32f1xx_hal_cortex.c.obj
 .debug_loc     0x00002009      0x47d CMakeFiles/Demo3_1TaskISR.elf.dir/Drivers/STM32F1xx_HAL_Driver/Src/stm32f1xx_hal_gpio.c.obj
 .debug_loc     0x00002486      0x142 CMakeFiles/Demo3_1TaskISR.elf.dir/Drivers/STM32F1xx_HAL_Driver/Src/stm32f1xx_hal_pwr.c.obj
 .debug_loc     0x000025c8      0x63e CMakeFiles/Demo3_1TaskISR.elf.dir/Drivers/STM32F1xx_HAL_Driver/Src/stm32f1xx_hal_rcc.c.obj
 .debug_loc     0x00002c06      0x42a CMakeFiles/Demo3_1TaskISR.elf.dir/Drivers/STM32F1xx_HAL_Driver/Src/stm32f1xx_hal_rcc_ex.c.obj
 .debug_loc     0x00003030     0x179c CMakeFiles/Demo3_1TaskISR.elf.dir/Drivers/STM32F1xx_HAL_Driver/Src/stm32f1xx_hal_rtc.c.obj
 .debug_loc     0x000047cc     0x474c CMakeFiles/Demo3_1TaskISR.elf.dir/Drivers/STM32F1xx_HAL_Driver/Src/stm32f1xx_hal_tim.c.obj
 .debug_loc     0x00008f18     0x1b12 CMakeFiles/Demo3_1TaskISR.elf.dir/Drivers/STM32F1xx_HAL_Driver/Src/stm32f1xx_hal_tim_ex.c.obj
 .debug_loc     0x0000aa2a     0x579d CMakeFiles/Demo3_1TaskISR.elf.dir/Middlewares/Third_Party/FreeRTOS/Source/CMSIS_RTOS_V2/cmsis_os2.c.obj
 .debug_loc     0x000101c7       0xad CMakeFiles/Demo3_1TaskISR.elf.dir/Middlewares/Third_Party/FreeRTOS/Source/list.c.obj
 .debug_loc     0x00010274       0xe8 CMakeFiles/Demo3_1TaskISR.elf.dir/Middlewares/Third_Party/FreeRTOS/Source/portable/GCC/ARM_CM3/port.c.obj
 .debug_loc     0x0001035c      0x331 CMakeFiles/Demo3_1TaskISR.elf.dir/Middlewares/Third_Party/FreeRTOS/Source/portable/MemMang/heap_4.c.obj
 .debug_loc     0x0001068d     0x19de CMakeFiles/Demo3_1TaskISR.elf.dir/Middlewares/Third_Party/FreeRTOS/Source/queue.c.obj
 .debug_loc     0x0001206b     0x24bc CMakeFiles/Demo3_1TaskISR.elf.dir/Middlewares/Third_Party/FreeRTOS/Source/tasks.c.obj
 .debug_loc     0x00014527      0xf8e CMakeFiles/Demo3_1TaskISR.elf.dir/Middlewares/Third_Party/FreeRTOS/Source/timers.c.obj

.debug_aranges  0x00000000     0x1380
 .debug_aranges
                0x00000000       0x28 CMakeFiles/Demo3_1TaskISR.elf.dir/Core/Src/freertos.c.obj
 .debug_aranges
                0x00000028       0x20 CMakeFiles/Demo3_1TaskISR.elf.dir/Core/Src/gpio.c.obj
 .debug_aranges
                0x00000048      0x110 CMakeFiles/Demo3_1TaskISR.elf.dir/Core/Src/lcd.c.obj
 .debug_aranges
                0x00000158       0x38 CMakeFiles/Demo3_1TaskISR.elf.dir/Core/Src/main.c.obj
 .debug_aranges
                0x00000190       0x38 CMakeFiles/Demo3_1TaskISR.elf.dir/Core/Src/rtc.c.obj
 .debug_aranges
                0x000001c8       0x20 CMakeFiles/Demo3_1TaskISR.elf.dir/Core/Src/stm32f1xx_hal_msp.c.obj
 .debug_aranges
                0x000001e8       0x30 CMakeFiles/Demo3_1TaskISR.elf.dir/Core/Src/stm32f1xx_hal_timebase_tim.c.obj
 .debug_aranges
                0x00000218       0x58 CMakeFiles/Demo3_1TaskISR.elf.dir/Core/Src/stm32f1xx_it.c.obj
 .debug_aranges
                0x00000270       0x28 CMakeFiles/Demo3_1TaskISR.elf.dir/Core/Src/system_stm32f1xx.c.obj
 .debug_aranges
                0x00000298       0xe0 CMakeFiles/Demo3_1TaskISR.elf.dir/Drivers/STM32F1xx_HAL_Driver/Src/stm32f1xx_hal.c.obj
 .debug_aranges
                0x00000378       0x90 CMakeFiles/Demo3_1TaskISR.elf.dir/Drivers/STM32F1xx_HAL_Driver/Src/stm32f1xx_hal_cortex.c.obj
 .debug_aranges
                0x00000408       0x58 CMakeFiles/Demo3_1TaskISR.elf.dir/Drivers/STM32F1xx_HAL_Driver/Src/stm32f1xx_hal_gpio.c.obj
 .debug_aranges
                0x00000460       0xa8 CMakeFiles/Demo3_1TaskISR.elf.dir/Drivers/STM32F1xx_HAL_Driver/Src/stm32f1xx_hal_pwr.c.obj
 .debug_aranges
                0x00000508       0x90 CMakeFiles/Demo3_1TaskISR.elf.dir/Drivers/STM32F1xx_HAL_Driver/Src/stm32f1xx_hal_rcc.c.obj
 .debug_aranges
                0x00000598       0x30 CMakeFiles/Demo3_1TaskISR.elf.dir/Drivers/STM32F1xx_HAL_Driver/Src/stm32f1xx_hal_rcc_ex.c.obj
 .debug_aranges
                0x000005c8       0xf8 CMakeFiles/Demo3_1TaskISR.elf.dir/Drivers/STM32F1xx_HAL_Driver/Src/stm32f1xx_hal_rtc.c.obj
 .debug_aranges
                0x000006c0      0x3d0 CMakeFiles/Demo3_1TaskISR.elf.dir/Drivers/STM32F1xx_HAL_Driver/Src/stm32f1xx_hal_tim.c.obj
 .debug_aranges
                0x00000a90      0x168 CMakeFiles/Demo3_1TaskISR.elf.dir/Drivers/STM32F1xx_HAL_Driver/Src/stm32f1xx_hal_tim_ex.c.obj
 .debug_aranges
                0x00000bf8      0x228 CMakeFiles/Demo3_1TaskISR.elf.dir/Middlewares/Third_Party/FreeRTOS/Source/CMSIS_RTOS_V2/cmsis_os2.c.obj
 .debug_aranges
                0x00000e20       0x40 CMakeFiles/Demo3_1TaskISR.elf.dir/Middlewares/Third_Party/FreeRTOS/Source/list.c.obj
 .debug_aranges
                0x00000e60       0x78 CMakeFiles/Demo3_1TaskISR.elf.dir/Middlewares/Third_Party/FreeRTOS/Source/portable/GCC/ARM_CM3/port.c.obj
 .debug_aranges
                0x00000ed8       0x50 CMakeFiles/Demo3_1TaskISR.elf.dir/Middlewares/Third_Party/FreeRTOS/Source/portable/MemMang/heap_4.c.obj
 .debug_aranges
                0x00000f28      0x158 CMakeFiles/Demo3_1TaskISR.elf.dir/Middlewares/Third_Party/FreeRTOS/Source/queue.c.obj
 .debug_aranges
                0x00001080      0x1f8 CMakeFiles/Demo3_1TaskISR.elf.dir/Middlewares/Third_Party/FreeRTOS/Source/tasks.c.obj
 .debug_aranges
                0x00001278       0xe0 CMakeFiles/Demo3_1TaskISR.elf.dir/Middlewares/Third_Party/FreeRTOS/Source/timers.c.obj
 .debug_aranges
                0x00001358       0x28 CMakeFiles/Demo3_1TaskISR.elf.dir/startup/startup_stm32f103xe.s.obj

.debug_ranges   0x00000000     0x1488
 .debug_ranges  0x00000000       0x18 CMakeFiles/Demo3_1TaskISR.elf.dir/Core/Src/freertos.c.obj
 .debug_ranges  0x00000018       0x10 CMakeFiles/Demo3_1TaskISR.elf.dir/Core/Src/gpio.c.obj
 .debug_ranges  0x00000028      0x100 CMakeFiles/Demo3_1TaskISR.elf.dir/Core/Src/lcd.c.obj
 .debug_ranges  0x00000128       0x28 CMakeFiles/Demo3_1TaskISR.elf.dir/Core/Src/main.c.obj
 .debug_ranges  0x00000150       0x28 CMakeFiles/Demo3_1TaskISR.elf.dir/Core/Src/rtc.c.obj
 .debug_ranges  0x00000178       0x10 CMakeFiles/Demo3_1TaskISR.elf.dir/Core/Src/stm32f1xx_hal_msp.c.obj
 .debug_ranges  0x00000188       0x20 CMakeFiles/Demo3_1TaskISR.elf.dir/Core/Src/stm32f1xx_hal_timebase_tim.c.obj
 .debug_ranges  0x000001a8       0x48 CMakeFiles/Demo3_1TaskISR.elf.dir/Core/Src/stm32f1xx_it.c.obj
 .debug_ranges  0x000001f0       0x18 CMakeFiles/Demo3_1TaskISR.elf.dir/Core/Src/system_stm32f1xx.c.obj
 .debug_ranges  0x00000208       0xd0 CMakeFiles/Demo3_1TaskISR.elf.dir/Drivers/STM32F1xx_HAL_Driver/Src/stm32f1xx_hal.c.obj
 .debug_ranges  0x000002d8       0xe0 CMakeFiles/Demo3_1TaskISR.elf.dir/Drivers/STM32F1xx_HAL_Driver/Src/stm32f1xx_hal_cortex.c.obj
 .debug_ranges  0x000003b8       0x48 CMakeFiles/Demo3_1TaskISR.elf.dir/Drivers/STM32F1xx_HAL_Driver/Src/stm32f1xx_hal_gpio.c.obj
 .debug_ranges  0x00000400       0x98 CMakeFiles/Demo3_1TaskISR.elf.dir/Drivers/STM32F1xx_HAL_Driver/Src/stm32f1xx_hal_pwr.c.obj
 .debug_ranges  0x00000498       0xa0 CMakeFiles/Demo3_1TaskISR.elf.dir/Drivers/STM32F1xx_HAL_Driver/Src/stm32f1xx_hal_rcc.c.obj
 .debug_ranges  0x00000538       0x38 CMakeFiles/Demo3_1TaskISR.elf.dir/Drivers/STM32F1xx_HAL_Driver/Src/stm32f1xx_hal_rcc_ex.c.obj
 .debug_ranges  0x00000570       0xe8 CMakeFiles/Demo3_1TaskISR.elf.dir/Drivers/STM32F1xx_HAL_Driver/Src/stm32f1xx_hal_rtc.c.obj
 .debug_ranges  0x00000658      0x3c0 CMakeFiles/Demo3_1TaskISR.elf.dir/Drivers/STM32F1xx_HAL_Driver/Src/stm32f1xx_hal_tim.c.obj
 .debug_ranges  0x00000a18      0x158 CMakeFiles/Demo3_1TaskISR.elf.dir/Drivers/STM32F1xx_HAL_Driver/Src/stm32f1xx_hal_tim_ex.c.obj
 .debug_ranges  0x00000b70      0x218 CMakeFiles/Demo3_1TaskISR.elf.dir/Middlewares/Third_Party/FreeRTOS/Source/CMSIS_RTOS_V2/cmsis_os2.c.obj
 .debug_ranges  0x00000d88       0x30 CMakeFiles/Demo3_1TaskISR.elf.dir/Middlewares/Third_Party/FreeRTOS/Source/list.c.obj
 .debug_ranges  0x00000db8       0x68 CMakeFiles/Demo3_1TaskISR.elf.dir/Middlewares/Third_Party/FreeRTOS/Source/portable/GCC/ARM_CM3/port.c.obj
 .debug_ranges  0x00000e20       0x40 CMakeFiles/Demo3_1TaskISR.elf.dir/Middlewares/Third_Party/FreeRTOS/Source/portable/MemMang/heap_4.c.obj
 .debug_ranges  0x00000e60      0x218 CMakeFiles/Demo3_1TaskISR.elf.dir/Middlewares/Third_Party/FreeRTOS/Source/queue.c.obj
 .debug_ranges  0x00001078      0x320 CMakeFiles/Demo3_1TaskISR.elf.dir/Middlewares/Third_Party/FreeRTOS/Source/tasks.c.obj
 .debug_ranges  0x00001398       0xd0 CMakeFiles/Demo3_1TaskISR.elf.dir/Middlewares/Third_Party/FreeRTOS/Source/timers.c.obj
 .debug_ranges  0x00001468       0x20 CMakeFiles/Demo3_1TaskISR.elf.dir/startup/startup_stm32f103xe.s.obj

.debug_line     0x00000000    0x177e4
 .debug_line    0x00000000      0x3a0 CMakeFiles/Demo3_1TaskISR.elf.dir/Core/Src/freertos.c.obj
 .debug_line    0x000003a0      0x27d CMakeFiles/Demo3_1TaskISR.elf.dir/Core/Src/gpio.c.obj
 .debug_line    0x0000061d     0x1e07 CMakeFiles/Demo3_1TaskISR.elf.dir/Core/Src/lcd.c.obj
 .debug_line    0x00002424      0x530 CMakeFiles/Demo3_1TaskISR.elf.dir/Core/Src/main.c.obj
 .debug_line    0x00002954      0x402 CMakeFiles/Demo3_1TaskISR.elf.dir/Core/Src/rtc.c.obj
 .debug_line    0x00002d56      0x263 CMakeFiles/Demo3_1TaskISR.elf.dir/Core/Src/stm32f1xx_hal_msp.c.obj
 .debug_line    0x00002fb9      0x34c CMakeFiles/Demo3_1TaskISR.elf.dir/Core/Src/stm32f1xx_hal_timebase_tim.c.obj
 .debug_line    0x00003305      0x38c CMakeFiles/Demo3_1TaskISR.elf.dir/Core/Src/stm32f1xx_it.c.obj
 .debug_line    0x00003691      0x2bc CMakeFiles/Demo3_1TaskISR.elf.dir/Core/Src/system_stm32f1xx.c.obj
 .debug_line    0x0000394d      0x60e CMakeFiles/Demo3_1TaskISR.elf.dir/Drivers/STM32F1xx_HAL_Driver/Src/stm32f1xx_hal.c.obj
 .debug_line    0x00003f5b      0x6e4 CMakeFiles/Demo3_1TaskISR.elf.dir/Drivers/STM32F1xx_HAL_Driver/Src/stm32f1xx_hal_cortex.c.obj
 .debug_line    0x0000463f      0x6a2 CMakeFiles/Demo3_1TaskISR.elf.dir/Drivers/STM32F1xx_HAL_Driver/Src/stm32f1xx_hal_gpio.c.obj
 .debug_line    0x00004ce1      0x540 CMakeFiles/Demo3_1TaskISR.elf.dir/Drivers/STM32F1xx_HAL_Driver/Src/stm32f1xx_hal_pwr.c.obj
 .debug_line    0x00005221      0xcd7 CMakeFiles/Demo3_1TaskISR.elf.dir/Drivers/STM32F1xx_HAL_Driver/Src/stm32f1xx_hal_rcc.c.obj
 .debug_line    0x00005ef8      0x57f CMakeFiles/Demo3_1TaskISR.elf.dir/Drivers/STM32F1xx_HAL_Driver/Src/stm32f1xx_hal_rcc_ex.c.obj
 .debug_line    0x00006477     0x1204 CMakeFiles/Demo3_1TaskISR.elf.dir/Drivers/STM32F1xx_HAL_Driver/Src/stm32f1xx_hal_rtc.c.obj
 .debug_line    0x0000767b     0x47e8 CMakeFiles/Demo3_1TaskISR.elf.dir/Drivers/STM32F1xx_HAL_Driver/Src/stm32f1xx_hal_tim.c.obj
 .debug_line    0x0000be63     0x1c71 CMakeFiles/Demo3_1TaskISR.elf.dir/Drivers/STM32F1xx_HAL_Driver/Src/stm32f1xx_hal_tim_ex.c.obj
 .debug_line    0x0000dad4     0x2e06 CMakeFiles/Demo3_1TaskISR.elf.dir/Middlewares/Third_Party/FreeRTOS/Source/CMSIS_RTOS_V2/cmsis_os2.c.obj
 .debug_line    0x000108da      0x41f CMakeFiles/Demo3_1TaskISR.elf.dir/Middlewares/Third_Party/FreeRTOS/Source/list.c.obj
 .debug_line    0x00010cf9      0x6d0 CMakeFiles/Demo3_1TaskISR.elf.dir/Middlewares/Third_Party/FreeRTOS/Source/portable/GCC/ARM_CM3/port.c.obj
 .debug_line    0x000113c9      0x72f CMakeFiles/Demo3_1TaskISR.elf.dir/Middlewares/Third_Party/FreeRTOS/Source/portable/MemMang/heap_4.c.obj
 .debug_line    0x00011af8     0x20d3 CMakeFiles/Demo3_1TaskISR.elf.dir/Middlewares/Third_Party/FreeRTOS/Source/queue.c.obj
 .debug_line    0x00013bcb     0x2cc0 CMakeFiles/Demo3_1TaskISR.elf.dir/Middlewares/Third_Party/FreeRTOS/Source/tasks.c.obj
 .debug_line    0x0001688b      0xea7 CMakeFiles/Demo3_1TaskISR.elf.dir/Middlewares/Third_Party/FreeRTOS/Source/timers.c.obj
 .debug_line    0x00017732       0xb2 CMakeFiles/Demo3_1TaskISR.elf.dir/startup/startup_stm32f103xe.s.obj

.debug_str      0x00000000     0x6d3d
 .debug_str     0x00000000      0x825 CMakeFiles/Demo3_1TaskISR.elf.dir/Core/Src/freertos.c.obj
                                0x899 (size before relaxing)
 .debug_str     0x00000825      0x122 CMakeFiles/Demo3_1TaskISR.elf.dir/Core/Src/gpio.c.obj
                                0x2df (size before relaxing)
 .debug_str     0x00000947      0x354 CMakeFiles/Demo3_1TaskISR.elf.dir/Core/Src/lcd.c.obj
                                0x5e7 (size before relaxing)
 .debug_str     0x00000c9b      0x720 CMakeFiles/Demo3_1TaskISR.elf.dir/Core/Src/main.c.obj
                                0x9c6 (size before relaxing)
 .debug_str     0x000013bb      0x4e2 CMakeFiles/Demo3_1TaskISR.elf.dir/Core/Src/rtc.c.obj
                                0x8d2 (size before relaxing)
 .debug_str     0x0000189d       0x5e CMakeFiles/Demo3_1TaskISR.elf.dir/Core/Src/stm32f1xx_hal_msp.c.obj
                                0x64f (size before relaxing)
 .debug_str     0x000018fb      0x130 CMakeFiles/Demo3_1TaskISR.elf.dir/Core/Src/stm32f1xx_hal_timebase_tim.c.obj
                                0xc36 (size before relaxing)
 .debug_str     0x00001a2b      0x119 CMakeFiles/Demo3_1TaskISR.elf.dir/Core/Src/stm32f1xx_it.c.obj
                                0x8b1 (size before relaxing)
 .debug_str     0x00001b44       0xb0 CMakeFiles/Demo3_1TaskISR.elf.dir/Core/Src/system_stm32f1xx.c.obj
                                0x2b6 (size before relaxing)
 .debug_str     0x00001bf4      0x2eb CMakeFiles/Demo3_1TaskISR.elf.dir/Drivers/STM32F1xx_HAL_Driver/Src/stm32f1xx_hal.c.obj
                                0x96a (size before relaxing)
 .debug_str     0x00001edf      0x3c7 CMakeFiles/Demo3_1TaskISR.elf.dir/Drivers/STM32F1xx_HAL_Driver/Src/stm32f1xx_hal_cortex.c.obj
                                0xa19 (size before relaxing)
 .debug_str     0x000022a6      0x157 CMakeFiles/Demo3_1TaskISR.elf.dir/Drivers/STM32F1xx_HAL_Driver/Src/stm32f1xx_hal_gpio.c.obj
                                0x462 (size before relaxing)
 .debug_str     0x000023fd      0x242 CMakeFiles/Demo3_1TaskISR.elf.dir/Drivers/STM32F1xx_HAL_Driver/Src/stm32f1xx_hal_pwr.c.obj
                                0x4fd (size before relaxing)
 .debug_str     0x0000263f      0x1ac CMakeFiles/Demo3_1TaskISR.elf.dir/Drivers/STM32F1xx_HAL_Driver/Src/stm32f1xx_hal_rcc.c.obj
                                0x68d (size before relaxing)
 .debug_str     0x000027eb       0xd1 CMakeFiles/Demo3_1TaskISR.elf.dir/Drivers/STM32F1xx_HAL_Driver/Src/stm32f1xx_hal_rcc_ex.c.obj
                                0x473 (size before relaxing)
 .debug_str     0x000028bc      0x34a CMakeFiles/Demo3_1TaskISR.elf.dir/Drivers/STM32F1xx_HAL_Driver/Src/stm32f1xx_hal_rtc.c.obj
                                0x81c (size before relaxing)
 .debug_str     0x00002c06      0xf06 CMakeFiles/Demo3_1TaskISR.elf.dir/Drivers/STM32F1xx_HAL_Driver/Src/stm32f1xx_hal_tim.c.obj
                               0x169a (size before relaxing)
 .debug_str     0x00003b0c      0x5c6 CMakeFiles/Demo3_1TaskISR.elf.dir/Drivers/STM32F1xx_HAL_Driver/Src/stm32f1xx_hal_tim_ex.c.obj
                                0xe9b (size before relaxing)
 .debug_str     0x000040d2     0x1236 CMakeFiles/Demo3_1TaskISR.elf.dir/Middlewares/Third_Party/FreeRTOS/Source/CMSIS_RTOS_V2/cmsis_os2.c.obj
                               0x194d (size before relaxing)
 .debug_str     0x00005308      0x16b CMakeFiles/Demo3_1TaskISR.elf.dir/Middlewares/Third_Party/FreeRTOS/Source/list.c.obj
                                0x357 (size before relaxing)
 .debug_str     0x00005473      0x272 CMakeFiles/Demo3_1TaskISR.elf.dir/Middlewares/Third_Party/FreeRTOS/Source/portable/GCC/ARM_CM3/port.c.obj
                                0x4c3 (size before relaxing)
 .debug_str     0x000056e5      0x21a CMakeFiles/Demo3_1TaskISR.elf.dir/Middlewares/Third_Party/FreeRTOS/Source/portable/MemMang/heap_4.c.obj
                                0x440 (size before relaxing)
 .debug_str     0x000058ff      0x60d CMakeFiles/Demo3_1TaskISR.elf.dir/Middlewares/Third_Party/FreeRTOS/Source/queue.c.obj
                                0xcd5 (size before relaxing)
 .debug_str     0x00005f0c      0x8c0 CMakeFiles/Demo3_1TaskISR.elf.dir/Middlewares/Third_Party/FreeRTOS/Source/tasks.c.obj
                               0x12d1 (size before relaxing)
 .debug_str     0x000067cc      0x510 CMakeFiles/Demo3_1TaskISR.elf.dir/Middlewares/Third_Party/FreeRTOS/Source/timers.c.obj
                                0xc48 (size before relaxing)
 .debug_str     0x00006cdc       0x61 CMakeFiles/Demo3_1TaskISR.elf.dir/startup/startup_stm32f103xe.s.obj
                                 0xa8 (size before relaxing)

.comment        0x00000000       0x49
 .comment       0x00000000       0x49 CMakeFiles/Demo3_1TaskISR.elf.dir/Core/Src/freertos.c.obj